Archive member included to satisfy reference by file (symbol)

/opt/st/stm32cubeide_1.5.1/plugins/com.st.stm32cube.ide.mcu.externaltools.gnu-tools-for-stm32.7-2018-q2-update.linux64_1.5.0.202011040924/tools/bin/../lib/gcc/arm-none-eabi/7.3.1/../../../../arm-none-eabi/lib/thumb/v7e-m/fpv4-sp/hard/libc_nano.a(lib_a-errno.o)
                              Core/Src/syscalls.o (__errno)
/opt/st/stm32cubeide_1.5.1/plugins/com.st.stm32cube.ide.mcu.externaltools.gnu-tools-for-stm32.7-2018-q2-update.linux64_1.5.0.202011040924/tools/bin/../lib/gcc/arm-none-eabi/7.3.1/../../../../arm-none-eabi/lib/thumb/v7e-m/fpv4-sp/hard/libc_nano.a(lib_a-exit.o)
                              /opt/st/stm32cubeide_1.5.1/plugins/com.st.stm32cube.ide.mcu.externaltools.gnu-tools-for-stm32.7-2018-q2-update.linux64_1.5.0.202011040924/tools/bin/../lib/gcc/arm-none-eabi/7.3.1/../../../../arm-none-eabi/lib/thumb/v7e-m/fpv4-sp/hard/crt0.o (exit)
/opt/st/stm32cubeide_1.5.1/plugins/com.st.stm32cube.ide.mcu.externaltools.gnu-tools-for-stm32.7-2018-q2-update.linux64_1.5.0.202011040924/tools/bin/../lib/gcc/arm-none-eabi/7.3.1/../../../../arm-none-eabi/lib/thumb/v7e-m/fpv4-sp/hard/libc_nano.a(lib_a-impure.o)
                              /opt/st/stm32cubeide_1.5.1/plugins/com.st.stm32cube.ide.mcu.externaltools.gnu-tools-for-stm32.7-2018-q2-update.linux64_1.5.0.202011040924/tools/bin/../lib/gcc/arm-none-eabi/7.3.1/../../../../arm-none-eabi/lib/thumb/v7e-m/fpv4-sp/hard/libc_nano.a(lib_a-exit.o) (_global_impure_ptr)
/opt/st/stm32cubeide_1.5.1/plugins/com.st.stm32cube.ide.mcu.externaltools.gnu-tools-for-stm32.7-2018-q2-update.linux64_1.5.0.202011040924/tools/bin/../lib/gcc/arm-none-eabi/7.3.1/../../../../arm-none-eabi/lib/thumb/v7e-m/fpv4-sp/hard/libc_nano.a(lib_a-init.o)
                              /opt/st/stm32cubeide_1.5.1/plugins/com.st.stm32cube.ide.mcu.externaltools.gnu-tools-for-stm32.7-2018-q2-update.linux64_1.5.0.202011040924/tools/bin/../lib/gcc/arm-none-eabi/7.3.1/../../../../arm-none-eabi/lib/thumb/v7e-m/fpv4-sp/hard/crt0.o (__libc_init_array)
/opt/st/stm32cubeide_1.5.1/plugins/com.st.stm32cube.ide.mcu.externaltools.gnu-tools-for-stm32.7-2018-q2-update.linux64_1.5.0.202011040924/tools/bin/../lib/gcc/arm-none-eabi/7.3.1/../../../../arm-none-eabi/lib/thumb/v7e-m/fpv4-sp/hard/libc_nano.a(lib_a-memcmp.o)
                              Core/Src/fops.o (memcmp)
/opt/st/stm32cubeide_1.5.1/plugins/com.st.stm32cube.ide.mcu.externaltools.gnu-tools-for-stm32.7-2018-q2-update.linux64_1.5.0.202011040924/tools/bin/../lib/gcc/arm-none-eabi/7.3.1/../../../../arm-none-eabi/lib/thumb/v7e-m/fpv4-sp/hard/libc_nano.a(lib_a-memcpy-stub.o)
                              FreeRTOS/queue.o (memcpy)
/opt/st/stm32cubeide_1.5.1/plugins/com.st.stm32cube.ide.mcu.externaltools.gnu-tools-for-stm32.7-2018-q2-update.linux64_1.5.0.202011040924/tools/bin/../lib/gcc/arm-none-eabi/7.3.1/../../../../arm-none-eabi/lib/thumb/v7e-m/fpv4-sp/hard/libc_nano.a(lib_a-memset.o)
                              /opt/st/stm32cubeide_1.5.1/plugins/com.st.stm32cube.ide.mcu.externaltools.gnu-tools-for-stm32.7-2018-q2-update.linux64_1.5.0.202011040924/tools/bin/../lib/gcc/arm-none-eabi/7.3.1/../../../../arm-none-eabi/lib/thumb/v7e-m/fpv4-sp/hard/crt0.o (memset)
/opt/st/stm32cubeide_1.5.1/plugins/com.st.stm32cube.ide.mcu.externaltools.gnu-tools-for-stm32.7-2018-q2-update.linux64_1.5.0.202011040924/tools/bin/../lib/gcc/arm-none-eabi/7.3.1/../../../../arm-none-eabi/lib/thumb/v7e-m/fpv4-sp/hard/libc_nano.a(lib_a-printf.o)
                              Core/Src/fatfs.o (printf)
/opt/st/stm32cubeide_1.5.1/plugins/com.st.stm32cube.ide.mcu.externaltools.gnu-tools-for-stm32.7-2018-q2-update.linux64_1.5.0.202011040924/tools/bin/../lib/gcc/arm-none-eabi/7.3.1/../../../../arm-none-eabi/lib/thumb/v7e-m/fpv4-sp/hard/libc_nano.a(lib_a-puts.o)
                              Core/Src/main.o (puts)
/opt/st/stm32cubeide_1.5.1/plugins/com.st.stm32cube.ide.mcu.externaltools.gnu-tools-for-stm32.7-2018-q2-update.linux64_1.5.0.202011040924/tools/bin/../lib/gcc/arm-none-eabi/7.3.1/../../../../arm-none-eabi/lib/thumb/v7e-m/fpv4-sp/hard/libc_nano.a(lib_a-strncpy.o)
                              Core/Src/File_Handling.o (strncpy)
/opt/st/stm32cubeide_1.5.1/plugins/com.st.stm32cube.ide.mcu.externaltools.gnu-tools-for-stm32.7-2018-q2-update.linux64_1.5.0.202011040924/tools/bin/../lib/gcc/arm-none-eabi/7.3.1/../../../../arm-none-eabi/lib/thumb/v7e-m/fpv4-sp/hard/libc_nano.a(lib_a-strstr.o)
                              Core/Src/File_Handling.o (strstr)
/opt/st/stm32cubeide_1.5.1/plugins/com.st.stm32cube.ide.mcu.externaltools.gnu-tools-for-stm32.7-2018-q2-update.linux64_1.5.0.202011040924/tools/bin/../lib/gcc/arm-none-eabi/7.3.1/../../../../arm-none-eabi/lib/thumb/v7e-m/fpv4-sp/hard/libc_nano.a(lib_a-wbuf.o)
[...]
Memory Configuration

Name             Origin             Length             Attributes
CCMRAM           0x0000000010000000 0x0000000000010000 xrw
RAM              0x0000000020000000 0x0000000000020000 xrw
FLASH            0x0000000008000000 0x0000000000100000 xr
*default*        0x0000000000000000 0xffffffffffffffff

Linker script and memory map

LOAD /opt/st/stm32cubeide_1.5.1/plugins/com.st.stm32cube.ide.mcu.externaltools.gnu-tools-for-stm32.7-2018-q2-update.linux64_1.5.0.202011040924/tools/bin/../lib/gcc/arm-none-eabi/7.3.1/thumb/v7e-m/fpv4-sp/hard/crti.o
LOAD /opt/st/stm32cubeide_1.5.1/plugins/com.st.stm32cube.ide.mcu.externaltools.gnu-tools-for-stm32.7-2018-q2-update.linux64_1.5.0.202011040924/tools/bin/../lib/gcc/arm-none-eabi/7.3.1/thumb/v7e-m/fpv4-sp/hard/crtbegin.o
LOAD /opt/st/stm32cubeide_1.5.1/plugins/com.st.stm32cube.ide.mcu.externaltools.gnu-tools-for-stm32.7-2018-q2-update.linux64_1.5.0.202011040924/tools/bin/../lib/gcc/arm-none-eabi/7.3.1/../../../../arm-none-eabi/lib/thumb/v7e-m/fpv4-sp/hard/crt0.o
LOAD Core/Src/AUDIO.o
LOAD Core/Src/AUDIO_LINK.o
LOAD Core/Src/File_Handling.o
LOAD Core/Src/cs43l22.o
LOAD Core/Src/diskio.o
LOAD Core/Src/fatfs.o
LOAD Core/Src/ff.o
LOAD Core/Src/ff_gen_drv.o
LOAD Core/Src/fops.o
LOAD Core/Src/main.o
LOAD Core/Src/mmc_sd.o
LOAD Core/Src/stm32f4xx_hal_msp.o
LOAD Core/Src/stm32f4xx_hal_timebase_tim.o
LOAD Core/Src/stm32f4xx_it.o
LOAD Core/Src/syscalls.o
LOAD Core/Src/sysmem.o
LOAD Core/Src/system_stm32f4xx.o
LOAD Core/Src/user_diskio.o
LOAD Core/Src/waveplayer.o
LOAD Core/Startup/startup_stm32f407vgtx.o
LOAD Drivers/STM32F4xx_HAL_Driver/Src/stm32f4xx_hal.o
LOAD Drivers/STM32F4xx_HAL_Driver/Src/stm32f4xx_hal_cortex.o
LOAD Drivers/STM32F4xx_HAL_Driver/Src/stm32f4xx_hal_dma.o
LOAD Drivers/STM32F4xx_HAL_Driver/Src/stm32f4xx_hal_dma_ex.o
LOAD Drivers/STM32F4xx_HAL_Driver/Src/stm32f4xx_hal_exti.o
LOAD Drivers/STM32F4xx_HAL_Driver/Src/stm32f4xx_hal_flash.o
LOAD Drivers/STM32F4xx_HAL_Driver/Src/stm32f4xx_hal_flash_ex.o
LOAD Drivers/STM32F4xx_HAL_Driver/Src/stm32f4xx_hal_flash_ramfunc.o
LOAD Drivers/STM32F4xx_HAL_Driver/Src/stm32f4xx_hal_gpio.o
LOAD Drivers/STM32F4xx_HAL_Driver/Src/stm32f4xx_hal_i2c.o
LOAD Drivers/STM32F4xx_HAL_Driver/Src/stm32f4xx_hal_i2c_ex.o
LOAD Drivers/STM32F4xx_HAL_Driver/Src/stm32f4xx_hal_i2s.o
LOAD Drivers/STM32F4xx_HAL_Driver/Src/stm32f4xx_hal_i2s_ex.o
LOAD Drivers/STM32F4xx_HAL_Driver/Src/stm32f4xx_hal_pwr.o
LOAD Drivers/STM32F4xx_HAL_Driver/Src/stm32f4xx_hal_pwr_ex.o
LOAD Drivers/STM32F4xx_HAL_Driver/Src/stm32f4xx_hal_rcc.o
LOAD Drivers/STM32F4xx_HAL_Driver/Src/stm32f4xx_hal_rcc_ex.o
LOAD Drivers/STM32F4xx_HAL_Driver/Src/stm32f4xx_hal_spi.o
LOAD Drivers/STM32F4xx_HAL_Driver/Src/stm32f4xx_hal_tim.o
LOAD Drivers/STM32F4xx_HAL_Driver/Src/stm32f4xx_hal_tim_ex.o
LOAD Drivers/STM32F4xx_HAL_Driver/Src/stm32f4xx_hal_uart.o
LOAD FreeRTOS/MemMang/heap_4.o
LOAD FreeRTOS/croutine.o
LOAD FreeRTOS/event_groups.o
LOAD FreeRTOS/list.o
LOAD FreeRTOS/queue.o
LOAD FreeRTOS/stream_buffer.o
LOAD FreeRTOS/tasks.o
LOAD FreeRTOS/timers.o
LOAD FreeRTOS/portable/ARM_CM4F/port.o
START GROUP
LOAD /opt/st/stm32cubeide_1.5.1/plugins/com.st.stm32cube.ide.mcu.externaltools.gnu-tools-for-stm32.7-2018-q2-update.linux64_1.5.0.202011040924/tools/bin/../lib/gcc/arm-none-eabi/7.3.1/../../../../arm-none-eabi/lib/thumb/v7e-m/fpv4-sp/hard/libc_nano.a
LOAD /opt/st/stm32cubeide_1.5.1/plugins/com.st.stm32cube.ide.mcu.externaltools.gnu-tools-for-stm32.7-2018-q2-update.linux64_1.5.0.202011040924/tools/bin/../lib/gcc/arm-none-eabi/7.3.1/../../../../arm-none-eabi/lib/thumb/v7e-m/fpv4-sp/hard/libm.a
END GROUP
START GROUP
LOAD /opt/st/stm32cubeide_1.5.1/plugins/com.st.stm32cube.ide.mcu.externaltools.gnu-tools-for-stm32.7-2018-q2-update.linux64_1.5.0.202011040924/tools/bin/../lib/gcc/arm-none-eabi/7.3.1/thumb/v7e-m/fpv4-sp/hard/libgcc.a
LOAD /opt/st/stm32cubeide_1.5.1/plugins/com.st.stm32cube.ide.mcu.externaltools.gnu-tools-for-stm32.7-2018-q2-update.linux64_1.5.0.202011040924/tools/bin/../lib/gcc/arm-none-eabi/7.3.1/../../../../arm-none-eabi/lib/thumb/v7e-m/fpv4-sp/hard/libc_nano.a
END GROUP
START GROUP
LOAD /opt/st/stm32cubeide_1.5.1/plugins/com.st.stm32cube.ide.mcu.externaltools.gnu-tools-for-stm32.7-2018-q2-update.linux64_1.5.0.202011040924/tools/bin/../lib/gcc/arm-none-eabi/7.3.1/thumb/v7e-m/fpv4-sp/hard/libgcc.a
LOAD /opt/st/stm32cubeide_1.5.1/plugins/com.st.stm32cube.ide.mcu.externaltools.gnu-tools-for-stm32.7-2018-q2-update.linux64_1.5.0.202011040924/tools/bin/../lib/gcc/arm-none-eabi/7.3.1/../../../../arm-none-eabi/lib/thumb/v7e-m/fpv4-sp/hard/libc_nano.a
LOAD /opt/st/stm32cubeide_1.5.1/plugins/com.st.stm32cube.ide.mcu.externaltools.gnu-tools-for-stm32.7-2018-q2-update.linux64_1.5.0.202011040924/tools/bin/../lib/gcc/arm-none-eabi/7.3.1/../../../../arm-none-eabi/lib/thumb/v7e-m/fpv4-sp/hard/libnosys.a
END GROUP
START GROUP
LOAD /opt/st/stm32cubeide_1.5.1/plugins/com.st.stm32cube.ide.mcu.externaltools.gnu-tools-for-stm32.7-2018-q2-update.linux64_1.5.0.202011040924/tools/bin/../lib/gcc/arm-none-eabi/7.3.1/thumb/v7e-m/fpv4-sp/hard/libgcc.a
LOAD /opt/st/stm32cubeide_1.5.1/plugins/com.st.stm32cube.ide.mcu.externaltools.gnu-tools-for-stm32.7-2018-q2-update.linux64_1.5.0.202011040924/tools/bin/../lib/gcc/arm-none-eabi/7.3.1/../../../../arm-none-eabi/lib/thumb/v7e-m/fpv4-sp/hard/libc_nano.a
LOAD /opt/st/stm32cubeide_1.5.1/plugins/com.st.stm32cube.ide.mcu.externaltools.gnu-tools-for-stm32.7-2018-q2-update.linux64_1.5.0.202011040924/tools/bin/../lib/gcc/arm-none-eabi/7.3.1/../../../../arm-none-eabi/lib/thumb/v7e-m/fpv4-sp/hard/libnosys.a
END GROUP
LOAD /opt/st/stm32cubeide_1.5.1/plugins/com.st.stm32cube.ide.mcu.externaltools.gnu-tools-for-stm32.7-2018-q2-update.linux64_1.5.0.202011040924/tools/bin/../lib/gcc/arm-none-eabi/7.3.1/thumb/v7e-m/fpv4-sp/hard/crtend.o
LOAD /opt/st/stm32cubeide_1.5.1/plugins/com.st.stm32cube.ide.mcu.externaltools.gnu-tools-for-stm32.7-2018-q2-update.linux64_1.5.0.202011040924/tools/bin/../lib/gcc/arm-none-eabi/7.3.1/thumb/v7e-m/fpv4-sp/hard/crtn.o
                0x0000000020020000                _estack = (ORIGIN (RAM) + LENGTH (RAM))
                0x0000000000000200                _Min_Heap_Size = 0x200
                0x0000000000000400                _Min_Stack_Size = 0x400

.isr_vector     0x0000000008000000      0x188
                0x0000000008000000                . = ALIGN (0x4)
 *(.isr_vector)
 .isr_vector    0x0000000008000000      0x188 Core/Startup/startup_stm32f407vgtx.o
                0x0000000008000000                g_pfnVectors
                0x0000000008000188                . = ALIGN (0x4)

.text           0x0000000008000190     0xc1f0
                0x0000000008000190                . = ALIGN (0x4)
 *(.text)
 .text          0x0000000008000190       0x40 /opt/st/stm32cubeide_1.5.1/plugins/com.st.stm32cube.ide.mcu.externaltools.gnu-tools-for-stm32.7-2018-q2-update.linux64_1.5.0.202011040924/tools/bin/../lib/gcc/arm-none-eabi/7.3.1/thumb/v7e-m/fpv4-sp/hard/crtbegin.o
 .text          0x00000000080001d0       0xa0 /opt/st/stm32cubeide_1.5.1/plugins/com.st.stm32cube.ide.mcu.externaltools.gnu-tools-for-stm32.7-2018-q2-update.linux64_1.5.0.202011040924/tools/bin/../lib/gcc/arm-none-eabi/7.3.1/../../../../arm-none-eabi/lib/thumb/v7e-m/fpv4-sp/hard/libc_nano.a(lib_a-memchr.o)
                0x00000000080001d0                memchr
 .text          0x0000000008000270       0x30 /opt/st/stm32cubeide_1.5.1/plugins/com.st.stm32cube.ide.mcu.externaltools.gnu-tools-for-stm32.7-2018-q2-update.linux64_1.5.0.202011040924/tools/bin/../lib/gcc/arm-none-eabi/7.3.1/thumb/v7e-m/fpv4-sp/hard/libgcc.a(_aeabi_uldivmod.o)
                0x0000000008000270                __aeabi_uldivmod
 .text          0x00000000080002a0      0x2cc /opt/st/stm32cubeide_1.5.1/plugins/com.st.stm32cube.ide.mcu.externaltools.gnu-tools-for-stm32.7-2018-q2-update.linux64_1.5.0.202011040924/tools/bin/../lib/gcc/arm-none-eabi/7.3.1/thumb/v7e-m/fpv4-sp/hard/libgcc.a(_udivmoddi4.o)
                0x00000000080002a0                __udivmoddi4
 .text          0x000000000800056c        0x4 /opt/st/stm32cubeide_1.5.1/plugins/com.st.stm32cube.ide.mcu.externaltools.gnu-tools-for-stm32.7-2018-q2-update.linux64_1.5.0.202011040924/tools/bin/../lib/gcc/arm-none-eabi/7.3.1/thumb/v7e-m/fpv4-sp/hard/libgcc.a(_dvmd_tls.o)
                0x000000000800056c                __aeabi_ldiv0
                0x000000000800056c                __aeabi_idiv0
 *(.text*)
 .text.HAL_I2S_TxCpltCallback
                0x0000000008000570       0x24 Core/Src/AUDIO.o
                0x0000000008000570                HAL_I2S_TxCpltCallback
 .text.AUDIO_OUT_Error_CallBack
                0x0000000008000594        0xe Core/Src/AUDIO.o
                0x0000000008000594                AUDIO_OUT_Error_CallBack
 *fill*         0x00000000080005a2        0x2 
 .text.HAL_I2S_ErrorCallback
                0x00000000080005a4       0x24 Core/Src/AUDIO.o
                0x00000000080005a4                HAL_I2S_ErrorCallback
 .text.disk_status
                0x00000000080005c8       0x34 Core/Src/diskio.o
                0x00000000080005c8                disk_status
 .text.disk_initialize
                0x00000000080005fc       0x4c Core/Src/diskio.o
                0x00000000080005fc                disk_initialize
 .text.disk_read
                0x0000000008000648       0x40 Core/Src/diskio.o
                0x0000000008000648                disk_read
 .text.disk_write
                0x0000000008000688       0x40 Core/Src/diskio.o
                0x0000000008000688                disk_write
 .text.disk_ioctl
                0x00000000080006c8       0x3c Core/Src/diskio.o
                0x00000000080006c8                disk_ioctl
 .text.MX_FATFS_Init
                0x0000000008000704       0x48 Core/Src/fatfs.o
                0x0000000008000704                MX_FATFS_Init
 .text.ld_word  0x000000000800074c       0x30 Core/Src/ff.o
 .text.ld_dword
                0x000000000800077c       0x46 Core/Src/ff.o
 .text.st_word  0x00000000080007c2       0x36 Core/Src/ff.o
 .text.st_dword
                0x00000000080007f8       0x58 Core/Src/ff.o
 .text.mem_cpy  0x0000000008000850       0x42 Core/Src/ff.o
 .text.mem_set  0x0000000008000892       0x34 Core/Src/ff.o
 .text.mem_cmp  0x00000000080008c6       0x4e Core/Src/ff.o
 .text.chk_chr  0x0000000008000914       0x36 Core/Src/ff.o
 *fill*         0x000000000800094a        0x2 
 .text.chk_lock
                0x000000000800094c       0xb8 Core/Src/ff.o
 .text.enq_lock
                0x0000000008000a04       0x44 Core/Src/ff.o
 .text.inc_lock
                0x0000000008000a48      0x11c Core/Src/ff.o
 .text.dec_lock
                0x0000000008000b64       0x78 Core/Src/ff.o
 .text.clear_lock
                0x0000000008000bdc       0x48 Core/Src/ff.o
 .text.sync_window
                0x0000000008000c24       0x88 Core/Src/ff.o
 .text.move_window
                0x0000000008000cac       0x5a Core/Src/ff.o
 *fill*         0x0000000008000d06        0x2 
 .text.sync_fs  0x0000000008000d08       0xdc Core/Src/ff.o
 .text.clust2sect
                0x0000000008000de4       0x3e Core/Src/ff.o
 .text.get_fat  0x0000000008000e22      0x14a Core/Src/ff.o
 .text.put_fat  0x0000000008000f6c      0x1ce Core/Src/ff.o
 .text.remove_chain
                0x000000000800113a       0xca Core/Src/ff.o
 .text.create_chain
                0x0000000008001204      0x130 Core/Src/ff.o
 .text.clmt_clust
                0x0000000008001334       0x68 Core/Src/ff.o
 .text.dir_sdi  0x000000000800139c       0xf6 Core/Src/ff.o
 .text.dir_next
                0x0000000008001492      0x18a Core/Src/ff.o
 .text.dir_alloc
                0x000000000800161c       0x8e Core/Src/ff.o
 .text.ld_clust
                0x00000000080016aa       0x3e Core/Src/ff.o
 .text.st_clust
                0x00000000080016e8       0x40 Core/Src/ff.o
 .text.dir_find
                0x0000000008001728       0xaa Core/Src/ff.o
 .text.dir_register
                0x00000000080017d2       0x64 Core/Src/ff.o
 *fill*         0x0000000008001836        0x2 
 .text.create_name
                0x0000000008001838      0x128 Core/Src/ff.o
 .text.follow_path
                0x0000000008001960       0xe2 Core/Src/ff.o
 .text.get_ldnumber
                0x0000000008001a42       0x88 Core/Src/ff.o
 *fill*         0x0000000008001aca        0x2 
 .text.check_fs
                0x0000000008001acc       0xac Core/Src/ff.o
 .text.find_volume
                0x0000000008001b78      0x498 Core/Src/ff.o
 .text.validate
                0x0000000008002010       0x6a Core/Src/ff.o
 *fill*         0x000000000800207a        0x2 
 .text.f_mount  0x000000000800207c       0x8c Core/Src/ff.o
                0x000000000800207c                f_mount
 .text.f_open   0x0000000008002108      0x380 Core/Src/ff.o
                0x0000000008002108                f_open
 .text.f_read   0x0000000008002488      0x27e Core/Src/ff.o
                0x0000000008002488                f_read
 .text.f_write  0x0000000008002706      0x2ea Core/Src/ff.o
                0x0000000008002706                f_write
 .text.f_sync   0x00000000080029f0      0x100 Core/Src/ff.o
                0x00000000080029f0                f_sync
 .text.f_close  0x0000000008002af0       0x54 Core/Src/ff.o
                0x0000000008002af0                f_close
 .text.f_lseek  0x0000000008002b44      0x412 Core/Src/ff.o
                0x0000000008002b44                f_lseek
 .text.f_getfree
                0x0000000008002f56      0x16a Core/Src/ff.o
                0x0000000008002f56                f_getfree
 .text.FATFS_LinkDriverEx
                0x00000000080030c0       0x98 Core/Src/ff_gen_drv.o
                0x00000000080030c0                FATFS_LinkDriverEx
 .text.FATFS_LinkDriver
                0x0000000008003158       0x1e Core/Src/ff_gen_drv.o
                0x0000000008003158                FATFS_LinkDriver
 *fill*         0x0000000008003176        0x2 
 .text.__io_putchar
                0x0000000008003178       0x24 Core/Src/fops.o
                0x0000000008003178                __io_putchar
 .text.exf_getfree
                0x000000000800319c       0x68 Core/Src/fops.o
                0x000000000800319c                exf_getfree
 .text.exf_mount
                0x0000000008003204       0x3c Core/Src/fops.o
                0x0000000008003204                exf_mount
 .text.exf_open
                0x0000000008003240       0x30 Core/Src/fops.o
                0x0000000008003240                exf_open
 .text.exf_write
                0x0000000008003270       0x38 Core/Src/fops.o
                0x0000000008003270                exf_write
 .text.exf_read
                0x00000000080032a8       0x38 Core/Src/fops.o
                0x00000000080032a8                exf_read
 .text.exf_lseek
                0x00000000080032e0       0x28 Core/Src/fops.o
                0x00000000080032e0                exf_lseek
 .text.exf_close
                0x0000000008003308       0x14 Core/Src/fops.o
                0x0000000008003308                exf_close
 .text.FATFS_RdWrTest
                0x000000000800331c       0xc0 Core/Src/fops.o
                0x000000000800331c                FATFS_RdWrTest
 .text.main     0x00000000080033dc      0x100 Core/Src/main.o
                0x00000000080033dc                main
 .text.SystemClock_Config
                0x00000000080034dc      0x104 Core/Src/main.o
                0x00000000080034dc                SystemClock_Config
 .text.MX_I2C1_Init
                0x00000000080035e0       0x5c Core/Src/main.o
 .text.MX_I2S3_Init
                0x000000000800363c       0x5c Core/Src/main.o
 .text.MX_SPI1_Init
                0x0000000008003698       0x6c Core/Src/main.o
                0x0000000008003698                MX_SPI1_Init
 .text.MX_UART4_Init
                0x0000000008003704       0x54 Core/Src/main.o
 .text.MX_DMA_Init
                0x0000000008003758       0x40 Core/Src/main.o
 .text.MX_GPIO_Init
                0x0000000008003798      0x150 Core/Src/main.o
 .text.Task1    0x00000000080038e8       0xd8 Core/Src/main.o
                0x00000000080038e8                Task1
 .text.Task2    0x00000000080039c0       0x9c Core/Src/main.o
                0x00000000080039c0                Task2
 .text.HAL_GPIO_EXTI_Callback
                0x0000000008003a5c       0xa0 Core/Src/main.o
                0x0000000008003a5c                HAL_GPIO_EXTI_Callback
 .text.HAL_TIM_PeriodElapsedCallback
                0x0000000008003afc       0x24 Core/Src/main.o
                0x0000000008003afc                HAL_TIM_PeriodElapsedCallback
 .text.Error_Handler
                0x0000000008003b20        0x8 Core/Src/main.o
                0x0000000008003b20                Error_Handler
 .text.SPI1_Error
                0x0000000008003b28       0x38 Core/Src/mmc_sd.o
                0x0000000008003b28                SPI1_Error
 .text.SPI1_ReadWriteByte
                0x0000000008003b60       0x3c Core/Src/mmc_sd.o
                0x0000000008003b60                SPI1_ReadWriteByte
 .text.SD_SPI_ReadWriteByte
                0x0000000008003b9c       0x1c Core/Src/mmc_sd.o
                0x0000000008003b9c                SD_SPI_ReadWriteByte
 .text.SD_SPI_Init
                0x0000000008003bb8       0x34 Core/Src/mmc_sd.o
                0x0000000008003bb8                SD_SPI_Init
 .text.SD_DisSelect
                0x0000000008003bec       0x1c Core/Src/mmc_sd.o
                0x0000000008003bec                SD_DisSelect
 .text.SD_Select
                0x0000000008003c08       0x2c Core/Src/mmc_sd.o
                0x0000000008003c08                SD_Select
 .text.SD_WaitReady
                0x0000000008003c34       0x38 Core/Src/mmc_sd.o
                0x0000000008003c34                SD_WaitReady
 .text.SD_GetResponse
                0x0000000008003c6c       0x42 Core/Src/mmc_sd.o
                0x0000000008003c6c                SD_GetResponse
 .text.SD_RecvData
                0x0000000008003cae       0x50 Core/Src/mmc_sd.o
                0x0000000008003cae                SD_RecvData
 .text.SD_SendBlock
                0x0000000008003cfe       0x78 Core/Src/mmc_sd.o
                0x0000000008003cfe                SD_SendBlock
 .text.SD_SendCmd
                0x0000000008003d76       0xa0 Core/Src/mmc_sd.o
                0x0000000008003d76                SD_SendCmd
 .text.SD_GetCSD
                0x0000000008003e16       0x40 Core/Src/mmc_sd.o
                0x0000000008003e16                SD_GetCSD
 .text.SD_GetSectorCount
                0x0000000008003e56       0xa2 Core/Src/mmc_sd.o
                0x0000000008003e56                SD_GetSectorCount
 .text.SD_Initialize
                0x0000000008003ef8      0x1e8 Core/Src/mmc_sd.o
                0x0000000008003ef8                SD_Initialize
 .text.SD_ReadDisk
                0x00000000080040e0       0x98 Core/Src/mmc_sd.o
                0x00000000080040e0                SD_ReadDisk
 .text.SD_WriteDisk
                0x0000000008004178       0xbc Core/Src/mmc_sd.o
                0x0000000008004178                SD_WriteDisk
 .text.HAL_MspInit
                0x0000000008004234       0x50 Core/Src/stm32f4xx_hal_msp.o
                0x0000000008004234                HAL_MspInit
 .text.HAL_I2C_MspInit
                0x0000000008004284       0x90 Core/Src/stm32f4xx_hal_msp.o
                0x0000000008004284                HAL_I2C_MspInit
 .text.HAL_I2S_MspInit
                0x0000000008004314      0x14c Core/Src/stm32f4xx_hal_msp.o
                0x0000000008004314                HAL_I2S_MspInit
 .text.HAL_SPI_MspInit
                0x0000000008004460       0x90 Core/Src/stm32f4xx_hal_msp.o
                0x0000000008004460                HAL_SPI_MspInit
 .text.HAL_SPI_MspDeInit
                0x00000000080044f0       0x3c Core/Src/stm32f4xx_hal_msp.o
                0x00000000080044f0                HAL_SPI_MspDeInit
 .text.HAL_UART_MspInit
                0x000000000800452c       0x90 Core/Src/stm32f4xx_hal_msp.o
                0x000000000800452c                HAL_UART_MspInit
 .text.HAL_InitTick
                0x00000000080045bc       0xb4 Core/Src/stm32f4xx_hal_timebase_tim.o
                0x00000000080045bc                HAL_InitTick
 .text.NMI_Handler
                0x0000000008004670        0x6 Core/Src/stm32f4xx_it.o
                0x0000000008004670                NMI_Handler
 .text.HardFault_Handler
                0x0000000008004676        0x6 Core/Src/stm32f4xx_it.o
                0x0000000008004676                HardFault_Handler
 .text.MemManage_Handler
                0x000000000800467c        0x6 Core/Src/stm32f4xx_it.o
                0x000000000800467c                MemManage_Handler
 .text.BusFault_Handler
                0x0000000008004682        0x6 Core/Src/stm32f4xx_it.o
                0x0000000008004682                BusFault_Handler
 .text.UsageFault_Handler
                0x0000000008004688        0x6 Core/Src/stm32f4xx_it.o
                0x0000000008004688                UsageFault_Handler
 .text.DebugMon_Handler
                0x000000000800468e        0xe Core/Src/stm32f4xx_it.o
                0x000000000800468e                DebugMon_Handler
 .text.EXTI0_IRQHandler
                0x000000000800469c        0xe Core/Src/stm32f4xx_it.o
                0x000000000800469c                EXTI0_IRQHandler
 *fill*         0x00000000080046aa        0x2 
 .text.DMA1_Stream5_IRQHandler
                0x00000000080046ac       0x14 Core/Src/stm32f4xx_it.o
                0x00000000080046ac                DMA1_Stream5_IRQHandler
 .text.TIM6_DAC_IRQHandler
                0x00000000080046c0       0x14 Core/Src/stm32f4xx_it.o
                0x00000000080046c0                TIM6_DAC_IRQHandler
 .text._read    0x00000000080046d4       0x3a Core/Src/syscalls.o
                0x00000000080046d4                _read
 .text._write   0x000000000800470e       0x38 Core/Src/syscalls.o
                0x000000000800470e                _write
 .text._close   0x0000000008004746       0x18 Core/Src/syscalls.o
                0x0000000008004746                _close
 .text._fstat   0x000000000800475e       0x20 Core/Src/syscalls.o
                0x000000000800475e                _fstat
 .text._isatty  0x000000000800477e       0x16 Core/Src/syscalls.o
                0x000000000800477e                _isatty
 .text._lseek   0x0000000008004794       0x1a Core/Src/syscalls.o
                0x0000000008004794                _lseek
 *fill*         0x00000000080047ae        0x2 
 .text._sbrk    0x00000000080047b0       0x6c Core/Src/sysmem.o
                0x00000000080047b0                _sbrk
 .text.SystemInit
                0x000000000800481c       0x2c Core/Src/system_stm32f4xx.o
                0x000000000800481c                SystemInit
 .text.USER_initialize
                0x0000000008004848       0x60 Core/Src/user_diskio.o
                0x0000000008004848                USER_initialize
 .text.USER_status
                0x00000000080048a8       0x18 Core/Src/user_diskio.o
                0x00000000080048a8                USER_status
 .text.USER_read
                0x00000000080048c0       0x32 Core/Src/user_diskio.o
                0x00000000080048c0                USER_read
 .text.USER_write
                0x00000000080048f2       0x32 Core/Src/user_diskio.o
                0x00000000080048f2                USER_write
 .text.USER_ioctl
                0x0000000008004924       0x1e Core/Src/user_diskio.o
                0x0000000008004924                USER_ioctl
 *fill*         0x0000000008004942        0x2 
 .text.AUDIO_OUT_TransferComplete_CallBack
                0x0000000008004944       0x28 Core/Src/waveplayer.o
                0x0000000008004944                AUDIO_OUT_TransferComplete_CallBack
 .text.Reset_Handler
                0x000000000800496c       0x50 Core/Startup/startup_stm32f407vgtx.o
                0x000000000800496c                Reset_Handler
 .text.Default_Handler
                0x00000000080049bc        0x2 Core/Startup/startup_stm32f407vgtx.o
                0x00000000080049bc                RTC_Alarm_IRQHandler
                0x00000000080049bc                HASH_RNG_IRQHandler
                0x00000000080049bc                EXTI2_IRQHandler
                0x00000000080049bc                TIM8_CC_IRQHandler
                0x00000000080049bc                TIM1_CC_IRQHandler
                0x00000000080049bc                DMA2_Stream5_IRQHandler
                0x00000000080049bc                PVD_IRQHandler
                0x00000000080049bc                SDIO_IRQHandler
                0x00000000080049bc                TAMP_STAMP_IRQHandler
                0x00000000080049bc                CAN2_RX1_IRQHandler
                0x00000000080049bc                EXTI3_IRQHandler
                0x00000000080049bc                TIM8_TRG_COM_TIM14_IRQHandler
                0x00000000080049bc                TIM1_UP_TIM10_IRQHandler
                0x00000000080049bc                TIM8_UP_TIM13_IRQHandler
                0x00000000080049bc                I2C3_ER_IRQHandler
                0x00000000080049bc                I2C2_EV_IRQHandler
                0x00000000080049bc                DMA1_Stream2_IRQHandler
                0x00000000080049bc                CAN1_RX0_IRQHandler
                0x00000000080049bc                FPU_IRQHandler
                0x00000000080049bc                OTG_HS_WKUP_IRQHandler
                0x00000000080049bc                CAN2_SCE_IRQHandler
                0x00000000080049bc                DMA2_Stream2_IRQHandler
                0x00000000080049bc                SPI1_IRQHandler
                0x00000000080049bc                TIM1_BRK_TIM9_IRQHandler
                0x00000000080049bc                DCMI_IRQHandler
                0x00000000080049bc                CAN2_RX0_IRQHandler
                0x00000000080049bc                DMA2_Stream3_IRQHandler
                0x00000000080049bc                USART6_IRQHandler
                0x00000000080049bc                USART3_IRQHandler
                0x00000000080049bc                CAN1_RX1_IRQHandler
                0x00000000080049bc                UART5_IRQHandler
                0x00000000080049bc                DMA2_Stream0_IRQHandler
                0x00000000080049bc                TIM4_IRQHandler
                0x00000000080049bc                I2C1_EV_IRQHandler
                0x00000000080049bc                DMA1_Stream6_IRQHandler
                0x00000000080049bc                DMA1_Stream1_IRQHandler
                0x00000000080049bc                UART4_IRQHandler
                0x00000000080049bc                TIM3_IRQHandler
                0x00000000080049bc                RCC_IRQHandler
                0x00000000080049bc                TIM8_BRK_TIM12_IRQHandler
                0x00000000080049bc                Default_Handler
                0x00000000080049bc                EXTI15_10_IRQHandler
                0x00000000080049bc                ADC_IRQHandler
                0x00000000080049bc                DMA1_Stream7_IRQHandler
                0x00000000080049bc                TIM7_IRQHandler
                0x00000000080049bc                CAN2_TX_IRQHandler
                0x00000000080049bc                TIM5_IRQHandler
                0x00000000080049bc                DMA2_Stream7_IRQHandler
                0x00000000080049bc                I2C3_EV_IRQHandler
                0x00000000080049bc                EXTI9_5_IRQHandler
                0x00000000080049bc                RTC_WKUP_IRQHandler
                0x00000000080049bc                ETH_WKUP_IRQHandler
                0x00000000080049bc                SPI2_IRQHandler
                0x00000000080049bc                OTG_HS_EP1_IN_IRQHandler
                0x00000000080049bc                DMA1_Stream0_IRQHandler
                0x00000000080049bc                CAN1_TX_IRQHandler
                0x00000000080049bc                EXTI4_IRQHandler
                0x00000000080049bc                FSMC_IRQHandler
                0x00000000080049bc                ETH_IRQHandler
                0x00000000080049bc                OTG_HS_EP1_OUT_IRQHandler
                0x00000000080049bc                WWDG_IRQHandler
                0x00000000080049bc                TIM2_IRQHandler
                0x00000000080049bc                OTG_FS_WKUP_IRQHandler
                0x00000000080049bc                TIM1_TRG_COM_TIM11_IRQHandler
                0x00000000080049bc                OTG_HS_IRQHandler
                0x00000000080049bc                EXTI1_IRQHandler
                0x00000000080049bc                USART2_IRQHandler
                0x00000000080049bc                I2C2_ER_IRQHandler
                0x00000000080049bc                DMA2_Stream1_IRQHandler
                0x00000000080049bc                CAN1_SCE_IRQHandler
                0x00000000080049bc                FLASH_IRQHandler
                0x00000000080049bc                DMA2_Stream4_IRQHandler
                0x00000000080049bc                USART1_IRQHandler
                0x00000000080049bc                OTG_FS_IRQHandler
                0x00000000080049bc                SPI3_IRQHandler
                0x00000000080049bc                DMA1_Stream4_IRQHandler
                0x00000000080049bc                I2C1_ER_IRQHandler
                0x00000000080049bc                DMA2_Stream6_IRQHandler
                0x00000000080049bc                DMA1_Stream3_IRQHandler
 *fill*         0x00000000080049be        0x2 
 .text.HAL_Init
                0x00000000080049c0       0x44 Drivers/STM32F4xx_HAL_Driver/Src/stm32f4xx_hal.o
                0x00000000080049c0                HAL_Init
 .text.HAL_IncTick
                0x0000000008004a04       0x28 Drivers/STM32F4xx_HAL_Driver/Src/stm32f4xx_hal.o
                0x0000000008004a04                HAL_IncTick
 .text.HAL_GetTick
                0x0000000008004a2c       0x18 Drivers/STM32F4xx_HAL_Driver/Src/stm32f4xx_hal.o
                0x0000000008004a2c                HAL_GetTick
 .text.HAL_Delay
                0x0000000008004a44       0x44 Drivers/STM32F4xx_HAL_Driver/Src/stm32f4xx_hal.o
                0x0000000008004a44                HAL_Delay
 .text.__NVIC_SetPriorityGrouping
                0x0000000008004a88       0x48 Drivers/STM32F4xx_HAL_Driver/Src/stm32f4xx_hal_cortex.o
 .text.__NVIC_GetPriorityGrouping
                0x0000000008004ad0       0x1c Drivers/STM32F4xx_HAL_Driver/Src/stm32f4xx_hal_cortex.o
 .text.__NVIC_EnableIRQ
                0x0000000008004aec       0x3c Drivers/STM32F4xx_HAL_Driver/Src/stm32f4xx_hal_cortex.o
 .text.__NVIC_SetPriority
                0x0000000008004b28       0x54 Drivers/STM32F4xx_HAL_Driver/Src/stm32f4xx_hal_cortex.o
 .text.NVIC_EncodePriority
                0x0000000008004b7c       0x66 Drivers/STM32F4xx_HAL_Driver/Src/stm32f4xx_hal_cortex.o
 .text.HAL_NVIC_SetPriorityGrouping
                0x0000000008004be2       0x16 Drivers/STM32F4xx_HAL_Driver/Src/stm32f4xx_hal_cortex.o
                0x0000000008004be2                HAL_NVIC_SetPriorityGrouping
 .text.HAL_NVIC_SetPriority
                0x0000000008004bf8       0x38 Drivers/STM32F4xx_HAL_Driver/Src/stm32f4xx_hal_cortex.o
                0x0000000008004bf8                HAL_NVIC_SetPriority
 .text.HAL_NVIC_EnableIRQ
                0x0000000008004c30       0x1c Drivers/STM32F4xx_HAL_Driver/Src/stm32f4xx_hal_cortex.o
                0x0000000008004c30                HAL_NVIC_EnableIRQ
 .text.HAL_DMA_Init
                0x0000000008004c4c      0x15c Drivers/STM32F4xx_HAL_Driver/Src/stm32f4xx_hal_dma.o
                0x0000000008004c4c                HAL_DMA_Init
 .text.HAL_DMA_IRQHandler
                0x0000000008004da8      0x314 Drivers/STM32F4xx_HAL_Driver/Src/stm32f4xx_hal_dma.o
                0x0000000008004da8                HAL_DMA_IRQHandler
 .text.DMA_CalcBaseAndBitshift
                0x00000000080050bc       0x6c Drivers/STM32F4xx_HAL_Driver/Src/stm32f4xx_hal_dma.o
 .text.DMA_CheckFifoParam
                0x0000000008005128       0xf4 Drivers/STM32F4xx_HAL_Driver/Src/stm32f4xx_hal_dma.o
 .text.HAL_GPIO_Init
                0x000000000800521c      0x334 Drivers/STM32F4xx_HAL_Driver/Src/stm32f4xx_hal_gpio.o
                0x000000000800521c                HAL_GPIO_Init
 .text.HAL_GPIO_DeInit
                0x0000000008005550      0x1f4 Drivers/STM32F4xx_HAL_Driver/Src/stm32f4xx_hal_gpio.o
                0x0000000008005550                HAL_GPIO_DeInit
 .text.HAL_GPIO_WritePin
                0x0000000008005744       0x32 Drivers/STM32F4xx_HAL_Driver/Src/stm32f4xx_hal_gpio.o
                0x0000000008005744                HAL_GPIO_WritePin
 .text.HAL_GPIO_TogglePin
                0x0000000008005776       0x36 Drivers/STM32F4xx_HAL_Driver/Src/stm32f4xx_hal_gpio.o
                0x0000000008005776                HAL_GPIO_TogglePin
 .text.HAL_GPIO_EXTI_IRQHandler
                0x00000000080057ac       0x30 Drivers/STM32F4xx_HAL_Driver/Src/stm32f4xx_hal_gpio.o
                0x00000000080057ac                HAL_GPIO_EXTI_IRQHandler
 .text.HAL_I2C_Init
                0x00000000080057dc      0x270 Drivers/STM32F4xx_HAL_Driver/Src/stm32f4xx_hal_i2c.o
                0x00000000080057dc                HAL_I2C_Init
 .text.HAL_I2S_Init
                0x0000000008005a4c      0x280 Drivers/STM32F4xx_HAL_Driver/Src/stm32f4xx_hal_i2s.o
                0x0000000008005a4c                HAL_I2S_Init
 .text.HAL_I2S_RxCpltCallback
                0x0000000008005ccc       0x14 Drivers/STM32F4xx_HAL_Driver/Src/stm32f4xx_hal_i2s.o
                0x0000000008005ccc                HAL_I2S_RxCpltCallback
 .text.I2S_Transmit_IT
                0x0000000008005ce0       0x5c Drivers/STM32F4xx_HAL_Driver/Src/stm32f4xx_hal_i2s.o
 .text.I2S_Receive_IT
                0x0000000008005d3c       0x5e Drivers/STM32F4xx_HAL_Driver/Src/stm32f4xx_hal_i2s.o
 .text.I2S_IRQHandler
                0x0000000008005d9a      0x114 Drivers/STM32F4xx_HAL_Driver/Src/stm32f4xx_hal_i2s.o
 *fill*         0x0000000008005eae        0x2 
 .text.HAL_I2SEx_FullDuplex_IRQHandler
                0x0000000008005eb0      0x2a8 Drivers/STM32F4xx_HAL_Driver/Src/stm32f4xx_hal_i2s_ex.o
                0x0000000008005eb0                HAL_I2SEx_FullDuplex_IRQHandler
 .text.HAL_I2SEx_TxRxCpltCallback
                0x0000000008006158       0x14 Drivers/STM32F4xx_HAL_Driver/Src/stm32f4xx_hal_i2s_ex.o
                0x0000000008006158                HAL_I2SEx_TxRxCpltCallback
 .text.I2SEx_TxISR_I2S
                0x000000000800616c       0x62 Drivers/STM32F4xx_HAL_Driver/Src/stm32f4xx_hal_i2s_ex.o
 *fill*         0x00000000080061ce        0x2 
 .text.I2SEx_TxISR_I2SExt
                0x00000000080061d0       0x98 Drivers/STM32F4xx_HAL_Driver/Src/stm32f4xx_hal_i2s_ex.o
 .text.I2SEx_RxISR_I2S
                0x0000000008006268       0x64 Drivers/STM32F4xx_HAL_Driver/Src/stm32f4xx_hal_i2s_ex.o
 .text.I2SEx_RxISR_I2SExt
                0x00000000080062cc       0x98 Drivers/STM32F4xx_HAL_Driver/Src/stm32f4xx_hal_i2s_ex.o
 .text.HAL_RCC_OscConfig
                0x0000000008006364      0x4e0 Drivers/STM32F4xx_HAL_Driver/Src/stm32f4xx_hal_rcc.o
                0x0000000008006364                HAL_RCC_OscConfig
 .text.HAL_RCC_ClockConfig
                0x0000000008006844      0x1cc Drivers/STM32F4xx_HAL_Driver/Src/stm32f4xx_hal_rcc.o
                0x0000000008006844                HAL_RCC_ClockConfig
 .text.HAL_RCC_GetSysClockFreq
                0x0000000008006a10      0x1b0 Drivers/STM32F4xx_HAL_Driver/Src/stm32f4xx_hal_rcc.o
                0x0000000008006a10                HAL_RCC_GetSysClockFreq
 .text.HAL_RCC_GetHCLKFreq
                0x0000000008006bc0       0x18 Drivers/STM32F4xx_HAL_Driver/Src/stm32f4xx_hal_rcc.o
                0x0000000008006bc0                HAL_RCC_GetHCLKFreq
 .text.HAL_RCC_GetPCLK1Freq
                0x0000000008006bd8       0x28 Drivers/STM32F4xx_HAL_Driver/Src/stm32f4xx_hal_rcc.o
                0x0000000008006bd8                HAL_RCC_GetPCLK1Freq
 .text.HAL_RCC_GetPCLK2Freq
                0x0000000008006c00       0x28 Drivers/STM32F4xx_HAL_Driver/Src/stm32f4xx_hal_rcc.o
                0x0000000008006c00                HAL_RCC_GetPCLK2Freq
 .text.HAL_RCC_GetClockConfig
                0x0000000008006c28       0x64 Drivers/STM32F4xx_HAL_Driver/Src/stm32f4xx_hal_rcc.o
                0x0000000008006c28                HAL_RCC_GetClockConfig
 .text.HAL_RCCEx_PeriphCLKConfig
                0x0000000008006c8c      0x1c4 Drivers/STM32F4xx_HAL_Driver/Src/stm32f4xx_hal_rcc_ex.o
                0x0000000008006c8c                HAL_RCCEx_PeriphCLKConfig
 .text.HAL_RCCEx_GetPeriphCLKFreq
                0x0000000008006e50       0xb8 Drivers/STM32F4xx_HAL_Driver/Src/stm32f4xx_hal_rcc_ex.o
                0x0000000008006e50                HAL_RCCEx_GetPeriphCLKFreq
 .text.HAL_SPI_Init
                0x0000000008006f08       0xc8 Drivers/STM32F4xx_HAL_Driver/Src/stm32f4xx_hal_spi.o
                0x0000000008006f08                HAL_SPI_Init
 .text.HAL_SPI_DeInit
                0x0000000008006fd0       0x50 Drivers/STM32F4xx_HAL_Driver/Src/stm32f4xx_hal_spi.o
                0x0000000008006fd0                HAL_SPI_DeInit
 .text.HAL_SPI_Transmit
                0x0000000008007020      0x268 Drivers/STM32F4xx_HAL_Driver/Src/stm32f4xx_hal_spi.o
                0x0000000008007020                HAL_SPI_Transmit
 .text.HAL_SPI_Receive
                0x0000000008007288      0x212 Drivers/STM32F4xx_HAL_Driver/Src/stm32f4xx_hal_spi.o
                0x0000000008007288                HAL_SPI_Receive
 .text.HAL_SPI_TransmitReceive
                0x000000000800749a      0x344 Drivers/STM32F4xx_HAL_Driver/Src/stm32f4xx_hal_spi.o
                0x000000000800749a                HAL_SPI_TransmitReceive
 .text.SPI_WaitFlagStateUntilTimeout
                0x00000000080077de       0xd4 Drivers/STM32F4xx_HAL_Driver/Src/stm32f4xx_hal_spi.o
 .text.SPI_EndRxTransaction
                0x00000000080078b2       0xca Drivers/STM32F4xx_HAL_Driver/Src/stm32f4xx_hal_spi.o
 .text.SPI_EndRxTxTransaction
                0x000000000800797c       0x84 Drivers/STM32F4xx_HAL_Driver/Src/stm32f4xx_hal_spi.o
 .text.HAL_TIM_Base_Init
                0x0000000008007a00       0x56 Drivers/STM32F4xx_HAL_Driver/Src/stm32f4xx_hal_tim.o
                0x0000000008007a00                HAL_TIM_Base_Init
 .text.HAL_TIM_Base_MspInit
                0x0000000008007a56       0x14 Drivers/STM32F4xx_HAL_Driver/Src/stm32f4xx_hal_tim.o
                0x0000000008007a56                HAL_TIM_Base_MspInit
 .text.HAL_TIM_Base_Start_IT
                0x0000000008007a6a       0x48 Drivers/STM32F4xx_HAL_Driver/Src/stm32f4xx_hal_tim.o
                0x0000000008007a6a                HAL_TIM_Base_Start_IT
 .text.HAL_TIM_IRQHandler
                0x0000000008007ab2      0x210 Drivers/STM32F4xx_HAL_Driver/Src/stm32f4xx_hal_tim.o
                0x0000000008007ab2                HAL_TIM_IRQHandler
 .text.HAL_TIM_OC_DelayElapsedCallback
                0x0000000008007cc2       0x14 Drivers/STM32F4xx_HAL_Driver/Src/stm32f4xx_hal_tim.o
                0x0000000008007cc2                HAL_TIM_OC_DelayElapsedCallback
 .text.HAL_TIM_IC_CaptureCallback
                0x0000000008007cd6       0x14 Drivers/STM32F4xx_HAL_Driver/Src/stm32f4xx_hal_tim.o
                0x0000000008007cd6                HAL_TIM_IC_CaptureCallback
 .text.HAL_TIM_PWM_PulseFinishedCallback
                0x0000000008007cea       0x14 Drivers/STM32F4xx_HAL_Driver/Src/stm32f4xx_hal_tim.o
                0x0000000008007cea                HAL_TIM_PWM_PulseFinishedCallback
 .text.HAL_TIM_TriggerCallback
                0x0000000008007cfe       0x14 Drivers/STM32F4xx_HAL_Driver/Src/stm32f4xx_hal_tim.o
                0x0000000008007cfe                HAL_TIM_TriggerCallback
 *fill*         0x0000000008007d12        0x2 
 .text.TIM_Base_SetConfig
                0x0000000008007d14      0x140 Drivers/STM32F4xx_HAL_Driver/Src/stm32f4xx_hal_tim.o
                0x0000000008007d14                TIM_Base_SetConfig
 .text.HAL_TIMEx_CommutCallback
                0x0000000008007e54       0x14 Drivers/STM32F4xx_HAL_Driver/Src/stm32f4xx_hal_tim_ex.o
                0x0000000008007e54                HAL_TIMEx_CommutCallback
 .text.HAL_TIMEx_BreakCallback
                0x0000000008007e68       0x14 Drivers/STM32F4xx_HAL_Driver/Src/stm32f4xx_hal_tim_ex.o
                0x0000000008007e68                HAL_TIMEx_BreakCallback
 .text.HAL_UART_Init
                0x0000000008007e7c       0x9a Drivers/STM32F4xx_HAL_Driver/Src/stm32f4xx_hal_uart.o
                0x0000000008007e7c                HAL_UART_Init
 .text.HAL_UART_Transmit
                0x0000000008007f16      0x132 Drivers/STM32F4xx_HAL_Driver/Src/stm32f4xx_hal_uart.o
                0x0000000008007f16                HAL_UART_Transmit
 .text.UART_WaitOnFlagUntilTimeout
                0x0000000008008048       0x94 Drivers/STM32F4xx_HAL_Driver/Src/stm32f4xx_hal_uart.o
 .text.UART_SetConfig
                0x00000000080080dc      0x6f8 Drivers/STM32F4xx_HAL_Driver/Src/stm32f4xx_hal_uart.o
 .text.pvPortMalloc
                0x00000000080087d4      0x184 FreeRTOS/MemMang/heap_4.o
                0x00000000080087d4                pvPortMalloc
 .text.vPortFree
                0x0000000008008958       0xb0 FreeRTOS/MemMang/heap_4.o
                0x0000000008008958                vPortFree
 .text.prvHeapInit
                0x0000000008008a08       0xc4 FreeRTOS/MemMang/heap_4.o
 .text.prvInsertBlockIntoFreeList
                0x0000000008008acc       0xb4 FreeRTOS/MemMang/heap_4.o
 .text.vListInitialise
                0x0000000008008b80       0x40 FreeRTOS/list.o
                0x0000000008008b80                vListInitialise
 .text.vListInitialiseItem
                0x0000000008008bc0       0x1a FreeRTOS/list.o
                0x0000000008008bc0                vListInitialiseItem
 .text.vListInsertEnd
                0x0000000008008bda       0x48 FreeRTOS/list.o
                0x0000000008008bda                vListInsertEnd
 .text.vListInsert
                0x0000000008008c22       0x72 FreeRTOS/list.o
                0x0000000008008c22                vListInsert
 .text.uxListRemove
                0x0000000008008c94       0x54 FreeRTOS/list.o
                0x0000000008008c94                uxListRemove
 .text.xQueueGenericReset
                0x0000000008008ce8       0xd0 FreeRTOS/queue.o
                0x0000000008008ce8                xQueueGenericReset
 .text.xQueueGenericCreate
                0x0000000008008db8       0xb8 FreeRTOS/queue.o
                0x0000000008008db8                xQueueGenericCreate
 .text.prvInitialiseNewQueue
                0x0000000008008e70       0x46 FreeRTOS/queue.o
 .text.prvInitialiseMutex
                0x0000000008008eb6       0x34 FreeRTOS/queue.o
 .text.xQueueCreateMutex
                0x0000000008008eea       0x30 FreeRTOS/queue.o
                0x0000000008008eea                xQueueCreateMutex
 *fill*         0x0000000008008f1a        0x2 
 .text.xQueueGenericSend
                0x0000000008008f1c      0x1f4 FreeRTOS/queue.o
                0x0000000008008f1c                xQueueGenericSend
 .text.xQueueGenericSendFromISR
                0x0000000008009110      0x14a FreeRTOS/queue.o
                0x0000000008009110                xQueueGenericSendFromISR
 .text.xQueueGiveFromISR
                0x000000000800925a      0x12e FreeRTOS/queue.o
                0x000000000800925a                xQueueGiveFromISR
 .text.xQueueReceive
                0x0000000008009388      0x1b8 FreeRTOS/queue.o
                0x0000000008009388                xQueueReceive
 .text.xQueueSemaphoreTake
                0x0000000008009540      0x210 FreeRTOS/queue.o
                0x0000000008009540                xQueueSemaphoreTake
 .text.prvGetDisinheritPriorityAfterTimeout
                0x0000000008009750       0x30 FreeRTOS/queue.o
 .text.prvCopyDataToQueue
                0x0000000008009780       0xd4 FreeRTOS/queue.o
 .text.prvCopyDataFromQueue
                0x0000000008009854       0x4c FreeRTOS/queue.o
 .text.prvUnlockQueue
                0x00000000080098a0       0xa4 FreeRTOS/queue.o
 .text.prvIsQueueEmpty
                0x0000000008009944       0x2c FreeRTOS/queue.o
 .text.prvIsQueueFull
                0x0000000008009970       0x30 FreeRTOS/queue.o
 .text.vQueueAddToRegistry
                0x00000000080099a0       0x50 FreeRTOS/queue.o
                0x00000000080099a0                vQueueAddToRegistry
 .text.vQueueWaitForMessageRestricted
                0x00000000080099f0       0x68 FreeRTOS/queue.o
                0x00000000080099f0                vQueueWaitForMessageRestricted
 .text.xTaskCreate
                0x0000000008009a58       0x82 FreeRTOS/tasks.o
                0x0000000008009a58                xTaskCreate
 .text.prvInitialiseNewTask
                0x0000000008009ada      0x11c FreeRTOS/tasks.o
 *fill*         0x0000000008009bf6        0x2 
 .text.prvAddNewTaskToReadyList
                0x0000000008009bf8       0xdc FreeRTOS/tasks.o
 .text.vTaskDelay
                0x0000000008009cd4       0x68 FreeRTOS/tasks.o
                0x0000000008009cd4                vTaskDelay
 .text.vTaskStartScheduler
                0x0000000008009d3c       0x98 FreeRTOS/tasks.o
                0x0000000008009d3c                vTaskStartScheduler
 .text.vTaskSuspendAll
                0x0000000008009dd4       0x1c FreeRTOS/tasks.o
                0x0000000008009dd4                vTaskSuspendAll
 .text.xTaskResumeAll
                0x0000000008009df0      0x138 FreeRTOS/tasks.o
                0x0000000008009df0                xTaskResumeAll
 .text.xTaskGetTickCount
                0x0000000008009f28       0x20 FreeRTOS/tasks.o
                0x0000000008009f28                xTaskGetTickCount
 .text.xTaskIncrementTick
                0x0000000008009f48      0x170 FreeRTOS/tasks.o
                0x0000000008009f48                xTaskIncrementTick
 .text.vTaskSwitchContext
                0x000000000800a0b8       0xb4 FreeRTOS/tasks.o
                0x000000000800a0b8                vTaskSwitchContext
 .text.vTaskPlaceOnEventList
                0x000000000800a16c       0x48 FreeRTOS/tasks.o
                0x000000000800a16c                vTaskPlaceOnEventList
 .text.vTaskPlaceOnEventListRestricted
                0x000000000800a1b4       0x54 FreeRTOS/tasks.o
                0x000000000800a1b4                vTaskPlaceOnEventListRestricted
 .text.xTaskRemoveFromEventList
                0x000000000800a208       0xc4 FreeRTOS/tasks.o
                0x000000000800a208                xTaskRemoveFromEventList
 .text.vTaskInternalSetTimeOutState
                0x000000000800a2cc       0x2c FreeRTOS/tasks.o
                0x000000000800a2cc                vTaskInternalSetTimeOutState
 .text.xTaskCheckForTimeOut
                0x000000000800a2f8       0xc0 FreeRTOS/tasks.o
                0x000000000800a2f8                xTaskCheckForTimeOut
 .text.vTaskMissedYield
                0x000000000800a3b8       0x18 FreeRTOS/tasks.o
                0x000000000800a3b8                vTaskMissedYield
 .text.prvIdleTask
                0x000000000800a3d0       0x30 FreeRTOS/tasks.o
 .text.prvInitialiseTaskLists
                0x000000000800a400       0x80 FreeRTOS/tasks.o
 .text.prvCheckTasksWaitingTermination
                0x000000000800a480       0x58 FreeRTOS/tasks.o
 .text.prvDeleteTCB
                0x000000000800a4d8       0x20 FreeRTOS/tasks.o
 .text.prvResetNextTaskUnblockTime
                0x000000000800a4f8       0x40 FreeRTOS/tasks.o
 .text.xTaskGetSchedulerState
                0x000000000800a538       0x3c FreeRTOS/tasks.o
                0x000000000800a538                xTaskGetSchedulerState
 .text.xTaskPriorityInherit
                0x000000000800a574      0x100 FreeRTOS/tasks.o
                0x000000000800a574                xTaskPriorityInherit
 .text.xTaskPriorityDisinherit
                0x000000000800a674      0x108 FreeRTOS/tasks.o
                0x000000000800a674                xTaskPriorityDisinherit
 .text.vTaskPriorityDisinheritAfterTimeout
                0x000000000800a77c      0x130 FreeRTOS/tasks.o
                0x000000000800a77c                vTaskPriorityDisinheritAfterTimeout
 .text.pvTaskIncrementMutexHeldCount
                0x000000000800a8ac       0x28 FreeRTOS/tasks.o
                0x000000000800a8ac                pvTaskIncrementMutexHeldCount
 .text.prvAddCurrentTaskToDelayedList
                0x000000000800a8d4       0xcc FreeRTOS/tasks.o
 .text.xTimerCreateTimerTask
                0x000000000800a9a0       0x64 FreeRTOS/timers.o
                0x000000000800a9a0                xTimerCreateTimerTask
 .text.xTimerGenericCommand
                0x000000000800aa04       0x98 FreeRTOS/timers.o
                0x000000000800aa04                xTimerGenericCommand
 .text.prvProcessExpiredTimer
                0x000000000800aa9c       0x98 FreeRTOS/timers.o
 .text.prvTimerTask
                0x000000000800ab34       0x24 FreeRTOS/timers.o
 .text.prvProcessTimerOrBlockTask
                0x000000000800ab58       0x9c FreeRTOS/timers.o
 .text.prvGetNextExpireTime
                0x000000000800abf4       0x48 FreeRTOS/timers.o
 .text.prvSampleTimeNow
                0x000000000800ac3c       0x40 FreeRTOS/timers.o
 .text.prvInsertTimerInActiveList
                0x000000000800ac7c       0x84 FreeRTOS/timers.o
 .text.prvProcessReceivedCommands
                0x000000000800ad00      0x188 FreeRTOS/timers.o
 .text.prvSwitchTimerLists
                0x000000000800ae88       0xc8 FreeRTOS/timers.o
 .text.prvCheckForValidListAndQueue
                0x000000000800af50       0x6c FreeRTOS/timers.o
 .text.pxPortInitialiseStack
                0x000000000800afbc       0x68 FreeRTOS/portable/ARM_CM4F/port.o
                0x000000000800afbc                pxPortInitialiseStack
 .text.prvTaskExitError
                0x000000000800b024       0x54 FreeRTOS/portable/ARM_CM4F/port.o
 *fill*         0x000000000800b078        0x8 
 .text.SVC_Handler
                0x000000000800b080       0x28 FreeRTOS/portable/ARM_CM4F/port.o
                0x000000000800b080                SVC_Handler
 .text.prvPortStartFirstTask
                0x000000000800b0a8       0x28 FreeRTOS/portable/ARM_CM4F/port.o
 .text.xPortStartScheduler
                0x000000000800b0d0      0x13c FreeRTOS/portable/ARM_CM4F/port.o
                0x000000000800b0d0                xPortStartScheduler
 .text.vPortEnterCritical
                0x000000000800b20c       0x5c FreeRTOS/portable/ARM_CM4F/port.o
                0x000000000800b20c                vPortEnterCritical
 .text.vPortExitCritical
                0x000000000800b268       0x50 FreeRTOS/portable/ARM_CM4F/port.o
                0x000000000800b268                vPortExitCritical
 *fill*         0x000000000800b2b8        0x8 
 .text.PendSV_Handler
                0x000000000800b2c0       0x68 FreeRTOS/portable/ARM_CM4F/port.o
                0x000000000800b2c0                PendSV_Handler
 .text.SysTick_Handler
                0x000000000800b328       0x40 FreeRTOS/portable/ARM_CM4F/port.o
                0x000000000800b328                SysTick_Handler
 .text.vPortSetupTimerInterrupt
                0x000000000800b368       0x48 FreeRTOS/portable/ARM_CM4F/port.o
                0x000000000800b368                vPortSetupTimerInterrupt
 .text.vPortEnableVFP
                0x000000000800b3b0       0x14 FreeRTOS/portable/ARM_CM4F/port.o
 .text.vPortValidateInterruptPriority
                0x000000000800b3c4       0x7c FreeRTOS/portable/ARM_CM4F/port.o
                0x000000000800b3c4                vPortValidateInterruptPriority
 .text.__errno  0x000000000800b440        0xc /opt/st/stm32cubeide_1.5.1/plugins/com.st.stm32cube.ide.mcu.externaltools.gnu-tools-for-stm32.7-2018-q2-update.linux64_1.5.0.202011040924/tools/bin/../lib/gcc/arm-none-eabi/7.3.1/../../../../arm-none-eabi/lib/thumb/v7e-m/fpv4-sp/hard/libc_nano.a(lib_a-errno.o)
                0x000000000800b440                __errno
 .text.__libc_init_array
                0x000000000800b44c       0x48 /opt/st/stm32cubeide_1.5.1/plugins/com.st.stm32cube.ide.mcu.externaltools.gnu-tools-for-stm32.7-2018-q2-update.linux64_1.5.0.202011040924/tools/bin/../lib/gcc/arm-none-eabi/7.3.1/../../../../arm-none-eabi/lib/thumb/v7e-m/fpv4-sp/hard/libc_nano.a(lib_a-init.o)
                0x000000000800b44c                __libc_init_array
 .text.memcmp   0x000000000800b494       0x1e /opt/st/stm32cubeide_1.5.1/plugins/com.st.stm32cube.ide.mcu.externaltools.gnu-tools-for-stm32.7-2018-q2-update.linux64_1.5.0.202011040924/tools/bin/../lib/gcc/arm-none-eabi/7.3.1/../../../../arm-none-eabi/lib/thumb/v7e-m/fpv4-sp/hard/libc_nano.a(lib_a-memcmp.o)
                0x000000000800b494                memcmp
 .text.memcpy   0x000000000800b4b2       0x16 /opt/st/stm32cubeide_1.5.1/plugins/com.st.stm32cube.ide.mcu.externaltools.gnu-tools-for-stm32.7-2018-q2-update.linux64_1.5.0.202011040924/tools/bin/../lib/gcc/arm-none-eabi/7.3.1/../../../../arm-none-eabi/lib/thumb/v7e-m/fpv4-sp/hard/libc_nano.a(lib_a-memcpy-stub.o)
                0x000000000800b4b2                memcpy
 .text.memset   0x000000000800b4c8       0x10 /opt/st/stm32cubeide_1.5.1/plugins/com.st.stm32cube.ide.mcu.externaltools.gnu-tools-for-stm32.7-2018-q2-update.linux64_1.5.0.202011040924/tools/bin/../lib/gcc/arm-none-eabi/7.3.1/../../../../arm-none-eabi/lib/thumb/v7e-m/fpv4-sp/hard/libc_nano.a(lib_a-memset.o)
                0x000000000800b4c8                memset
 .text.printf   0x000000000800b4d8       0x30 /opt/st/stm32cubeide_1.5.1/plugins/com.st.stm32cube.ide.mcu.externaltools.gnu-tools-for-stm32.7-2018-q2-update.linux64_1.5.0.202011040924/tools/bin/../lib/gcc/arm-none-eabi/7.3.1/../../../../arm-none-eabi/lib/thumb/v7e-m/fpv4-sp/hard/libc_nano.a(lib_a-printf.o)
                0x000000000800b4d8                printf
                0x000000000800b4d8                iprintf
 .text._puts_r  0x000000000800b508       0xb8 /opt/st/stm32cubeide_1.5.1/plugins/com.st.stm32cube.ide.mcu.externaltools.gnu-tools-for-stm32.7-2018-q2-update.linux64_1.5.0.202011040924/tools/bin/../lib/gcc/arm-none-eabi/7.3.1/../../../../arm-none-eabi/lib/thumb/v7e-m/fpv4-sp/hard/libc_nano.a(lib_a-puts.o)
                0x000000000800b508                _puts_r
 .text.puts     0x000000000800b5c0       0x10 /opt/st/stm32cubeide_1.5.1/plugins/com.st.stm32cube.ide.mcu.externaltools.gnu-tools-for-stm32.7-2018-q2-update.linux64_1.5.0.202011040924/tools/bin/../lib/gcc/arm-none-eabi/7.3.1/../../../../arm-none-eabi/lib/thumb/v7e-m/fpv4-sp/hard/libc_nano.a(lib_a-puts.o)
                0x000000000800b5c0                puts
 .text.__swbuf_r
                0x000000000800b5d0       0xa4 /opt/st/stm32cubeide_1.5.1/plugins/com.st.stm32cube.ide.mcu.externaltools.gnu-tools-for-stm32.7-2018-q2-update.linux64_1.5.0.202011040924/tools/bin/../lib/gcc/arm-none-eabi/7.3.1/../../../../arm-none-eabi/lib/thumb/v7e-m/fpv4-sp/hard/libc_nano.a(lib_a-wbuf.o)
                0x000000000800b5d0                __swbuf_r
 .text.__swsetup_r
                0x000000000800b674       0xdc /opt/st/stm32cubeide_1.5.1/plugins/com.st.stm32cube.ide.mcu.externaltools.gnu-tools-for-stm32.7-2018-q2-update.linux64_1.5.0.202011040924/tools/bin/../lib/gcc/arm-none-eabi/7.3.1/../../../../arm-none-eabi/lib/thumb/v7e-m/fpv4-sp/hard/libc_nano.a(lib_a-wsetup.o)
                0x000000000800b674                __swsetup_r
 .text.__sflush_r
                0x000000000800b750      0x10c /opt/st/stm32cubeide_1.5.1/plugins/com.st.stm32cube.ide.mcu.externaltools.gnu-tools-for-stm32.7-2018-q2-update.linux64_1.5.0.202011040924/tools/bin/../lib/gcc/arm-none-eabi/7.3.1/../../../../arm-none-eabi/lib/thumb/v7e-m/fpv4-sp/hard/libc_nano.a(lib_a-fflush.o)
                0x000000000800b750                __sflush_r
 .text._fflush_r
                0x000000000800b85c       0x54 /opt/st/stm32cubeide_1.5.1/plugins/com.st.stm32cube.ide.mcu.externaltools.gnu-tools-for-stm32.7-2018-q2-update.linux64_1.5.0.202011040924/tools/bin/../lib/gcc/arm-none-eabi/7.3.1/../../../../arm-none-eabi/lib/thumb/v7e-m/fpv4-sp/hard/libc_nano.a(lib_a-fflush.o)
                0x000000000800b85c                _fflush_r
 .text.std      0x000000000800b8b0       0x48 /opt/st/stm32cubeide_1.5.1/plugins/com.st.stm32cube.ide.mcu.externaltools.gnu-tools-for-stm32.7-2018-q2-update.linux64_1.5.0.202011040924/tools/bin/../lib/gcc/arm-none-eabi/7.3.1/../../../../arm-none-eabi/lib/thumb/v7e-m/fpv4-sp/hard/libc_nano.a(lib_a-findfp.o)
 .text._cleanup_r
                0x000000000800b8f8        0xc /opt/st/stm32cubeide_1.5.1/plugins/com.st.stm32cube.ide.mcu.externaltools.gnu-tools-for-stm32.7-2018-q2-update.linux64_1.5.0.202011040924/tools/bin/../lib/gcc/arm-none-eabi/7.3.1/../../../../arm-none-eabi/lib/thumb/v7e-m/fpv4-sp/hard/libc_nano.a(lib_a-findfp.o)
                0x000000000800b8f8                _cleanup_r
 .text.__sfmoreglue
                0x000000000800b904       0x2c /opt/st/stm32cubeide_1.5.1/plugins/com.st.stm32cube.ide.mcu.externaltools.gnu-tools-for-stm32.7-2018-q2-update.linux64_1.5.0.202011040924/tools/bin/../lib/gcc/arm-none-eabi/7.3.1/../../../../arm-none-eabi/lib/thumb/v7e-m/fpv4-sp/hard/libc_nano.a(lib_a-findfp.o)
                0x000000000800b904                __sfmoreglue
 .text.__sinit  0x000000000800b930       0x60 /opt/st/stm32cubeide_1.5.1/plugins/com.st.stm32cube.ide.mcu.externaltools.gnu-tools-for-stm32.7-2018-q2-update.linux64_1.5.0.202011040924/tools/bin/../lib/gcc/arm-none-eabi/7.3.1/../../../../arm-none-eabi/lib/thumb/v7e-m/fpv4-sp/hard/libc_nano.a(lib_a-findfp.o)
                0x000000000800b930                __sinit
 .text.__sfp    0x000000000800b990       0x78 /opt/st/stm32cubeide_1.5.1/plugins/com.st.stm32cube.ide.mcu.externaltools.gnu-tools-for-stm32.7-2018-q2-update.linux64_1.5.0.202011040924/tools/bin/../lib/gcc/arm-none-eabi/7.3.1/../../../../arm-none-eabi/lib/thumb/v7e-m/fpv4-sp/hard/libc_nano.a(lib_a-findfp.o)
                0x000000000800b990                __sfp
 .text._fwalk_reent
                0x000000000800ba08       0x3c /opt/st/stm32cubeide_1.5.1/plugins/com.st.stm32cube.ide.mcu.externaltools.gnu-tools-for-stm32.7-2018-q2-update.linux64_1.5.0.202011040924/tools/bin/../lib/gcc/arm-none-eabi/7.3.1/../../../../arm-none-eabi/lib/thumb/v7e-m/fpv4-sp/hard/libc_nano.a(lib_a-fwalk.o)
                0x000000000800ba08                _fwalk_reent
 .text.__swhatbuf_r
                0x000000000800ba44       0x48 /opt/st/stm32cubeide_1.5.1/plugins/com.st.stm32cube.ide.mcu.externaltools.gnu-tools-for-stm32.7-2018-q2-update.linux64_1.5.0.202011040924/tools/bin/../lib/gcc/arm-none-eabi/7.3.1/../../../../arm-none-eabi/lib/thumb/v7e-m/fpv4-sp/hard/libc_nano.a(lib_a-makebuf.o)
                0x000000000800ba44                __swhatbuf_r
 .text.__smakebuf_r
                0x000000000800ba8c       0x80 /opt/st/stm32cubeide_1.5.1/plugins/com.st.stm32cube.ide.mcu.externaltools.gnu-tools-for-stm32.7-2018-q2-update.linux64_1.5.0.202011040924/tools/bin/../lib/gcc/arm-none-eabi/7.3.1/../../../../arm-none-eabi/lib/thumb/v7e-m/fpv4-sp/hard/libc_nano.a(lib_a-makebuf.o)
                0x000000000800ba8c                __smakebuf_r
 .text._free_r  0x000000000800bb0c       0x9c /opt/st/stm32cubeide_1.5.1/plugins/com.st.stm32cube.ide.mcu.externaltools.gnu-tools-for-stm32.7-2018-q2-update.linux64_1.5.0.202011040924/tools/bin/../lib/gcc/arm-none-eabi/7.3.1/../../../../arm-none-eabi/lib/thumb/v7e-m/fpv4-sp/hard/libc_nano.a(lib_a-nano-freer.o)
                0x000000000800bb0c                _free_r
 .text._malloc_r
                0x000000000800bba8       0xb4 /opt/st/stm32cubeide_1.5.1/plugins/com.st.stm32cube.ide.mcu.externaltools.gnu-tools-for-stm32.7-2018-q2-update.linux64_1.5.0.202011040924/tools/bin/../lib/gcc/arm-none-eabi/7.3.1/../../../../arm-none-eabi/lib/thumb/v7e-m/fpv4-sp/hard/libc_nano.a(lib_a-nano-mallocr.o)
                0x000000000800bba8                _malloc_r
 .text.__sfputc_r
                0x000000000800bc5c       0x2e /opt/st/stm32cubeide_1.5.1/plugins/com.st.stm32cube.ide.mcu.externaltools.gnu-tools-for-stm32.7-2018-q2-update.linux64_1.5.0.202011040924/tools/bin/../lib/gcc/arm-none-eabi/7.3.1/../../../../arm-none-eabi/lib/thumb/v7e-m/fpv4-sp/hard/libc_nano.a(lib_a-nano-vfprintf.o)
 .text.__sfputs_r
                0x000000000800bc8a       0x24 /opt/st/stm32cubeide_1.5.1/plugins/com.st.stm32cube.ide.mcu.externaltools.gnu-tools-for-stm32.7-2018-q2-update.linux64_1.5.0.202011040924/tools/bin/../lib/gcc/arm-none-eabi/7.3.1/../../../../arm-none-eabi/lib/thumb/v7e-m/fpv4-sp/hard/libc_nano.a(lib_a-nano-vfprintf.o)
                0x000000000800bc8a                __sfputs_r
 *fill*         0x000000000800bcae        0x2 
 .text._vfprintf_r
                0x000000000800bcb0      0x22c /opt/st/stm32cubeide_1.5.1/plugins/com.st.stm32cube.ide.mcu.externaltools.gnu-tools-for-stm32.7-2018-q2-update.linux64_1.5.0.202011040924/tools/bin/../lib/gcc/arm-none-eabi/7.3.1/../../../../arm-none-eabi/lib/thumb/v7e-m/fpv4-sp/hard/libc_nano.a(lib_a-nano-vfprintf.o)
                0x000000000800bcb0                _vfiprintf_r
                0x000000000800bcb0                _vfprintf_r
 .text._printf_common
                0x000000000800bedc       0xea /opt/st/stm32cubeide_1.5.1/plugins/com.st.stm32cube.ide.mcu.externaltools.gnu-tools-for-stm32.7-2018-q2-update.linux64_1.5.0.202011040924/tools/bin/../lib/gcc/arm-none-eabi/7.3.1/../../../../arm-none-eabi/lib/thumb/v7e-m/fpv4-sp/hard/libc_nano.a(lib_a-nano-vfprintf_i.o)
                0x000000000800bedc                _printf_common
 *fill*         0x000000000800bfc6        0x2 
 .text._printf_i
                0x000000000800bfc8      0x224 /opt/st/stm32cubeide_1.5.1/plugins/com.st.stm32cube.ide.mcu.externaltools.gnu-tools-for-stm32.7-2018-q2-update.linux64_1.5.0.202011040924/tools/bin/../lib/gcc/arm-none-eabi/7.3.1/../../../../arm-none-eabi/lib/thumb/v7e-m/fpv4-sp/hard/libc_nano.a(lib_a-nano-vfprintf_i.o)
                0x000000000800bfc8                _printf_i
 .text._sbrk_r  0x000000000800c1ec       0x20 /opt/st/stm32cubeide_1.5.1/plugins/com.st.stm32cube.ide.mcu.externaltools.gnu-tools-for-stm32.7-2018-q2-update.linux64_1.5.0.202011040924/tools/bin/../lib/gcc/arm-none-eabi/7.3.1/../../../../arm-none-eabi/lib/thumb/v7e-m/fpv4-sp/hard/libc_nano.a(lib_a-sbrkr.o)
                0x000000000800c1ec                _sbrk_r
 .text.__sread  0x000000000800c20c       0x22 /opt/st/stm32cubeide_1.5.1/plugins/com.st.stm32cube.ide.mcu.externaltools.gnu-tools-for-stm32.7-2018-q2-update.linux64_1.5.0.202011040924/tools/bin/../lib/gcc/arm-none-eabi/7.3.1/../../../../arm-none-eabi/lib/thumb/v7e-m/fpv4-sp/hard/libc_nano.a(lib_a-stdio.o)
                0x000000000800c20c                __sread
 .text.__swrite
                0x000000000800c22e       0x38 /opt/st/stm32cubeide_1.5.1/plugins/com.st.stm32cube.ide.mcu.externaltools.gnu-tools-for-stm32.7-2018-q2-update.linux64_1.5.0.202011040924/tools/bin/../lib/gcc/arm-none-eabi/7.3.1/../../../../arm-none-eabi/lib/thumb/v7e-m/fpv4-sp/hard/libc_nano.a(lib_a-stdio.o)
                0x000000000800c22e                __swrite
 .text.__sseek  0x000000000800c266       0x24 /opt/st/stm32cubeide_1.5.1/plugins/com.st.stm32cube.ide.mcu.externaltools.gnu-tools-for-stm32.7-2018-q2-update.linux64_1.5.0.202011040924/tools/bin/../lib/gcc/arm-none-eabi/7.3.1/../../../../arm-none-eabi/lib/thumb/v7e-m/fpv4-sp/hard/libc_nano.a(lib_a-stdio.o)
                0x000000000800c266                __sseek
 .text.__sclose
                0x000000000800c28a        0x8 /opt/st/stm32cubeide_1.5.1/plugins/com.st.stm32cube.ide.mcu.externaltools.gnu-tools-for-stm32.7-2018-q2-update.linux64_1.5.0.202011040924/tools/bin/../lib/gcc/arm-none-eabi/7.3.1/../../../../arm-none-eabi/lib/thumb/v7e-m/fpv4-sp/hard/libc_nano.a(lib_a-stdio.o)
                0x000000000800c28a                __sclose
 *fill*         0x000000000800c292        0x2 
 .text._write_r
                0x000000000800c294       0x24 /opt/st/stm32cubeide_1.5.1/plugins/com.st.stm32cube.ide.mcu.externaltools.gnu-tools-for-stm32.7-2018-q2-update.linux64_1.5.0.202011040924/tools/bin/../lib/gcc/arm-none-eabi/7.3.1/../../../../arm-none-eabi/lib/thumb/v7e-m/fpv4-sp/hard/libc_nano.a(lib_a-writer.o)
                0x000000000800c294                _write_r
 .text._close_r
                0x000000000800c2b8       0x20 /opt/st/stm32cubeide_1.5.1/plugins/com.st.stm32cube.ide.mcu.externaltools.gnu-tools-for-stm32.7-2018-q2-update.linux64_1.5.0.202011040924/tools/bin/../lib/gcc/arm-none-eabi/7.3.1/../../../../arm-none-eabi/lib/thumb/v7e-m/fpv4-sp/hard/libc_nano.a(lib_a-closer.o)
                0x000000000800c2b8                _close_r
 .text._fstat_r
                0x000000000800c2d8       0x24 /opt/st/stm32cubeide_1.5.1/plugins/com.st.stm32cube.ide.mcu.externaltools.gnu-tools-for-stm32.7-2018-q2-update.linux64_1.5.0.202011040924/tools/bin/../lib/gcc/arm-none-eabi/7.3.1/../../../../arm-none-eabi/lib/thumb/v7e-m/fpv4-sp/hard/libc_nano.a(lib_a-fstatr.o)
                0x000000000800c2d8                _fstat_r
 .text._isatty_r
                0x000000000800c2fc       0x20 /opt/st/stm32cubeide_1.5.1/plugins/com.st.stm32cube.ide.mcu.externaltools.gnu-tools-for-stm32.7-2018-q2-update.linux64_1.5.0.202011040924/tools/bin/../lib/gcc/arm-none-eabi/7.3.1/../../../../arm-none-eabi/lib/thumb/v7e-m/fpv4-sp/hard/libc_nano.a(lib_a-isattyr.o)
                0x000000000800c2fc                _isatty_r
 .text._lseek_r
                0x000000000800c31c       0x24 /opt/st/stm32cubeide_1.5.1/plugins/com.st.stm32cube.ide.mcu.externaltools.gnu-tools-for-stm32.7-2018-q2-update.linux64_1.5.0.202011040924/tools/bin/../lib/gcc/arm-none-eabi/7.3.1/../../../../arm-none-eabi/lib/thumb/v7e-m/fpv4-sp/hard/libc_nano.a(lib_a-lseekr.o)
                0x000000000800c31c                _lseek_r
 .text.__malloc_lock
                0x000000000800c340        0x2 /opt/st/stm32cubeide_1.5.1/plugins/com.st.stm32cube.ide.mcu.externaltools.gnu-tools-for-stm32.7-2018-q2-update.linux64_1.5.0.202011040924/tools/bin/../lib/gcc/arm-none-eabi/7.3.1/../../../../arm-none-eabi/lib/thumb/v7e-m/fpv4-sp/hard/libc_nano.a(lib_a-mlock.o)
                0x000000000800c340                __malloc_lock
 .text.__malloc_unlock
                0x000000000800c342        0x2 /opt/st/stm32cubeide_1.5.1/plugins/com.st.stm32cube.ide.mcu.externaltools.gnu-tools-for-stm32.7-2018-q2-update.linux64_1.5.0.202011040924/tools/bin/../lib/gcc/arm-none-eabi/7.3.1/../../../../arm-none-eabi/lib/thumb/v7e-m/fpv4-sp/hard/libc_nano.a(lib_a-mlock.o)
                0x000000000800c342                __malloc_unlock
 .text._read_r  0x000000000800c344       0x24 /opt/st/stm32cubeide_1.5.1/plugins/com.st.stm32cube.ide.mcu.externaltools.gnu-tools-for-stm32.7-2018-q2-update.linux64_1.5.0.202011040924/tools/bin/../lib/gcc/arm-none-eabi/7.3.1/../../../../arm-none-eabi/lib/thumb/v7e-m/fpv4-sp/hard/libc_nano.a(lib_a-readr.o)
                0x000000000800c344                _read_r
 *(.glue_7)
 .glue_7        0x000000000800c368        0x0 linker stubs
 *(.glue_7t)
 .glue_7t       0x000000000800c368        0x0 linker stubs
 *(.eh_frame)
 .eh_frame      0x000000000800c368        0x0 /opt/st/stm32cubeide_1.5.1/plugins/com.st.stm32cube.ide.mcu.externaltools.gnu-tools-for-stm32.7-2018-q2-update.linux64_1.5.0.202011040924/tools/bin/../lib/gcc/arm-none-eabi/7.3.1/thumb/v7e-m/fpv4-sp/hard/crtbegin.o
 *(.init)
 .init          0x000000000800c368        0x4 /opt/st/stm32cubeide_1.5.1/plugins/com.st.stm32cube.ide.mcu.externaltools.gnu-tools-for-stm32.7-2018-q2-update.linux64_1.5.0.202011040924/tools/bin/../lib/gcc/arm-none-eabi/7.3.1/thumb/v7e-m/fpv4-sp/hard/crti.o
                0x000000000800c368                _init
 .init          0x000000000800c36c        0x8 /opt/st/stm32cubeide_1.5.1/plugins/com.st.stm32cube.ide.mcu.externaltools.gnu-tools-for-stm32.7-2018-q2-update.linux64_1.5.0.202011040924/tools/bin/../lib/gcc/arm-none-eabi/7.3.1/thumb/v7e-m/fpv4-sp/hard/crtn.o
 *(.fini)
 .fini          0x000000000800c374        0x4 /opt/st/stm32cubeide_1.5.1/plugins/com.st.stm32cube.ide.mcu.externaltools.gnu-tools-for-stm32.7-2018-q2-update.linux64_1.5.0.202011040924/tools/bin/../lib/gcc/arm-none-eabi/7.3.1/thumb/v7e-m/fpv4-sp/hard/crti.o
                0x000000000800c374                _fini
 .fini          0x000000000800c378        0x8 /opt/st/stm32cubeide_1.5.1/plugins/com.st.stm32cube.ide.mcu.externaltools.gnu-tools-for-stm32.7-2018-q2-update.linux64_1.5.0.202011040924/tools/bin/../lib/gcc/arm-none-eabi/7.3.1/thumb/v7e-m/fpv4-sp/hard/crtn.o
                0x000000000800c380                . = ALIGN (0x4)
                0x000000000800c380                _etext = .

.vfp11_veneer   0x000000000800c380        0x0
 .vfp11_veneer  0x000000000800c380        0x0 linker stubs

.v4_bx          0x000000000800c380        0x0
 .v4_bx         0x000000000800c380        0x0 linker stubs

.iplt           0x000000000800c380        0x0
 .iplt          0x000000000800c380        0x0 /opt/st/stm32cubeide_1.5.1/plugins/com.st.stm32cube.ide.mcu.externaltools.gnu-tools-for-stm32.7-2018-q2-update.linux64_1.5.0.202011040924/tools/bin/../lib/gcc/arm-none-eabi/7.3.1/thumb/v7e-m/fpv4-sp/hard/crtbegin.o

.rodata         0x000000000800c380      0x4d8
                0x000000000800c380                . = ALIGN (0x4)
 *(.rodata)
 .rodata        0x000000000800c380       0x2b Core/Src/fatfs.o
 *fill*         0x000000000800c3ab        0x1 
 .rodata        0x000000000800c3ac       0x44 Core/Src/ff.o
 .rodata        0x000000000800c3f0      0x117 Core/Src/fops.o
 *fill*         0x000000000800c507        0x1 
 .rodata        0x000000000800c508      0x17c Core/Src/main.o
 .rodata        0x000000000800c684       0x2e Core/Src/user_diskio.o
 *fill*         0x000000000800c6b2        0x2 
 .rodata        0x000000000800c6b4       0x59 FreeRTOS/tasks.o
 *fill*         0x000000000800c70d        0x3 
 .rodata        0x000000000800c710        0xd FreeRTOS/timers.o
 *(.rodata*)
 *fill*         0x000000000800c71d        0x3 
 .rodata.ExCvt  0x000000000800c720       0x80 Core/Src/ff.o
 .rodata.AHBPrescTable
                0x000000000800c7a0       0x10 Core/Src/system_stm32f4xx.o
                0x000000000800c7a0                AHBPrescTable
 .rodata.APBPrescTable
                0x000000000800c7b0        0x8 Core/Src/system_stm32f4xx.o
                0x000000000800c7b0                APBPrescTable
 .rodata.flagBitshiftOffset.8604
                0x000000000800c7b8        0x8 Drivers/STM32F4xx_HAL_Driver/Src/stm32f4xx_hal_dma.o
 .rodata._global_impure_ptr
                0x000000000800c7c0        0x4 /opt/st/stm32cubeide_1.5.1/plugins/com.st.stm32cube.ide.mcu.externaltools.gnu-tools-for-stm32.7-2018-q2-update.linux64_1.5.0.202011040924/tools/bin/../lib/gcc/arm-none-eabi/7.3.1/../../../../arm-none-eabi/lib/thumb/v7e-m/fpv4-sp/hard/libc_nano.a(lib_a-impure.o)
                0x000000000800c7c0                _global_impure_ptr
 .rodata.__sf_fake_stderr
                0x000000000800c7c4       0x20 /opt/st/stm32cubeide_1.5.1/plugins/com.st.stm32cube.ide.mcu.externaltools.gnu-tools-for-stm32.7-2018-q2-update.linux64_1.5.0.202011040924/tools/bin/../lib/gcc/arm-none-eabi/7.3.1/../../../../arm-none-eabi/lib/thumb/v7e-m/fpv4-sp/hard/libc_nano.a(lib_a-findfp.o)
                0x000000000800c7c4                __sf_fake_stderr
 .rodata.__sf_fake_stdin
                0x000000000800c7e4       0x20 /opt/st/stm32cubeide_1.5.1/plugins/com.st.stm32cube.ide.mcu.externaltools.gnu-tools-for-stm32.7-2018-q2-update.linux64_1.5.0.202011040924/tools/bin/../lib/gcc/arm-none-eabi/7.3.1/../../../../arm-none-eabi/lib/thumb/v7e-m/fpv4-sp/hard/libc_nano.a(lib_a-findfp.o)
                0x000000000800c7e4                __sf_fake_stdin
 .rodata.__sf_fake_stdout
                0x000000000800c804       0x20 /opt/st/stm32cubeide_1.5.1/plugins/com.st.stm32cube.ide.mcu.externaltools.gnu-tools-for-stm32.7-2018-q2-update.linux64_1.5.0.202011040924/tools/bin/../lib/gcc/arm-none-eabi/7.3.1/../../../../arm-none-eabi/lib/thumb/v7e-m/fpv4-sp/hard/libc_nano.a(lib_a-findfp.o)
                0x000000000800c804                __sf_fake_stdout
 .rodata._vfprintf_r.str1.1
                0x000000000800c824       0x11 /opt/st/stm32cubeide_1.5.1/plugins/com.st.stm32cube.ide.mcu.externaltools.gnu-tools-for-stm32.7-2018-q2-update.linux64_1.5.0.202011040924/tools/bin/../lib/gcc/arm-none-eabi/7.3.1/../../../../arm-none-eabi/lib/thumb/v7e-m/fpv4-sp/hard/libc_nano.a(lib_a-nano-vfprintf.o)
 .rodata._printf_i.str1.1
                0x000000000800c835       0x22 /opt/st/stm32cubeide_1.5.1/plugins/com.st.stm32cube.ide.mcu.externaltools.gnu-tools-for-stm32.7-2018-q2-update.linux64_1.5.0.202011040924/tools/bin/../lib/gcc/arm-none-eabi/7.3.1/../../../../arm-none-eabi/lib/thumb/v7e-m/fpv4-sp/hard/libc_nano.a(lib_a-nano-vfprintf_i.o)
                0x000000000800c858                . = ALIGN (0x4)
 *fill*         0x000000000800c857        0x1 

.ARM.extab      0x000000000800c858        0x0
                0x000000000800c858                . = ALIGN (0x4)
 *(.ARM.extab* .gnu.linkonce.armextab.*)
                0x000000000800c858                . = ALIGN (0x4)

.ARM            0x000000000800c858        0x8
                0x000000000800c858                . = ALIGN (0x4)
                0x000000000800c858                __exidx_start = .
 *(.ARM.exidx*)
 .ARM.exidx     0x000000000800c858        0x8 /opt/st/stm32cubeide_1.5.1/plugins/com.st.stm32cube.ide.mcu.externaltools.gnu-tools-for-stm32.7-2018-q2-update.linux64_1.5.0.202011040924/tools/bin/../lib/gcc/arm-none-eabi/7.3.1/thumb/v7e-m/fpv4-sp/hard/libgcc.a(_udivmoddi4.o)
                0x000000000800c860                __exidx_end = .
                0x000000000800c860                . = ALIGN (0x4)

.rel.dyn        0x000000000800c860        0x0
 .rel.iplt      0x000000000800c860        0x0 /opt/st/stm32cubeide_1.5.1/plugins/com.st.stm32cube.ide.mcu.externaltools.gnu-tools-for-stm32.7-2018-q2-update.linux64_1.5.0.202011040924/tools/bin/../lib/gcc/arm-none-eabi/7.3.1/thumb/v7e-m/fpv4-sp/hard/crtbegin.o

.preinit_array  0x000000000800c860        0x0
                0x000000000800c860                . = ALIGN (0x4)
                0x000000000800c860                PROVIDE (__preinit_array_start = .)
 *(.preinit_array*)
                0x000000000800c860                PROVIDE (__preinit_array_end = .)
                0x000000000800c860                . = ALIGN (0x4)

.init_array     0x000000000800c860        0x4
                0x000000000800c860                . = ALIGN (0x4)
                0x000000000800c860                PROVIDE (__init_array_start = .)
 *(SORT_BY_NAME(.init_array.*))
 *(.init_array*)
 .init_array    0x000000000800c860        0x4 /opt/st/stm32cubeide_1.5.1/plugins/com.st.stm32cube.ide.mcu.externaltools.gnu-tools-for-stm32.7-2018-q2-update.linux64_1.5.0.202011040924/tools/bin/../lib/gcc/arm-none-eabi/7.3.1/thumb/v7e-m/fpv4-sp/hard/crtbegin.o
                0x000000000800c864                PROVIDE (__init_array_end = .)
                0x000000000800c864                . = ALIGN (0x4)

.fini_array     0x000000000800c864        0x4
                0x000000000800c864                . = ALIGN (0x4)
                [!provide]                        PROVIDE (__fini_array_start = .)
 *(SORT_BY_NAME(.fini_array.*))
 *(.fini_array*)
 .fini_array    0x000000000800c864        0x4 /opt/st/stm32cubeide_1.5.1/plugins/com.st.stm32cube.ide.mcu.externaltools.gnu-tools-for-stm32.7-2018-q2-update.linux64_1.5.0.202011040924/tools/bin/../lib/gcc/arm-none-eabi/7.3.1/thumb/v7e-m/fpv4-sp/hard/crtbegin.o
                [!provide]                        PROVIDE (__fini_array_end = .)
                0x000000000800c868                . = ALIGN (0x4)
                0x000000000800c868                _sidata = LOADADDR (.data)

.data           0x0000000020000000       0x90 load address 0x000000000800c868
                0x0000000020000000                . = ALIGN (0x4)
                0x0000000020000000                _sdata = .
 *(.data)
 *(.data*)
 .data.flag     0x0000000020000000        0x1 Core/Src/main.o
                0x0000000020000000                flag
 *fill*         0x0000000020000001        0x3 
 .data.SystemCoreClock
                0x0000000020000004        0x4 Core/Src/system_stm32f4xx.o
                0x0000000020000004                SystemCoreClock
 .data.Stat     0x0000000020000008        0x1 Core/Src/user_diskio.o
 *fill*         0x0000000020000009        0x3 
 .data.USER_Driver
                0x000000002000000c       0x14 Core/Src/user_diskio.o
                0x000000002000000c                USER_Driver
 .data.uwTickPrio
                0x0000000020000020        0x4 Drivers/STM32F4xx_HAL_Driver/Src/stm32f4xx_hal.o
                0x0000000020000020                uwTickPrio
 .data.uwTickFreq
                0x0000000020000024        0x1 Drivers/STM32F4xx_HAL_Driver/Src/stm32f4xx_hal.o
                0x0000000020000024                uwTickFreq
 *fill*         0x0000000020000025        0x3 
 .data.uxCriticalNesting
                0x0000000020000028        0x4 FreeRTOS/portable/ARM_CM4F/port.o
 .data._impure_ptr
                0x000000002000002c        0x4 /opt/st/stm32cubeide_1.5.1/plugins/com.st.stm32cube.ide.mcu.externaltools.gnu-tools-for-stm32.7-2018-q2-update.linux64_1.5.0.202011040924/tools/bin/../lib/gcc/arm-none-eabi/7.3.1/../../../../arm-none-eabi/lib/thumb/v7e-m/fpv4-sp/hard/libc_nano.a(lib_a-impure.o)
                0x000000002000002c                _impure_ptr
 .data.impure_data
                0x0000000020000030       0x60 /opt/st/stm32cubeide_1.5.1/plugins/com.st.stm32cube.ide.mcu.externaltools.gnu-tools-for-stm32.7-2018-q2-update.linux64_1.5.0.202011040924/tools/bin/../lib/gcc/arm-none-eabi/7.3.1/../../../../arm-none-eabi/lib/thumb/v7e-m/fpv4-sp/hard/libc_nano.a(lib_a-impure.o)
 *(.RamFunc)
 *(.RamFunc*)
                0x0000000020000090                . = ALIGN (0x4)
                0x0000000020000090                _edata = .

.igot.plt       0x0000000020000090        0x0 load address 0x000000000800c8f8
 .igot.plt      0x0000000020000090        0x0 /opt/st/stm32cubeide_1.5.1/plugins/com.st.stm32cube.ide.mcu.externaltools.gnu-tools-for-stm32.7-2018-q2-update.linux64_1.5.0.202011040924/tools/bin/../lib/gcc/arm-none-eabi/7.3.1/thumb/v7e-m/fpv4-sp/hard/crtbegin.o
                0x0000000020000090                . = ALIGN (0x4)

.bss            0x0000000020000090    0x14b6c load address 0x000000000800c8f8
                0x0000000020000090                _sbss = .
                0x0000000020000090                __bss_start__ = _sbss
 *(.bss)
 .bss           0x0000000020000090       0x1c /opt/st/stm32cubeide_1.5.1/plugins/com.st.stm32cube.ide.mcu.externaltools.gnu-tools-for-stm32.7-2018-q2-update.linux64_1.5.0.202011040924/tools/bin/../lib/gcc/arm-none-eabi/7.3.1/thumb/v7e-m/fpv4-sp/hard/crtbegin.o
 *(.bss*)
 .bss.FatFs     0x00000000200000ac        0x4 Core/Src/ff.o
 .bss.Fsid      0x00000000200000b0        0x2 Core/Src/ff.o
 *fill*         0x00000000200000b2        0x2 
 .bss.Files     0x00000000200000b4       0x10 Core/Src/ff.o
 .bss.disk      0x00000000200000c4        0xc Core/Src/ff_gen_drv.o
                0x00000000200000c4                disk
 .bss.SD_Type   0x00000000200000d0        0x1 Core/Src/mmc_sd.o
                0x00000000200000d0                SD_Type
 *fill*         0x00000000200000d1        0x3 
 .bss.__sbrk_heap_end
                0x00000000200000d4        0x4 Core/Src/sysmem.o
 .bss.BufferCtl
                0x00000000200000d8     0x1008 Core/Src/waveplayer.o
 .bss.ucHeap    0x00000000200010e0    0x12c00 FreeRTOS/MemMang/heap_4.o
 .bss.xStart    0x0000000020013ce0        0x8 FreeRTOS/MemMang/heap_4.o
 .bss.pxEnd     0x0000000020013ce8        0x4 FreeRTOS/MemMang/heap_4.o
 .bss.xFreeBytesRemaining
                0x0000000020013cec        0x4 FreeRTOS/MemMang/heap_4.o
 .bss.xMinimumEverFreeBytesRemaining
                0x0000000020013cf0        0x4 FreeRTOS/MemMang/heap_4.o
 .bss.xBlockAllocatedBit
                0x0000000020013cf4        0x4 FreeRTOS/MemMang/heap_4.o
 .bss.pxCurrentTCB
                0x0000000020013cf8        0x4 FreeRTOS/tasks.o
                0x0000000020013cf8                pxCurrentTCB
 .bss.pxReadyTasksLists
                0x0000000020013cfc      0x12c FreeRTOS/tasks.o
 .bss.xDelayedTaskList1
                0x0000000020013e28       0x14 FreeRTOS/tasks.o
 .bss.xDelayedTaskList2
                0x0000000020013e3c       0x14 FreeRTOS/tasks.o
 .bss.pxDelayedTaskList
                0x0000000020013e50        0x4 FreeRTOS/tasks.o
 .bss.pxOverflowDelayedTaskList
                0x0000000020013e54        0x4 FreeRTOS/tasks.o
 .bss.xPendingReadyList
                0x0000000020013e58       0x14 FreeRTOS/tasks.o
 .bss.xTasksWaitingTermination
                0x0000000020013e6c       0x14 FreeRTOS/tasks.o
 .bss.uxDeletedTasksWaitingCleanUp
                0x0000000020013e80        0x4 FreeRTOS/tasks.o
 .bss.xSuspendedTaskList
                0x0000000020013e84       0x14 FreeRTOS/tasks.o
 .bss.uxCurrentNumberOfTasks
                0x0000000020013e98        0x4 FreeRTOS/tasks.o
 .bss.xTickCount
                0x0000000020013e9c        0x4 FreeRTOS/tasks.o
 .bss.uxTopReadyPriority
                0x0000000020013ea0        0x4 FreeRTOS/tasks.o
 .bss.xSchedulerRunning
                0x0000000020013ea4        0x4 FreeRTOS/tasks.o
 .bss.uxPendedTicks
                0x0000000020013ea8        0x4 FreeRTOS/tasks.o
 .bss.xYieldPending
                0x0000000020013eac        0x4 FreeRTOS/tasks.o
 .bss.xNumOfOverflows
                0x0000000020013eb0        0x4 FreeRTOS/tasks.o
 .bss.uxTaskNumber
                0x0000000020013eb4        0x4 FreeRTOS/tasks.o
 .bss.xNextTaskUnblockTime
                0x0000000020013eb8        0x4 FreeRTOS/tasks.o
 .bss.xIdleTaskHandle
                0x0000000020013ebc        0x4 FreeRTOS/tasks.o
 .bss.uxSchedulerSuspended
                0x0000000020013ec0        0x4 FreeRTOS/tasks.o
 .bss.xActiveTimerList1
                0x0000000020013ec4       0x14 FreeRTOS/timers.o
 .bss.xActiveTimerList2
                0x0000000020013ed8       0x14 FreeRTOS/timers.o
 .bss.pxCurrentTimerList
                0x0000000020013eec        0x4 FreeRTOS/timers.o
 .bss.pxOverflowTimerList
                0x0000000020013ef0        0x4 FreeRTOS/timers.o
 .bss.xTimerQueue
                0x0000000020013ef4        0x4 FreeRTOS/timers.o
 .bss.xTimerTaskHandle
                0x0000000020013ef8        0x4 FreeRTOS/timers.o
 .bss.xLastTime.7529
                0x0000000020013efc        0x4 FreeRTOS/timers.o
 .bss.ucMaxSysCallPriority
                0x0000000020013f00        0x1 FreeRTOS/portable/ARM_CM4F/port.o
 *fill*         0x0000000020013f01        0x3 
 .bss.ulMaxPRIGROUPValue
                0x0000000020013f04        0x4 FreeRTOS/portable/ARM_CM4F/port.o
 .bss.__malloc_free_list
                0x0000000020013f08        0x4 /opt/st/stm32cubeide_1.5.1/plugins/com.st.stm32cube.ide.mcu.externaltools.gnu-tools-for-stm32.7-2018-q2-update.linux64_1.5.0.202011040924/tools/bin/../lib/gcc/arm-none-eabi/7.3.1/../../../../arm-none-eabi/lib/thumb/v7e-m/fpv4-sp/hard/libc_nano.a(lib_a-nano-mallocr.o)
                0x0000000020013f08                __malloc_free_list
 .bss.__malloc_sbrk_start
                0x0000000020013f0c        0x4 /opt/st/stm32cubeide_1.5.1/plugins/com.st.stm32cube.ide.mcu.externaltools.gnu-tools-for-stm32.7-2018-q2-update.linux64_1.5.0.202011040924/tools/bin/../lib/gcc/arm-none-eabi/7.3.1/../../../../arm-none-eabi/lib/thumb/v7e-m/fpv4-sp/hard/libc_nano.a(lib_a-nano-mallocr.o)
                0x0000000020013f0c                __malloc_sbrk_start
 *(COMMON)
 COMMON         0x0000000020013f10       0xbc Core/Src/File_Handling.o
                0x0000000020013f10                br
                0x0000000020013f14                bw
                0x0000000020013f18                huart4
                0x0000000020013f58                fresult
                0x0000000020013f5c                hspi1
                0x0000000020013fb4                USBHfno
 COMMON         0x0000000020013fcc      0x468 Core/Src/fatfs.o
                0x0000000020013fcc                USERPath
                0x0000000020013fd0                retUSER
                0x0000000020013fd4                USERFile
                0x0000000020014204                USERFatFS
 COMMON         0x0000000020014434      0x104 Core/Src/main.o
                0x0000000020014434                hi2c1
                0x0000000020014488                xSemaphore
                0x000000002001448c                hdma_spi3_tx
                0x00000000200144ec                xMutex
                0x00000000200144f0                hi2s3
 COMMON         0x0000000020014538       0x40 Core/Src/stm32f4xx_hal_timebase_tim.o
                0x0000000020014538                htim6
 COMMON         0x0000000020014578      0x63c Core/Src/waveplayer.o
                0x0000000020014578                AudioState
                0x000000002001457c                WaveFormat
                0x00000000200145a8                FileList
                0x0000000020014984                WavFile
 COMMON         0x0000000020014bb4        0x4 Drivers/STM32F4xx_HAL_Driver/Src/stm32f4xx_hal.o
                0x0000000020014bb4                uwTick
 COMMON         0x0000000020014bb8       0x40 FreeRTOS/queue.o
                0x0000000020014bb8                xQueueRegistry
 COMMON         0x0000000020014bf8        0x4 /opt/st/stm32cubeide_1.5.1/plugins/com.st.stm32cube.ide.mcu.externaltools.gnu-tools-for-stm32.7-2018-q2-update.linux64_1.5.0.202011040924/tools/bin/../lib/gcc/arm-none-eabi/7.3.1/../../../../arm-none-eabi/lib/thumb/v7e-m/fpv4-sp/hard/libc_nano.a(lib_a-reent.o)
                0x0000000020014bf8                errno
                0x0000000020014bfc                . = ALIGN (0x4)
                0x0000000020014bfc                _ebss = .
                0x0000000020014bfc                __bss_end__ = _ebss

._user_heap_stack
                0x0000000020014bfc      0x604 load address 0x000000000800c8f8
                0x0000000020014c00                . = ALIGN (0x8)
 *fill*         0x0000000020014bfc        0x4 
                [!provide]                        PROVIDE (end = .)
                0x0000000020014c00                PROVIDE (_end = .)
                0x0000000020014e00                . = (. + _Min_Heap_Size)
 *fill*         0x0000000020014c00      0x200 
                0x0000000020015200                . = (. + _Min_Stack_Size)
 *fill*         0x0000000020014e00      0x400 
                0x0000000020015200                . = ALIGN (0x8)

/DISCARD/
 libc.a(*)
 libm.a(*)
 libgcc.a(*)

.ARM.attributes
                0x0000000000000000       0x30
 *(.ARM.attributes)
 .ARM.attributes
                0x0000000000000000       0x22 /opt/st/stm32cubeide_1.5.1/plugins/com.st.stm32cube.ide.mcu.externaltools.gnu-tools-for-stm32.7-2018-q2-update.linux64_1.5.0.202011040924/tools/bin/../lib/gcc/arm-none-eabi/7.3.1/thumb/v7e-m/fpv4-sp/hard/crti.o
 .ARM.attributes
                0x0000000000000022       0x34 /opt/st/stm32cubeide_1.5.1/plugins/com.st.stm32cube.ide.mcu.externaltools.gnu-tools-for-stm32.7-2018-q2-update.linux64_1.5.0.202011040924/tools/bin/../lib/gcc/arm-none-eabi/7.3.1/thumb/v7e-m/fpv4-sp/hard/crtbegin.o
 .ARM.attributes
                0x0000000000000056       0x39 Core/Src/AUDIO.o
 .ARM.attributes
                0x000000000000008f       0x39 Core/Src/File_Handling.o
 .ARM.attributes
                0x00000000000000c8       0x39 Core/Src/diskio.o
 .ARM.attributes
                0x0000000000000101       0x39 Core/Src/fatfs.o
 .ARM.attributes
                0x000000000000013a       0x39 Core/Src/ff.o
 .ARM.attributes
                0x0000000000000173       0x39 Core/Src/ff_gen_drv.o
 .ARM.attributes
                0x00000000000001ac       0x39 Core/Src/fops.o
 .ARM.attributes
                0x00000000000001e5       0x39 Core/Src/main.o
 .ARM.attributes
                0x000000000000021e       0x39 Core/Src/mmc_sd.o
 .ARM.attributes
                0x0000000000000257       0x39 Core/Src/stm32f4xx_hal_msp.o
 .ARM.attributes
                0x0000000000000290       0x39 Core/Src/stm32f4xx_hal_timebase_tim.o
 .ARM.attributes
                0x00000000000002c9       0x39 Core/Src/stm32f4xx_it.o
 .ARM.attributes
                0x0000000000000302       0x39 Core/Src/syscalls.o
 .ARM.attributes
                0x000000000000033b       0x39 Core/Src/sysmem.o
 .ARM.attributes
                0x0000000000000374       0x39 Core/Src/system_stm32f4xx.o
 .ARM.attributes
                0x00000000000003ad       0x39 Core/Src/user_diskio.o
 .ARM.attributes
                0x00000000000003e6       0x39 Core/Src/waveplayer.o
 .ARM.attributes
                0x000000000000041f       0x21 Core/Startup/startup_stm32f407vgtx.o
 .ARM.attributes
                0x0000000000000440       0x39 Drivers/STM32F4xx_HAL_Driver/Src/stm32f4xx_hal.o
 .ARM.attributes
                0x0000000000000479       0x39 Drivers/STM32F4xx_HAL_Driver/Src/stm32f4xx_hal_cortex.o
 .ARM.attributes
                0x00000000000004b2       0x39 Drivers/STM32F4xx_HAL_Driver/Src/stm32f4xx_hal_dma.o
 .ARM.attributes
                0x00000000000004eb       0x39 Drivers/STM32F4xx_HAL_Driver/Src/stm32f4xx_hal_gpio.o
 .ARM.attributes
                0x0000000000000524       0x39 Drivers/STM32F4xx_HAL_Driver/Src/stm32f4xx_hal_i2c.o
 .ARM.attributes
                0x000000000000055d       0x39 Drivers/STM32F4xx_HAL_Driver/Src/stm32f4xx_hal_i2s.o
 .ARM.attributes
                0x0000000000000596       0x39 Drivers/STM32F4xx_HAL_Driver/Src/stm32f4xx_hal_i2s_ex.o
 .ARM.attributes
                0x00000000000005cf       0x39 Drivers/STM32F4xx_HAL_Driver/Src/stm32f4xx_hal_rcc.o
 .ARM.attributes
                0x0000000000000608       0x39 Drivers/STM32F4xx_HAL_Driver/Src/stm32f4xx_hal_rcc_ex.o
 .ARM.attributes
                0x0000000000000641       0x39 Drivers/STM32F4xx_HAL_Driver/Src/stm32f4xx_hal_spi.o
 .ARM.attributes
                0x000000000000067a       0x39 Drivers/STM32F4xx_HAL_Driver/Src/stm32f4xx_hal_tim.o
 .ARM.attributes
                0x00000000000006b3       0x39 Drivers/STM32F4xx_HAL_Driver/Src/stm32f4xx_hal_tim_ex.o
 .ARM.attributes
                0x00000000000006ec       0x39 Drivers/STM32F4xx_HAL_Driver/Src/stm32f4xx_hal_uart.o
 .ARM.attributes
                0x0000000000000725       0x39 FreeRTOS/MemMang/heap_4.o
 .ARM.attributes
                0x000000000000075e       0x39 FreeRTOS/list.o
 .ARM.attributes
                0x0000000000000797       0x39 FreeRTOS/queue.o
 .ARM.attributes
                0x00000000000007d0       0x39 FreeRTOS/tasks.o
 .ARM.attributes
                0x0000000000000809       0x39 FreeRTOS/timers.o
 .ARM.attributes
                0x0000000000000842       0x39 FreeRTOS/portable/ARM_CM4F/port.o
 .ARM.attributes
                0x000000000000087b       0x34 /opt/st/stm32cubeide_1.5.1/plugins/com.st.stm32cube.ide.mcu.externaltools.gnu-tools-for-stm32.7-2018-q2-update.linux64_1.5.0.202011040924/tools/bin/../lib/gcc/arm-none-eabi/7.3.1/../../../../arm-none-eabi/lib/thumb/v7e-m/fpv4-sp/hard/libc_nano.a(lib_a-errno.o)
 .ARM.attributes
                0x00000000000008af       0x34 /opt/st/stm32cubeide_1.5.1/plugins/com.st.stm32cube.ide.mcu.externaltools.gnu-tools-for-stm32.7-2018-q2-update.linux64_1.5.0.202011040924/tools/bin/../lib/gcc/arm-none-eabi/7.3.1/../../../../arm-none-eabi/lib/thumb/v7e-m/fpv4-sp/hard/libc_nano.a(lib_a-impure.o)
 .ARM.attributes
                0x00000000000008e3       0x34 /opt/st/stm32cubeide_1.5.1/plugins/com.st.stm32cube.ide.mcu.externaltools.gnu-tools-for-stm32.7-2018-q2-update.linux64_1.5.0.202011040924/tools/bin/../lib/gcc/arm-none-eabi/7.3.1/../../../../arm-none-eabi/lib/thumb/v7e-m/fpv4-sp/hard/libc_nano.a(lib_a-init.o)
 .ARM.attributes
                0x0000000000000917       0x34 /opt/st/stm32cubeide_1.5.1/plugins/com.st.stm32cube.ide.mcu.externaltools.gnu-tools-for-stm32.7-2018-q2-update.linux64_1.5.0.202011040924/tools/bin/../lib/gcc/arm-none-eabi/7.3.1/../../../../arm-none-eabi/lib/thumb/v7e-m/fpv4-sp/hard/libc_nano.a(lib_a-memcmp.o)
 .ARM.attributes
                0x000000000000094b       0x34 /opt/st/stm32cubeide_1.5.1/plugins/com.st.stm32cube.ide.mcu.externaltools.gnu-tools-for-stm32.7-2018-q2-update.linux64_1.5.0.202011040924/tools/bin/../lib/gcc/arm-none-eabi/7.3.1/../../../../arm-none-eabi/lib/thumb/v7e-m/fpv4-sp/hard/libc_nano.a(lib_a-memcpy-stub.o)
 .ARM.attributes
                0x000000000000097f       0x34 /opt/st/stm32cubeide_1.5.1/plugins/com.st.stm32cube.ide.mcu.externaltools.gnu-tools-for-stm32.7-2018-q2-update.linux64_1.5.0.202011040924/tools/bin/../lib/gcc/arm-none-eabi/7.3.1/../../../../arm-none-eabi/lib/thumb/v7e-m/fpv4-sp/hard/libc_nano.a(lib_a-memset.o)
 .ARM.attributes
                0x00000000000009b3       0x34 /opt/st/stm32cubeide_1.5.1/plugins/com.st.stm32cube.ide.mcu.externaltools.gnu-tools-for-stm32.7-2018-q2-update.linux64_1.5.0.202011040924/tools/bin/../lib/gcc/arm-none-eabi/7.3.1/../../../../arm-none-eabi/lib/thumb/v7e-m/fpv4-sp/hard/libc_nano.a(lib_a-printf.o)
 .ARM.attributes
                0x00000000000009e7       0x34 /opt/st/stm32cubeide_1.5.1/plugins/com.st.stm32cube.ide.mcu.externaltools.gnu-tools-for-stm32.7-2018-q2-update.linux64_1.5.0.202011040924/tools/bin/../lib/gcc/arm-none-eabi/7.3.1/../../../../arm-none-eabi/lib/thumb/v7e-m/fpv4-sp/hard/libc_nano.a(lib_a-puts.o)
 .ARM.attributes
                0x0000000000000a1b       0x34 /opt/st/stm32cubeide_1.5.1/plugins/com.st.stm32cube.ide.mcu.externaltools.gnu-tools-for-stm32.7-2018-q2-update.linux64_1.5.0.202011040924/tools/bin/../lib/gcc/arm-none-eabi/7.3.1/../../../../arm-none-eabi/lib/thumb/v7e-m/fpv4-sp/hard/libc_nano.a(lib_a-wbuf.o)
 .ARM.attributes
                0x0000000000000a4f       0x34 /opt/st/stm32cubeide_1.5.1/plugins/com.st.stm32cube.ide.mcu.externaltools.gnu-tools-for-stm32.7-2018-q2-update.linux64_1.5.0.202011040924/tools/bin/../lib/gcc/arm-none-eabi/7.3.1/../../../../arm-none-eabi/lib/thumb/v7e-m/fpv4-sp/hard/libc_nano.a(lib_a-wsetup.o)
 .ARM.attributes
                0x0000000000000a83       0x34 /opt/st/stm32cubeide_1.5.1/plugins/com.st.stm32cube.ide.mcu.externaltools.gnu-tools-for-stm32.7-2018-q2-update.linux64_1.5.0.202011040924/tools/bin/../lib/gcc/arm-none-eabi/7.3.1/../../../../arm-none-eabi/lib/thumb/v7e-m/fpv4-sp/hard/libc_nano.a(lib_a-fflush.o)
 .ARM.attributes