main.c:98:6:SD_RdWrTest	16	static
main.c:119:5:main	32	static
main.c:223:6:SystemClock_Config	104	static
main.c:271:13:MX_I2C1_Init	8	static
main.c:303:13:MX_I2S3_Init	8	static
main.c:335:6:MX_SPI1_Init	8	static
main.c:371:13:MX_UART4_Init	8	static
main.c:400:13:MX_DMA_Init	16	static
main.c:417:13:MX_GPIO_Init	56	static
main.c:462:6:Task1	600	static
main.c:495:6:Task2	592	static
main.c:520:6:Task3	16	static
main.c:548:6:Task4	16	static
main.c:562:6:Task5	16	static
main.c:581:6:initMEMS	4	static
main.c:657:6:HAL_GPIO_EXTI_Callback	24	static,ignoring_inline_asm
main.c:688:6:HAL_TIM_PeriodElapsedCallback	16	static
main.c:704:6:Error_Handler	4	static,ignoring_inline_asm
