16:30:43 **** Incremental Build of configuration Debug for project Embedded_OS_Lab4_NE6091116 ****
make -j8 all 
arm-none-eabi-size   Embedded_OS_Lab4_NE6091116.elf 
   text	   data	    bss	    dec	    hex	filename
  17280	    128	   7320	  24728	   6098	Embedded_OS_Lab4_NE6091116.elf
Finished building: default.size.stdout
 
16:30:48 **** Incremental Build of configuration Debug for project Embedded_OS_Lab4_NE6091116 ****
make -j8 all 
arm-none-eabi-size   Embedded_OS_Lab4_NE6091116.elf 
   text	   data	    bss	    dec	    hex	filename
  17280	    128	   7320	  24728	   6098	Embedded_OS_Lab4_NE6091116.elf
Finished building: default.size.stdout
 
16:31:37 **** Incremental Build of configuration Debug for project Embedded_OS_Lab4_NE6091116 ****
make -j8 all 
arm-none-eabi-size   Embedded_OS_Lab4_NE6091116.elf 
   text	   data	    bss	    dec	    hex	filename
  17280	    128	   7320	  24728	   6098	Embedded_OS_Lab4_NE6091116.elf
Finished building: default.size.stdout
 
16:35:53 **** Incremental Build of configuration Debug for project Embedded_OS_Lab4_NE6091116 ****
make -j8 all 
arm-none-eabi-gcc "../FreeRTOS/portable/MemMang/heap_2.c" -mcpu=cortex-m4 -std=gnu11 -g3 -DUSE_HAL_DRIVER -DDEBUG -DSTM32F407xx -c -I../Core/Inc -I../Drivers/STM32F4xx_HAL_Driver/Inc -I../Drivers/STM32F4xx_HAL_Driver/Inc/Legacy -I../Drivers/CMSIS/Device/ST/STM32F4xx/Include -I../Drivers/CMSIS/Include -I"C:/Users/chien/STM32CubeIDE/workspace_1.5.1/Embedded_OS_Lab4_NE6091116/FreeRTOS/include" -I"C:/Users/chien/STM32CubeIDE/workspace_1.5.1/Embedded_OS_Lab4_NE6091116/FreeRTOS/portable/ARM_CM4F" -O0 -ffunction-sections -fdata-sections -Wall -fstack-usage -MMD -MP -MF"FreeRTOS/portable/MemMang/heap_2.d" -MT"FreeRTOS/portable/MemMang/heap_2.o" --specs=nano.specs -mfpu=fpv4-sp-d16 -mfloat-abi=hard -mthumb -o "FreeRTOS/portable/MemMang/heap_2.o"
arm-none-eabi-gcc -o "Embedded_OS_Lab4_NE6091116.elf" @"objects.list"   -mcpu=cortex-m4 -T"C:\Users\chien\STM32CubeIDE\workspace_1.5.1\Embedded_OS_Lab4_NE6091116\STM32F407VGTX_FLASH.ld" --specs=nosys.specs -Wl,-Map="Embedded_OS_Lab4_NE6091116.map" -Wl,--gc-sections -static --specs=nano.specs -mfpu=fpv4-sp-d16 -mfloat-abi=hard -mthumb -Wl,--start-group -lc -lm -Wl,--end-group
Finished building target: Embedded_OS_Lab4_NE6091116.elf
 
arm-none-eabi-objdump -h -S  Embedded_OS_Lab4_NE6091116.elf  > "Embedded_OS_Lab4_NE6091116.list"
arm-none-eabi-objcopy  -O binary  Embedded_OS_Lab4_NE6091116.elf  "Embedded_OS_Lab4_NE6091116.bin"
arm-none-eabi-size   Embedded_OS_Lab4_NE6091116.elf 
   text	   data	    bss	    dec	    hex	filename
  17312	    128	   7320	  24760	   60b8	Embedded_OS_Lab4_NE6091116.elf
Finished building: default.size.stdout
 
Finished building: Embedded_OS_Lab4_NE6091116.bin
 
Finished building: Embedded_OS_Lab4_NE6091116.list
 
17:01:17 **** Incremental Build of configuration Debug for project Embedded_OS_Lab4_NE6091116 ****
make -j8 all 
arm-none-eabi-gcc "../FreeRTOS/portable/MemMang/heap_2.c" -mcpu=cortex-m4 -std=gnu11 -g3 -DUSE_HAL_DRIVER -DDEBUG -DSTM32F407xx -c -I../Core/Inc -I../Drivers/STM32F4xx_HAL_Driver/Inc -I../Drivers/STM32F4xx_HAL_Driver/Inc/Legacy -I../Drivers/CMSIS/Device/ST/STM32F4xx/Include -I../Drivers/CMSIS/Include -I"C:/Users/chien/STM32CubeIDE/workspace_1.5.1/Embedded_OS_Lab4_NE6091116/FreeRTOS/include" -I"C:/Users/chien/STM32CubeIDE/workspace_1.5.1/Embedded_OS_Lab4_NE6091116/FreeRTOS/portable/ARM_CM4F" -O0 -ffunction-sections -fdata-sections -Wall -fstack-usage -MMD -MP -MF"FreeRTOS/portable/MemMang/heap_2.d" -MT"FreeRTOS/portable/MemMang/heap_2.o" --specs=nano.specs -mfpu=fpv4-sp-d16 -mfloat-abi=hard -mthumb -o "FreeRTOS/portable/MemMang/heap_2.o"
../FreeRTOS/portable/MemMang/heap_2.c: In function 'vPrintFreeList':
../FreeRTOS/portable/MemMang/heap_2.c:282:15: error: 'A_BLOCK_LINK' undeclared (first use in this function)
  pxLINKLIST = A_BLOCK_LINK;
               ^~~~~~~~~~~~
../FreeRTOS/portable/MemMang/heap_2.c:282:15: note: each undeclared identifier is reported only once for each function it appears in
../FreeRTOS/portable/MemMang/heap_2.c:283:25: error: 'BlockLink_t {aka struct A_BLOCK_LINK}' has no member named 'xStart'
  strncpy(item,pxLINKLIST->xStart,strlen(pxLINKLIST->xStart));
                         ^~
../FreeRTOS/portable/MemMang/heap_2.c:283:51: error: 'BlockLink_t {aka struct A_BLOCK_LINK}' has no member named 'xStart'
  strncpy(item,pxLINKLIST->xStart,strlen(pxLINKLIST->xStart));
                                                   ^~
../FreeRTOS/portable/MemMang/heap_2.c:279:7: warning: unused variable 'array' [-Wunused-variable]
  char array[] = "StartAddress   heapSTRUCT_SIZE  xBlockSize   EndAddress\n\r";
       ^~~~~
make: *** [FreeRTOS/portable/MemMang/subdir.mk:18: FreeRTOS/portable/MemMang/heap_2.o] Error 1
"make -j8 all" terminated with exit code 2. Build might be incomplete.
17:15:44 **** Incremental Build of configuration Debug for project Embedded_OS_Lab4_NE6091116 ****
make -j8 all 
arm-none-eabi-gcc "../FreeRTOS/portable/MemMang/heap_2.c" -mcpu=cortex-m4 -std=gnu11 -g3 -DUSE_HAL_DRIVER -DDEBUG -DSTM32F407xx -c -I../Core/Inc -I../Drivers/STM32F4xx_HAL_Driver/Inc -I../Drivers/STM32F4xx_HAL_Driver/Inc/Legacy -I../Drivers/CMSIS/Device/ST/STM32F4xx/Include -I../Drivers/CMSIS/Include -I"C:/Users/chien/STM32CubeIDE/workspace_1.5.1/Embedded_OS_Lab4_NE6091116/FreeRTOS/include" -I"C:/Users/chien/STM32CubeIDE/workspace_1.5.1/Embedded_OS_Lab4_NE6091116/FreeRTOS/portable/ARM_CM4F" -O0 -ffunction-sections -fdata-sections -Wall -fstack-usage -MMD -MP -MF"FreeRTOS/portable/MemMang/heap_2.d" -MT"FreeRTOS/portable/MemMang/heap_2.o" --specs=nano.specs -mfpu=fpv4-sp-d16 -mfloat-abi=hard -mthumb -o "FreeRTOS/portable/MemMang/heap_2.o"
../FreeRTOS/portable/MemMang/heap_2.c: In function 'vPrintFreeList':
../FreeRTOS/portable/MemMang/heap_2.c:284:30: error: incompatible type for argument 1 of 'strlen'
   strncpy(item,xStart,strlen(xStart));
                              ^~~~~~
In file included from C:/Users/chien/STM32CubeIDE/workspace_1.5.1/Embedded_OS_Lab4_NE6091116/FreeRTOS/include/task.h:39:0,
                 from ../FreeRTOS/portable/MemMang/heap_2.c:45:
c:\st\stm32cubeide_1.5.1\stm32cubeide\plugins\com.st.stm32cube.ide.mcu.externaltools.gnu-tools-for-stm32.7-2018-q2-update.win32_1.5.0.202011040924\tools\arm-none-eabi\include\string.h:41:9: note: expected 'const char *' but argument is of type 'BlockLink_t {aka struct A_BLOCK_LINK}'
 size_t  strlen (const char *);
         ^~~~~~
../FreeRTOS/portable/MemMang/heap_2.c:284:16: error: incompatible type for argument 2 of 'strncpy'
   strncpy(item,xStart,strlen(xStart));
                ^~~~~~
In file included from C:/Users/chien/STM32CubeIDE/workspace_1.5.1/Embedded_OS_Lab4_NE6091116/FreeRTOS/include/task.h:39:0,
                 from ../FreeRTOS/portable/MemMang/heap_2.c:45:
c:\st\stm32cubeide_1.5.1\stm32cubeide\plugins\com.st.stm32cube.ide.mcu.externaltools.gnu-tools-for-stm32.7-2018-q2-update.win32_1.5.0.202011040924\tools\arm-none-eabi\include\string.h:44:8: note: expected 'const char * restrict' but argument is of type 'BlockLink_t {aka struct A_BLOCK_LINK}'
 char  *strncpy (char *__restrict, const char *__restrict, size_t);
        ^~~~~~~
../FreeRTOS/portable/MemMang/heap_2.c:285:22: error: invalid type argument of '->' (have 'BlockLink_t {aka struct A_BLOCK_LINK}')
   pxLinkList = xStart->pxNextFreeBlock;
                      ^~
../FreeRTOS/portable/MemMang/heap_2.c:282:15: warning: variable 'pxLinkList' set but not used [-Wunused-but-set-variable]
  BlockLink_t *pxLinkList;
               ^~~~~~~~~~
make: *** [FreeRTOS/portable/MemMang/subdir.mk:18: FreeRTOS/portable/MemMang/heap_2.o] Error 1
"make -j8 all" terminated with exit code 2. Build might be incomplete.
17:18:29 **** Incremental Build of configuration Debug for project Embedded_OS_Lab4_NE6091116 ****
make -j8 all 
arm-none-eabi-gcc "../FreeRTOS/portable/MemMang/heap_2.c" -mcpu=cortex-m4 -std=gnu11 -g3 -DUSE_HAL_DRIVER -DDEBUG -DSTM32F407xx -c -I../Core/Inc -I../Drivers/STM32F4xx_HAL_Driver/Inc -I../Drivers/STM32F4xx_HAL_Driver/Inc/Legacy -I../Drivers/CMSIS/Device/ST/STM32F4xx/Include -I../Drivers/CMSIS/Include -I"C:/Users/chien/STM32CubeIDE/workspace_1.5.1/Embedded_OS_Lab4_NE6091116/FreeRTOS/include" -I"C:/Users/chien/STM32CubeIDE/workspace_1.5.1/Embedded_OS_Lab4_NE6091116/FreeRTOS/portable/ARM_CM4F" -O0 -ffunction-sections -fdata-sections -Wall -fstack-usage -MMD -MP -MF"FreeRTOS/portable/MemMang/heap_2.d" -MT"FreeRTOS/portable/MemMang/heap_2.o" --specs=nano.specs -mfpu=fpv4-sp-d16 -mfloat-abi=hard -mthumb -o "FreeRTOS/portable/MemMang/heap_2.o"
../FreeRTOS/portable/MemMang/heap_2.c: In function 'vPrintFreeList':
../FreeRTOS/portable/MemMang/heap_2.c:284:18: warning: format '%p' expects argument of type 'void *', but argument 3 has type 'BlockLink_t {aka struct A_BLOCK_LINK}' [-Wformat=]
   sprintf(item,"%p \n\r",xStart);
                 ~^
../FreeRTOS/portable/MemMang/heap_2.c:282:15: warning: unused variable 'pxLinkList' [-Wunused-variable]
  BlockLink_t *pxLinkList;
               ^~~~~~~~~~
arm-none-eabi-gcc -o "Embedded_OS_Lab4_NE6091116.elf" @"objects.list"   -mcpu=cortex-m4 -T"C:\Users\chien\STM32CubeIDE\workspace_1.5.1\Embedded_OS_Lab4_NE6091116\STM32F407VGTX_FLASH.ld" --specs=nosys.specs -Wl,-Map="Embedded_OS_Lab4_NE6091116.map" -Wl,--gc-sections -static --specs=nano.specs -mfpu=fpv4-sp-d16 -mfloat-abi=hard -mthumb -Wl,--start-group -lc -lm -Wl,--end-group
Finished building target: Embedded_OS_Lab4_NE6091116.elf
 
arm-none-eabi-objdump -h -S  Embedded_OS_Lab4_NE6091116.elf  > "Embedded_OS_Lab4_NE6091116.list"
arm-none-eabi-objcopy  -O binary  Embedded_OS_Lab4_NE6091116.elf  "Embedded_OS_Lab4_NE6091116.bin"
arm-none-eabi-size   Embedded_OS_Lab4_NE6091116.elf 
   text	   data	    bss	    dec	    hex	filename
  17480	    128	   7320	  24928	   6160	Embedded_OS_Lab4_NE6091116.elf
Finished building: default.size.stdout
 
Finished building: Embedded_OS_Lab4_NE6091116.bin
 
Finished building: Embedded_OS_Lab4_NE6091116.list
 
17:19:15 **** Incremental Build of configuration Debug for project Embedded_OS_Lab4_NE6091116 ****
make -j8 all 
arm-none-eabi-size   Embedded_OS_Lab4_NE6091116.elf 
   text	   data	    bss	    dec	    hex	filename
  17480	    128	   7320	  24928	   6160	Embedded_OS_Lab4_NE6091116.elf
Finished building: default.size.stdout
 
17:20:39 **** Incremental Build of configuration Debug for project Embedded_OS_Lab4_NE6091116 ****
make -j8 all 
arm-none-eabi-gcc "../FreeRTOS/portable/MemMang/heap_2.c" -mcpu=cortex-m4 -std=gnu11 -g3 -DUSE_HAL_DRIVER -DDEBUG -DSTM32F407xx -c -I../Core/Inc -I../Drivers/STM32F4xx_HAL_Driver/Inc -I../Drivers/STM32F4xx_HAL_Driver/Inc/Legacy -I../Drivers/CMSIS/Device/ST/STM32F4xx/Include -I../Drivers/CMSIS/Include -I"C:/Users/chien/STM32CubeIDE/workspace_1.5.1/Embedded_OS_Lab4_NE6091116/FreeRTOS/include" -I"C:/Users/chien/STM32CubeIDE/workspace_1.5.1/Embedded_OS_Lab4_NE6091116/FreeRTOS/portable/ARM_CM4F" -O0 -ffunction-sections -fdata-sections -Wall -fstack-usage -MMD -MP -MF"FreeRTOS/portable/MemMang/heap_2.d" -MT"FreeRTOS/portable/MemMang/heap_2.o" --specs=nano.specs -mfpu=fpv4-sp-d16 -mfloat-abi=hard -mthumb -o "FreeRTOS/portable/MemMang/heap_2.o"
../FreeRTOS/portable/MemMang/heap_2.c: In function 'vPrintFreeList':
../FreeRTOS/portable/MemMang/heap_2.c:284:18: warning: format '%p' expects argument of type 'void *', but argument 3 has type 'BlockLink_t {aka struct A_BLOCK_LINK}' [-Wformat=]
   sprintf(item,"%p \n\r",xStart);
                 ~^
../FreeRTOS/portable/MemMang/heap_2.c:286:22: error: invalid type argument of '->' (have 'BlockLink_t {aka struct A_BLOCK_LINK}')
   pxLinkList = xStart->pxNextFreeBlock;
                      ^~
../FreeRTOS/portable/MemMang/heap_2.c:282:15: warning: variable 'pxLinkList' set but not used [-Wunused-but-set-variable]
  BlockLink_t *pxLinkList;
               ^~~~~~~~~~
make: *** [FreeRTOS/portable/MemMang/subdir.mk:18: FreeRTOS/portable/MemMang/heap_2.o] Error 1
"make -j8 all" terminated with exit code 2. Build might be incomplete.
17:23:09 **** Incremental Build of configuration Debug for project Embedded_OS_Lab4_NE6091116 ****
make -j8 all 
arm-none-eabi-gcc "../FreeRTOS/portable/MemMang/heap_2.c" -mcpu=cortex-m4 -std=gnu11 -g3 -DUSE_HAL_DRIVER -DDEBUG -DSTM32F407xx -c -I../Core/Inc -I../Drivers/STM32F4xx_HAL_Driver/Inc -I../Drivers/STM32F4xx_HAL_Driver/Inc/Legacy -I../Drivers/CMSIS/Device/ST/STM32F4xx/Include -I../Drivers/CMSIS/Include -I"C:/Users/chien/STM32CubeIDE/workspace_1.5.1/Embedded_OS_Lab4_NE6091116/FreeRTOS/include" -I"C:/Users/chien/STM32CubeIDE/workspace_1.5.1/Embedded_OS_Lab4_NE6091116/FreeRTOS/portable/ARM_CM4F" -O0 -ffunction-sections -fdata-sections -Wall -fstack-usage -MMD -MP -MF"FreeRTOS/portable/MemMang/heap_2.d" -MT"FreeRTOS/portable/MemMang/heap_2.o" --specs=nano.specs -mfpu=fpv4-sp-d16 -mfloat-abi=hard -mthumb -o "FreeRTOS/portable/MemMang/heap_2.o"
../FreeRTOS/portable/MemMang/heap_2.c: In function 'vPrintFreeList':
../FreeRTOS/portable/MemMang/heap_2.c:284:21: error: invalid type argument of '->' (have 'BlockLink_t {aka struct A_BLOCK_LINK}')
  pxLinkList = xStart->pxNextFreeBlock;
                     ^~
../FreeRTOS/portable/MemMang/heap_2.c:286:18: warning: format '%p' expects argument of type 'void *', but argument 3 has type 'BlockLink_t {aka struct A_BLOCK_LINK}' [-Wformat=]
   sprintf(item,"%p \n\r",xStart);
                 ~^
../FreeRTOS/portable/MemMang/heap_2.c:283:15: warning: variable 'pxLink' set but not used [-Wunused-but-set-variable]
  BlockLink_t *pxLink;
               ^~~~~~
make: *** [FreeRTOS/portable/MemMang/subdir.mk:18: FreeRTOS/portable/MemMang/heap_2.o] Error 1
"make -j8 all" terminated with exit code 2. Build might be incomplete.
17:27:57 **** Incremental Build of configuration Debug for project Embedded_OS_Lab4_NE6091116 ****
make -j8 all 
arm-none-eabi-gcc "../FreeRTOS/portable/MemMang/heap_2.c" -mcpu=cortex-m4 -std=gnu11 -g3 -DUSE_HAL_DRIVER -DDEBUG -DSTM32F407xx -c -I../Core/Inc -I../Drivers/STM32F4xx_HAL_Driver/Inc -I../Drivers/STM32F4xx_HAL_Driver/Inc/Legacy -I../Drivers/CMSIS/Device/ST/STM32F4xx/Include -I../Drivers/CMSIS/Include -I"C:/Users/chien/STM32CubeIDE/workspace_1.5.1/Embedded_OS_Lab4_NE6091116/FreeRTOS/include" -I"C:/Users/chien/STM32CubeIDE/workspace_1.5.1/Embedded_OS_Lab4_NE6091116/FreeRTOS/portable/ARM_CM4F" -O0 -ffunction-sections -fdata-sections -Wall -fstack-usage -MMD -MP -MF"FreeRTOS/portable/MemMang/heap_2.d" -MT"FreeRTOS/portable/MemMang/heap_2.o" --specs=nano.specs -mfpu=fpv4-sp-d16 -mfloat-abi=hard -mthumb -o "FreeRTOS/portable/MemMang/heap_2.o"
../FreeRTOS/portable/MemMang/heap_2.c: In function 'vPrintFreeList':
../FreeRTOS/portable/MemMang/heap_2.c:284:22: error: invalid type argument of '->' (have 'BlockLink_t {aka struct A_BLOCK_LINK}')
  pxLinkList = &xStart->pxNextFreeBlock;
                      ^~
../FreeRTOS/portable/MemMang/heap_2.c:286:18: warning: format '%p' expects argument of type 'void *', but argument 3 has type 'BlockLink_t {aka struct A_BLOCK_LINK}' [-Wformat=]
   sprintf(item,"%p \n\r",xStart);
                 ~^
../FreeRTOS/portable/MemMang/heap_2.c:283:15: warning: variable 'pxLink' set but not used [-Wunused-but-set-variable]
  BlockLink_t *pxLink;
               ^~~~~~
make: *** [FreeRTOS/portable/MemMang/subdir.mk:18: FreeRTOS/portable/MemMang/heap_2.o] Error 1
"make -j8 all" terminated with exit code 2. Build might be incomplete.
17:28:39 **** Incremental Build of configuration Debug for project Embedded_OS_Lab4_NE6091116 ****
make -j8 all 
arm-none-eabi-gcc "../FreeRTOS/portable/MemMang/heap_2.c" -mcpu=cortex-m4 -std=gnu11 -g3 -DUSE_HAL_DRIVER -DDEBUG -DSTM32F407xx -c -I../Core/Inc -I../Drivers/STM32F4xx_HAL_Driver/Inc -I../Drivers/STM32F4xx_HAL_Driver/Inc/Legacy -I../Drivers/CMSIS/Device/ST/STM32F4xx/Include -I../Drivers/CMSIS/Include -I"C:/Users/chien/STM32CubeIDE/workspace_1.5.1/Embedded_OS_Lab4_NE6091116/FreeRTOS/include" -I"C:/Users/chien/STM32CubeIDE/workspace_1.5.1/Embedded_OS_Lab4_NE6091116/FreeRTOS/portable/ARM_CM4F" -O0 -ffunction-sections -fdata-sections -Wall -fstack-usage -MMD -MP -MF"FreeRTOS/portable/MemMang/heap_2.d" -MT"FreeRTOS/portable/MemMang/heap_2.o" --specs=nano.specs -mfpu=fpv4-sp-d16 -mfloat-abi=hard -mthumb -o "FreeRTOS/portable/MemMang/heap_2.o"
../FreeRTOS/portable/MemMang/heap_2.c: In function 'vPrintFreeList':
../FreeRTOS/portable/MemMang/heap_2.c:286:18: warning: format '%p' expects argument of type 'void *', but argument 3 has type 'BlockLink_t {aka struct A_BLOCK_LINK}' [-Wformat=]
   sprintf(item,"%p \n\r",xStart);
                 ~^
../FreeRTOS/portable/MemMang/heap_2.c:283:15: warning: variable 'pxLink' set but not used [-Wunused-but-set-variable]
  BlockLink_t *pxLink;
               ^~~~~~
arm-none-eabi-gcc -o "Embedded_OS_Lab4_NE6091116.elf" @"objects.list"   -mcpu=cortex-m4 -T"C:\Users\chien\STM32CubeIDE\workspace_1.5.1\Embedded_OS_Lab4_NE6091116\STM32F407VGTX_FLASH.ld" --specs=nosys.specs -Wl,-Map="Embedded_OS_Lab4_NE6091116.map" -Wl,--gc-sections -static --specs=nano.specs -mfpu=fpv4-sp-d16 -mfloat-abi=hard -mthumb -Wl,--start-group -lc -lm -Wl,--end-group
Finished building target: Embedded_OS_Lab4_NE6091116.elf
 
arm-none-eabi-objdump -h -S  Embedded_OS_Lab4_NE6091116.elf  > "Embedded_OS_Lab4_NE6091116.list"
arm-none-eabi-objcopy  -O binary  Embedded_OS_Lab4_NE6091116.elf  "Embedded_OS_Lab4_NE6091116.bin"
arm-none-eabi-size   Embedded_OS_Lab4_NE6091116.elf 
   text	   data	    bss	    dec	    hex	filename
  17508	    128	   7320	  24956	   617c	Embedded_OS_Lab4_NE6091116.elf
Finished building: default.size.stdout
 
Finished building: Embedded_OS_Lab4_NE6091116.bin
 
Finished building: Embedded_OS_Lab4_NE6091116.list
 
17:29:55 **** Incremental Build of configuration Debug for project Embedded_OS_Lab4_NE6091116 ****
make -j8 all 
arm-none-eabi-gcc "../FreeRTOS/portable/MemMang/heap_2.c" -mcpu=cortex-m4 -std=gnu11 -g3 -DUSE_HAL_DRIVER -DDEBUG -DSTM32F407xx -c -I../Core/Inc -I../Drivers/STM32F4xx_HAL_Driver/Inc -I../Drivers/STM32F4xx_HAL_Driver/Inc/Legacy -I../Drivers/CMSIS/Device/ST/STM32F4xx/Include -I../Drivers/CMSIS/Include -I"C:/Users/chien/STM32CubeIDE/workspace_1.5.1/Embedded_OS_Lab4_NE6091116/FreeRTOS/include" -I"C:/Users/chien/STM32CubeIDE/workspace_1.5.1/Embedded_OS_Lab4_NE6091116/FreeRTOS/portable/ARM_CM4F" -O0 -ffunction-sections -fdata-sections -Wall -fstack-usage -MMD -MP -MF"FreeRTOS/portable/MemMang/heap_2.d" -MT"FreeRTOS/portable/MemMang/heap_2.o" --specs=nano.specs -mfpu=fpv4-sp-d16 -mfloat-abi=hard -mthumb -o "FreeRTOS/portable/MemMang/heap_2.o"
../FreeRTOS/portable/MemMang/heap_2.c: In function 'vPrintFreeList':
../FreeRTOS/portable/MemMang/heap_2.c:283:15: warning: variable 'pxLink' set but not used [-Wunused-but-set-variable]
  BlockLink_t *pxLink;
               ^~~~~~
arm-none-eabi-gcc -o "Embedded_OS_Lab4_NE6091116.elf" @"objects.list"   -mcpu=cortex-m4 -T"C:\Users\chien\STM32CubeIDE\workspace_1.5.1\Embedded_OS_Lab4_NE6091116\STM32F407VGTX_FLASH.ld" --specs=nosys.specs -Wl,-Map="Embedded_OS_Lab4_NE6091116.map" -Wl,--gc-sections -static --specs=nano.specs -mfpu=fpv4-sp-d16 -mfloat-abi=hard -mthumb -Wl,--start-group -lc -lm -Wl,--end-group
Finished building target: Embedded_OS_Lab4_NE6091116.elf
 
arm-none-eabi-objdump -h -S  Embedded_OS_Lab4_NE6091116.elf  > "Embedded_OS_Lab4_NE6091116.list"
arm-none-eabi-objcopy  -O binary  Embedded_OS_Lab4_NE6091116.elf  "Embedded_OS_Lab4_NE6091116.bin"
arm-none-eabi-size   Embedded_OS_Lab4_NE6091116.elf 
   text	   data	    bss	    dec	    hex	filename
  17508	    128	   7320	  24956	   617c	Embedded_OS_Lab4_NE6091116.elf
Finished building: default.size.stdout
 
Finished building: Embedded_OS_Lab4_NE6091116.bin
 
Finished building: Embedded_OS_Lab4_NE6091116.list
 
17:30:20 **** Incremental Build of configuration Debug for project Embedded_OS_Lab4_NE6091116 ****
make -j8 all 
arm-none-eabi-size   Embedded_OS_Lab4_NE6091116.elf 
   text	   data	    bss	    dec	    hex	filename
  17508	    128	   7320	  24956	   617c	Embedded_OS_Lab4_NE6091116.elf
Finished building: default.size.stdout
 
17:31:09 **** Incremental Build of configuration Debug for project Embedded_OS_Lab4_NE6091116 ****
make -j8 all 
arm-none-eabi-size   Embedded_OS_Lab4_NE6091116.elf 
   text	   data	    bss	    dec	    hex	filename
  17508	    128	   7320	  24956	   617c	Embedded_OS_Lab4_NE6091116.elf
Finished building: default.size.stdout
 
01:42:22 **** Incremental Build of configuration Debug for project Embedded_OS_Lab4_NE6091116 ****
make -j8 all 
arm-none-eabi-gcc "../FreeRTOS/portable/MemMang/heap_2.c" -mcpu=cortex-m4 -std=gnu11 -g3 -DUSE_HAL_DRIVER -DDEBUG -DSTM32F407xx -c -I../Core/Inc -I../Drivers/STM32F4xx_HAL_Driver/Inc -I../Drivers/STM32F4xx_HAL_Driver/Inc/Legacy -I../Drivers/CMSIS/Device/ST/STM32F4xx/Include -I../Drivers/CMSIS/Include -I"C:/Users/chien/STM32CubeIDE/workspace_1.5.1/Embedded_OS_Lab4_NE6091116/FreeRTOS/include" -I"C:/Users/chien/STM32CubeIDE/workspace_1.5.1/Embedded_OS_Lab4_NE6091116/FreeRTOS/portable/ARM_CM4F" -O0 -ffunction-sections -fdata-sections -Wall -fstack-usage -MMD -MP -MF"FreeRTOS/portable/MemMang/heap_2.d" -MT"FreeRTOS/portable/MemMang/heap_2.o" --specs=nano.specs -mfpu=fpv4-sp-d16 -mfloat-abi=hard -mthumb -o "FreeRTOS/portable/MemMang/heap_2.o"
../FreeRTOS/portable/MemMang/heap_2.c: In function 'vPrintFreeList':
../FreeRTOS/portable/MemMang/heap_2.c:282:37: error: 'pxLinkListEnd' undeclared (first use in this function); did you mean 'pxLinkList'?
  BlockLink_t *pxLinkList = &xStart;*pxLinkListEnd;
                                     ^~~~~~~~~~~~~
                                     pxLinkList
../FreeRTOS/portable/MemMang/heap_2.c:282:37: note: each undeclared identifier is reported only once for each function it appears in
../FreeRTOS/portable/MemMang/heap_2.c:287:19: error: 'pxNextFreeBlock' undeclared (first use in this function)
   pxLinkListEnd = pxNextFreeBlock + xBlockSize;
                   ^~~~~~~~~~~~~~~
../FreeRTOS/portable/MemMang/heap_2.c:287:37: error: 'xBlockSize' undeclared (first use in this function); did you mean 'flockfile'?
   pxLinkListEnd = pxNextFreeBlock + xBlockSize;
                                     ^~~~~~~~~~
                                     flockfile
../FreeRTOS/portable/MemMang/heap_2.c:283:15: warning: variable 'pxLink' set but not used [-Wunused-but-set-variable]
  BlockLink_t *pxLink;
               ^~~~~~
make: *** [FreeRTOS/portable/MemMang/subdir.mk:18: FreeRTOS/portable/MemMang/heap_2.o] Error 1
"make -j8 all" terminated with exit code 2. Build might be incomplete.
01:42:32 **** Incremental Build of configuration Debug for project Embedded_OS_Lab4_NE6091116 ****
make -j8 all 
arm-none-eabi-gcc "../FreeRTOS/portable/MemMang/heap_2.c" -mcpu=cortex-m4 -std=gnu11 -g3 -DUSE_HAL_DRIVER -DDEBUG -DSTM32F407xx -c -I../Core/Inc -I../Drivers/STM32F4xx_HAL_Driver/Inc -I../Drivers/STM32F4xx_HAL_Driver/Inc/Legacy -I../Drivers/CMSIS/Device/ST/STM32F4xx/Include -I../Drivers/CMSIS/Include -I"C:/Users/chien/STM32CubeIDE/workspace_1.5.1/Embedded_OS_Lab4_NE6091116/FreeRTOS/include" -I"C:/Users/chien/STM32CubeIDE/workspace_1.5.1/Embedded_OS_Lab4_NE6091116/FreeRTOS/portable/ARM_CM4F" -O0 -ffunction-sections -fdata-sections -Wall -fstack-usage -MMD -MP -MF"FreeRTOS/portable/MemMang/heap_2.d" -MT"FreeRTOS/portable/MemMang/heap_2.o" --specs=nano.specs -mfpu=fpv4-sp-d16 -mfloat-abi=hard -mthumb -o "FreeRTOS/portable/MemMang/heap_2.o"
../FreeRTOS/portable/MemMang/heap_2.c: In function 'vPrintFreeList':
../FreeRTOS/portable/MemMang/heap_2.c:282:37: error: 'pxLinkListEnd' undeclared (first use in this function); did you mean 'pxLinkList'?
  BlockLink_t *pxLinkList = &xStart;*pxLinkListEnd;
                                     ^~~~~~~~~~~~~
                                     pxLinkList
../FreeRTOS/portable/MemMang/heap_2.c:282:37: note: each undeclared identifier is reported only once for each function it appears in
../FreeRTOS/portable/MemMang/heap_2.c:287:19: error: 'pxNextFreeBlock' undeclared (first use in this function)
   pxLinkListEnd = pxNextFreeBlock + xBlockSize;
                   ^~~~~~~~~~~~~~~
../FreeRTOS/portable/MemMang/heap_2.c:287:37: error: 'xBlockSize' undeclared (first use in this function); did you mean 'flockfile'?
   pxLinkListEnd = pxNextFreeBlock + xBlockSize;
                                     ^~~~~~~~~~
                                     flockfile
../FreeRTOS/portable/MemMang/heap_2.c:283:15: warning: variable 'pxLink' set but not used [-Wunused-but-set-variable]
  BlockLink_t *pxLink;
               ^~~~~~
make: *** [FreeRTOS/portable/MemMang/subdir.mk:18: FreeRTOS/portable/MemMang/heap_2.o] Error 1
"make -j8 all" terminated with exit code 2. Build might be incomplete.
01:42:46 **** Incremental Build of configuration Debug for project Embedded_OS_Lab4_NE6091116 ****
make -j8 all 
arm-none-eabi-gcc "../FreeRTOS/portable/MemMang/heap_2.c" -mcpu=cortex-m4 -std=gnu11 -g3 -DUSE_HAL_DRIVER -DDEBUG -DSTM32F407xx -c -I../Core/Inc -I../Drivers/STM32F4xx_HAL_Driver/Inc -I../Drivers/STM32F4xx_HAL_Driver/Inc/Legacy -I../Drivers/CMSIS/Device/ST/STM32F4xx/Include -I../Drivers/CMSIS/Include -I"C:/Users/chien/STM32CubeIDE/workspace_1.5.1/Embedded_OS_Lab4_NE6091116/FreeRTOS/include" -I"C:/Users/chien/STM32CubeIDE/workspace_1.5.1/Embedded_OS_Lab4_NE6091116/FreeRTOS/portable/ARM_CM4F" -O0 -ffunction-sections -fdata-sections -Wall -fstack-usage -MMD -MP -MF"FreeRTOS/portable/MemMang/heap_2.d" -MT"FreeRTOS/portable/MemMang/heap_2.o" --specs=nano.specs -mfpu=fpv4-sp-d16 -mfloat-abi=hard -mthumb -o "FreeRTOS/portable/MemMang/heap_2.o"
../FreeRTOS/portable/MemMang/heap_2.c: In function 'vPrintFreeList':
../FreeRTOS/portable/MemMang/heap_2.c:282:37: error: 'pxLinkListEnd' undeclared (first use in this function); did you mean 'pxLinkList'?
  BlockLink_t *pxLinkList = &xStart;*pxLinkListEnd;
                                     ^~~~~~~~~~~~~
                                     pxLinkList
../FreeRTOS/portable/MemMang/heap_2.c:282:37: note: each undeclared identifier is reported only once for each function it appears in
../FreeRTOS/portable/MemMang/heap_2.c:287:19: error: 'pxNextFreeBlock' undeclared (first use in this function)
   pxLinkListEnd = pxNextFreeBlock + xBlockSize;
                   ^~~~~~~~~~~~~~~
../FreeRTOS/portable/MemMang/heap_2.c:287:37: error: 'xBlockSize' undeclared (first use in this function); did you mean 'flockfile'?
   pxLinkListEnd = pxNextFreeBlock + xBlockSize;
                                     ^~~~~~~~~~
                                     flockfile
../FreeRTOS/portable/MemMang/heap_2.c:283:15: warning: variable 'pxLink' set but not used [-Wunused-but-set-variable]
  BlockLink_t *pxLink;
               ^~~~~~
make: *** [FreeRTOS/portable/MemMang/subdir.mk:18: FreeRTOS/portable/MemMang/heap_2.o] Error 1
"make -j8 all" terminated with exit code 2. Build might be incomplete.
15:17:42 **** Incremental Build of configuration Debug for project Embedded_OS_Lab4_NE6091116 ****
make -j8 all 
arm-none-eabi-gcc "../FreeRTOS/portable/MemMang/heap_2.c" -mcpu=cortex-m4 -std=gnu11 -g3 -DUSE_HAL_DRIVER -DDEBUG -DSTM32F407xx -c -I../Core/Inc -I../Drivers/STM32F4xx_HAL_Driver/Inc -I../Drivers/STM32F4xx_HAL_Driver/Inc/Legacy -I../Drivers/CMSIS/Device/ST/STM32F4xx/Include -I../Drivers/CMSIS/Include -I"C:/Users/chien/STM32CubeIDE/workspace_1.5.1/Embedded_OS_Lab4_NE6091116/FreeRTOS/include" -I"C:/Users/chien/STM32CubeIDE/workspace_1.5.1/Embedded_OS_Lab4_NE6091116/FreeRTOS/portable/ARM_CM4F" -O0 -ffunction-sections -fdata-sections -Wall -fstack-usage -MMD -MP -MF"FreeRTOS/portable/MemMang/heap_2.d" -MT"FreeRTOS/portable/MemMang/heap_2.o" --specs=nano.specs -mfpu=fpv4-sp-d16 -mfloat-abi=hard -mthumb -o "FreeRTOS/portable/MemMang/heap_2.o"
../FreeRTOS/portable/MemMang/heap_2.c: In function 'vPrintFreeList':
../FreeRTOS/portable/MemMang/heap_2.c:288:16: error: 'xBlockSize' undeclared (first use in this function); did you mean 'pxBlockSize'?
  pxBlockSize = xBlockSize;
                ^~~~~~~~~~
                pxBlockSize
../FreeRTOS/portable/MemMang/heap_2.c:288:16: note: each undeclared identifier is reported only once for each function it appears in
../FreeRTOS/portable/MemMang/heap_2.c:293:7: warning: suggest parentheses around assignment used as truth value [-Wparentheses]
   if (pxLinkList = pxLinkListEnd){
       ^~~~~~~~~~
../FreeRTOS/portable/MemMang/heap_2.c:285:15: warning: variable 'pxLink' set but not used [-Wunused-but-set-variable]
  BlockLink_t *pxLink;
               ^~~~~~
make: *** [FreeRTOS/portable/MemMang/subdir.mk:18: FreeRTOS/portable/MemMang/heap_2.o] Error 1
"make -j8 all" terminated with exit code 2. Build might be incomplete.
15:17:45 **** Incremental Build of configuration Debug for project Embedded_OS_Lab4_NE6091116 ****
make -j8 all 
arm-none-eabi-gcc "../FreeRTOS/portable/MemMang/heap_2.c" -mcpu=cortex-m4 -std=gnu11 -g3 -DUSE_HAL_DRIVER -DDEBUG -DSTM32F407xx -c -I../Core/Inc -I../Drivers/STM32F4xx_HAL_Driver/Inc -I../Drivers/STM32F4xx_HAL_Driver/Inc/Legacy -I../Drivers/CMSIS/Device/ST/STM32F4xx/Include -I../Drivers/CMSIS/Include -I"C:/Users/chien/STM32CubeIDE/workspace_1.5.1/Embedded_OS_Lab4_NE6091116/FreeRTOS/include" -I"C:/Users/chien/STM32CubeIDE/workspace_1.5.1/Embedded_OS_Lab4_NE6091116/FreeRTOS/portable/ARM_CM4F" -O0 -ffunction-sections -fdata-sections -Wall -fstack-usage -MMD -MP -MF"FreeRTOS/portable/MemMang/heap_2.d" -MT"FreeRTOS/portable/MemMang/heap_2.o" --specs=nano.specs -mfpu=fpv4-sp-d16 -mfloat-abi=hard -mthumb -o "FreeRTOS/portable/MemMang/heap_2.o"
../FreeRTOS/portable/MemMang/heap_2.c: In function 'vPrintFreeList':
../FreeRTOS/portable/MemMang/heap_2.c:288:16: error: 'xBlockSize' undeclared (first use in this function); did you mean 'pxBlockSize'?
  pxBlockSize = xBlockSize;
                ^~~~~~~~~~
                pxBlockSize
../FreeRTOS/portable/MemMang/heap_2.c:288:16: note: each undeclared identifier is reported only once for each function it appears in
../FreeRTOS/portable/MemMang/heap_2.c:293:7: warning: suggest parentheses around assignment used as truth value [-Wparentheses]
   if (pxLinkList = pxLinkListEnd){
       ^~~~~~~~~~
../FreeRTOS/portable/MemMang/heap_2.c:285:15: warning: variable 'pxLink' set but not used [-Wunused-but-set-variable]
  BlockLink_t *pxLink;
               ^~~~~~
make: *** [FreeRTOS/portable/MemMang/subdir.mk:18: FreeRTOS/portable/MemMang/heap_2.o] Error 1
"make -j8 all" terminated with exit code 2. Build might be incomplete.
15:36:35 **** Incremental Build of configuration Debug for project Embedded_OS_Lab4_NE6091116 ****
make -j8 all 
arm-none-eabi-gcc "../FreeRTOS/portable/MemMang/heap_2.c" -mcpu=cortex-m4 -std=gnu11 -g3 -DUSE_HAL_DRIVER -DDEBUG -DSTM32F407xx -c -I../Core/Inc -I../Drivers/STM32F4xx_HAL_Driver/Inc -I../Drivers/STM32F4xx_HAL_Driver/Inc/Legacy -I../Drivers/CMSIS/Device/ST/STM32F4xx/Include -I../Drivers/CMSIS/Include -I"C:/Users/chien/STM32CubeIDE/workspace_1.5.1/Embedded_OS_Lab4_NE6091116/FreeRTOS/include" -I"C:/Users/chien/STM32CubeIDE/workspace_1.5.1/Embedded_OS_Lab4_NE6091116/FreeRTOS/portable/ARM_CM4F" -O0 -ffunction-sections -fdata-sections -Wall -fstack-usage -MMD -MP -MF"FreeRTOS/portable/MemMang/heap_2.d" -MT"FreeRTOS/portable/MemMang/heap_2.o" --specs=nano.specs -mfpu=fpv4-sp-d16 -mfloat-abi=hard -mthumb -o "FreeRTOS/portable/MemMang/heap_2.o"
../FreeRTOS/portable/MemMang/heap_2.c: In function 'vPrintFreeList':
../FreeRTOS/portable/MemMang/heap_2.c:288:16: error: 'xBlockSize' undeclared (first use in this function); did you mean 'pxBlockSize'?
  pxBlockSize = xBlockSize;
                ^~~~~~~~~~
                pxBlockSize
../FreeRTOS/portable/MemMang/heap_2.c:288:16: note: each undeclared identifier is reported only once for each function it appears in
../FreeRTOS/portable/MemMang/heap_2.c:293:7: warning: suggest parentheses around assignment used as truth value [-Wparentheses]
   if (pxLinkList = pxLinkListEnd){
       ^~~~~~~~~~
../FreeRTOS/portable/MemMang/heap_2.c:285:15: warning: variable 'pxLink' set but not used [-Wunused-but-set-variable]
  BlockLink_t *pxLink;
               ^~~~~~
make: *** [FreeRTOS/portable/MemMang/subdir.mk:18: FreeRTOS/portable/MemMang/heap_2.o] Error 1
"make -j8 all" terminated with exit code 2. Build might be incomplete.
15:39:41 **** Incremental Build of configuration Debug for project Embedded_OS_Lab4_NE6091116 ****
make -j8 all 
arm-none-eabi-gcc "../FreeRTOS/portable/MemMang/heap_2.c" -mcpu=cortex-m4 -std=gnu11 -g3 -DUSE_HAL_DRIVER -DDEBUG -DSTM32F407xx -c -I../Core/Inc -I../Drivers/STM32F4xx_HAL_Driver/Inc -I../Drivers/STM32F4xx_HAL_Driver/Inc/Legacy -I../Drivers/CMSIS/Device/ST/STM32F4xx/Include -I../Drivers/CMSIS/Include -I"C:/Users/chien/STM32CubeIDE/workspace_1.5.1/Embedded_OS_Lab4_NE6091116/FreeRTOS/include" -I"C:/Users/chien/STM32CubeIDE/workspace_1.5.1/Embedded_OS_Lab4_NE6091116/FreeRTOS/portable/ARM_CM4F" -O0 -ffunction-sections -fdata-sections -Wall -fstack-usage -MMD -MP -MF"FreeRTOS/portable/MemMang/heap_2.d" -MT"FreeRTOS/portable/MemMang/heap_2.o" --specs=nano.specs -mfpu=fpv4-sp-d16 -mfloat-abi=hard -mthumb -o "FreeRTOS/portable/MemMang/heap_2.o"
../FreeRTOS/portable/MemMang/heap_2.c: In function 'vPrintFreeList':
../FreeRTOS/portable/MemMang/heap_2.c:291:47: error: 'xBlockSize' undeclared (first use in this function); did you mean 'pxBlockSize'?
   sprintf(item,"%p ,%p ,%p \n\r", pxLinkList, xBlockSize, pxLinkListEnd);
                                               ^~~~~~~~~~
                                               pxBlockSize
../FreeRTOS/portable/MemMang/heap_2.c:291:47: note: each undeclared identifier is reported only once for each function it appears in
../FreeRTOS/portable/MemMang/heap_2.c:293:7: warning: suggest parentheses around assignment used as truth value [-Wparentheses]
   if (pxLinkList = pxLinkListEnd){
       ^~~~~~~~~~
../FreeRTOS/portable/MemMang/heap_2.c:285:15: warning: variable 'pxLink' set but not used [-Wunused-but-set-variable]
  BlockLink_t *pxLink;
               ^~~~~~
make: *** [FreeRTOS/portable/MemMang/subdir.mk:18: FreeRTOS/portable/MemMang/heap_2.o] Error 1
"make -j8 all" terminated with exit code 2. Build might be incomplete.
15:42:54 **** Incremental Build of configuration Debug for project Embedded_OS_Lab4_NE6091116 ****
make -j8 all 
arm-none-eabi-gcc "../FreeRTOS/portable/MemMang/heap_2.c" -mcpu=cortex-m4 -std=gnu11 -g3 -DUSE_HAL_DRIVER -DDEBUG -DSTM32F407xx -c -I../Core/Inc -I../Drivers/STM32F4xx_HAL_Driver/Inc -I../Drivers/STM32F4xx_HAL_Driver/Inc/Legacy -I../Drivers/CMSIS/Device/ST/STM32F4xx/Include -I../Drivers/CMSIS/Include -I"C:/Users/chien/STM32CubeIDE/workspace_1.5.1/Embedded_OS_Lab4_NE6091116/FreeRTOS/include" -I"C:/Users/chien/STM32CubeIDE/workspace_1.5.1/Embedded_OS_Lab4_NE6091116/FreeRTOS/portable/ARM_CM4F" -O0 -ffunction-sections -fdata-sections -Wall -fstack-usage -MMD -MP -MF"FreeRTOS/portable/MemMang/heap_2.d" -MT"FreeRTOS/portable/MemMang/heap_2.o" --specs=nano.specs -mfpu=fpv4-sp-d16 -mfloat-abi=hard -mthumb -o "FreeRTOS/portable/MemMang/heap_2.o"
../FreeRTOS/portable/MemMang/heap_2.c: In function 'vPrintFreeList':
../FreeRTOS/portable/MemMang/heap_2.c:291:46: error: 'xBlockSize' undeclared (first use in this function); did you mean 'pxBlockSize'?
   sprintf(item,"%p ,%d,%p \n\r", pxLinkList, xBlockSize, pxLinkListEnd);
                                              ^~~~~~~~~~
                                              pxBlockSize
../FreeRTOS/portable/MemMang/heap_2.c:291:46: note: each undeclared identifier is reported only once for each function it appears in
../FreeRTOS/portable/MemMang/heap_2.c:293:7: warning: suggest parentheses around assignment used as truth value [-Wparentheses]
   if (pxLinkList = pxLinkListEnd){
       ^~~~~~~~~~
../FreeRTOS/portable/MemMang/heap_2.c:285:15: warning: variable 'pxLink' set but not used [-Wunused-but-set-variable]
  BlockLink_t *pxLink;
               ^~~~~~
make: *** [FreeRTOS/portable/MemMang/subdir.mk:18: FreeRTOS/portable/MemMang/heap_2.o] Error 1
"make -j8 all" terminated with exit code 2. Build might be incomplete.
15:52:25 **** Incremental Build of configuration Debug for project Embedded_OS_Lab4_NE6091116 ****
make -j8 all 
arm-none-eabi-gcc "../FreeRTOS/portable/MemMang/heap_2.c" -mcpu=cortex-m4 -std=gnu11 -g3 -DUSE_HAL_DRIVER -DDEBUG -DSTM32F407xx -c -I../Core/Inc -I../Drivers/STM32F4xx_HAL_Driver/Inc -I../Drivers/STM32F4xx_HAL_Driver/Inc/Legacy -I../Drivers/CMSIS/Device/ST/STM32F4xx/Include -I../Drivers/CMSIS/Include -I"C:/Users/chien/STM32CubeIDE/workspace_1.5.1/Embedded_OS_Lab4_NE6091116/FreeRTOS/include" -I"C:/Users/chien/STM32CubeIDE/workspace_1.5.1/Embedded_OS_Lab4_NE6091116/FreeRTOS/portable/ARM_CM4F" -O0 -ffunction-sections -fdata-sections -Wall -fstack-usage -MMD -MP -MF"FreeRTOS/portable/MemMang/heap_2.d" -MT"FreeRTOS/portable/MemMang/heap_2.o" --specs=nano.specs -mfpu=fpv4-sp-d16 -mfloat-abi=hard -mthumb -o "FreeRTOS/portable/MemMang/heap_2.o"
../FreeRTOS/portable/MemMang/heap_2.c: In function 'vPrintFreeList':
../FreeRTOS/portable/MemMang/heap_2.c:293:7: warning: suggest parentheses around assignment used as truth value [-Wparentheses]
   if (pxLinkList = pxLinkListEnd){
       ^~~~~~~~~~
../FreeRTOS/portable/MemMang/heap_2.c:285:15: warning: variable 'pxLink' set but not used [-Wunused-but-set-variable]
  BlockLink_t *pxLink;
               ^~~~~~
arm-none-eabi-gcc -o "Embedded_OS_Lab4_NE6091116.elf" @"objects.list"   -mcpu=cortex-m4 -T"C:\Users\chien\STM32CubeIDE\workspace_1.5.1\Embedded_OS_Lab4_NE6091116\STM32F407VGTX_FLASH.ld" --specs=nosys.specs -Wl,-Map="Embedded_OS_Lab4_NE6091116.map" -Wl,--gc-sections -static --specs=nano.specs -mfpu=fpv4-sp-d16 -mfloat-abi=hard -mthumb -Wl,--start-group -lc -lm -Wl,--end-group
Finished building target: Embedded_OS_Lab4_NE6091116.elf
 
arm-none-eabi-objdump -h -S  Embedded_OS_Lab4_NE6091116.elf  > "Embedded_OS_Lab4_NE6091116.list"
arm-none-eabi-objcopy  -O binary  Embedded_OS_Lab4_NE6091116.elf  "Embedded_OS_Lab4_NE6091116.bin"
arm-none-eabi-size   Embedded_OS_Lab4_NE6091116.elf 
   text	   data	    bss	    dec	    hex	filename
  17588	    128	   7320	  25036	   61cc	Embedded_OS_Lab4_NE6091116.elf
Finished building: default.size.stdout
 
Finished building: Embedded_OS_Lab4_NE6091116.bin
 
Finished building: Embedded_OS_Lab4_NE6091116.list
 
15:53:36 **** Incremental Build of configuration Debug for project Embedded_OS_Lab4_NE6091116 ****
make -j8 all 
arm-none-eabi-size   Embedded_OS_Lab4_NE6091116.elf 
   text	   data	    bss	    dec	    hex	filename
  17588	    128	   7320	  25036	   61cc	Embedded_OS_Lab4_NE6091116.elf
Finished building: default.size.stdout
 
16:27:16 **** Incremental Build of configuration Debug for project Embedded_OS_Lab4_NE6091116 ****
make -j8 all 
arm-none-eabi-gcc "../FreeRTOS/portable/MemMang/heap_2.c" -mcpu=cortex-m4 -std=gnu11 -g3 -DUSE_HAL_DRIVER -DDEBUG -DSTM32F407xx -c -I../Core/Inc -I../Drivers/STM32F4xx_HAL_Driver/Inc -I../Drivers/STM32F4xx_HAL_Driver/Inc/Legacy -I../Drivers/CMSIS/Device/ST/STM32F4xx/Include -I../Drivers/CMSIS/Include -I"C:/Users/chien/STM32CubeIDE/workspace_1.5.1/Embedded_OS_Lab4_NE6091116/FreeRTOS/include" -I"C:/Users/chien/STM32CubeIDE/workspace_1.5.1/Embedded_OS_Lab4_NE6091116/FreeRTOS/portable/ARM_CM4F" -O0 -ffunction-sections -fdata-sections -Wall -fstack-usage -MMD -MP -MF"FreeRTOS/portable/MemMang/heap_2.d" -MT"FreeRTOS/portable/MemMang/heap_2.o" --specs=nano.specs -mfpu=fpv4-sp-d16 -mfloat-abi=hard -mthumb -o "FreeRTOS/portable/MemMang/heap_2.o"
../FreeRTOS/portable/MemMang/heap_2.c: In function 'vPrintFreeList':
../FreeRTOS/portable/MemMang/heap_2.c:293:7: warning: suggest parentheses around assignment used as truth value [-Wparentheses]
   if (pxLinkList = pxLinkListEnd){
       ^~~~~~~~~~
../FreeRTOS/portable/MemMang/heap_2.c:285:15: warning: variable 'pxLink' set but not used [-Wunused-but-set-variable]
  BlockLink_t *pxLink;
               ^~~~~~
arm-none-eabi-gcc -o "Embedded_OS_Lab4_NE6091116.elf" @"objects.list"   -mcpu=cortex-m4 -T"C:\Users\chien\STM32CubeIDE\workspace_1.5.1\Embedded_OS_Lab4_NE6091116\STM32F407VGTX_FLASH.ld" --specs=nosys.specs -Wl,-Map="Embedded_OS_Lab4_NE6091116.map" -Wl,--gc-sections -static --specs=nano.specs -mfpu=fpv4-sp-d16 -mfloat-abi=hard -mthumb -Wl,--start-group -lc -lm -Wl,--end-group
Finished building target: Embedded_OS_Lab4_NE6091116.elf
 
arm-none-eabi-objdump -h -S  Embedded_OS_Lab4_NE6091116.elf  > "Embedded_OS_Lab4_NE6091116.list"
arm-none-eabi-objcopy  -O binary  Embedded_OS_Lab4_NE6091116.elf  "Embedded_OS_Lab4_NE6091116.bin"
arm-none-eabi-size   Embedded_OS_Lab4_NE6091116.elf 
   text	   data	    bss	    dec	    hex	filename
  17588	    128	   7320	  25036	   61cc	Embedded_OS_Lab4_NE6091116.elf
Finished building: default.size.stdout
 
Finished building: Embedded_OS_Lab4_NE6091116.bin
 
Finished building: Embedded_OS_Lab4_NE6091116.list
 
16:27:54 **** Incremental Build of configuration Debug for project Embedded_OS_Lab4_NE6091116 ****
make -j8 all 
arm-none-eabi-size   Embedded_OS_Lab4_NE6091116.elf 
   text	   data	    bss	    dec	    hex	filename
  17588	    128	   7320	  25036	   61cc	Embedded_OS_Lab4_NE6091116.elf
Finished building: default.size.stdout
 
16:30:32 **** Incremental Build of configuration Debug for project Embedded_OS_Lab4_NE6091116 ****
make -j8 all 
arm-none-eabi-gcc "../FreeRTOS/portable/MemMang/heap_2.c" -mcpu=cortex-m4 -std=gnu11 -g3 -DUSE_HAL_DRIVER -DDEBUG -DSTM32F407xx -c -I../Core/Inc -I../Drivers/STM32F4xx_HAL_Driver/Inc -I../Drivers/STM32F4xx_HAL_Driver/Inc/Legacy -I../Drivers/CMSIS/Device/ST/STM32F4xx/Include -I../Drivers/CMSIS/Include -I"C:/Users/chien/STM32CubeIDE/workspace_1.5.1/Embedded_OS_Lab4_NE6091116/FreeRTOS/include" -I"C:/Users/chien/STM32CubeIDE/workspace_1.5.1/Embedded_OS_Lab4_NE6091116/FreeRTOS/portable/ARM_CM4F" -O0 -ffunction-sections -fdata-sections -Wall -fstack-usage -MMD -MP -MF"FreeRTOS/portable/MemMang/heap_2.d" -MT"FreeRTOS/portable/MemMang/heap_2.o" --specs=nano.specs -mfpu=fpv4-sp-d16 -mfloat-abi=hard -mthumb -o "FreeRTOS/portable/MemMang/heap_2.o"
../FreeRTOS/portable/MemMang/heap_2.c: In function 'vPrintFreeList':
../FreeRTOS/portable/MemMang/heap_2.c:293:7: warning: suggest parentheses around assignment used as truth value [-Wparentheses]
   if (pxLinkList = pxLinkListEnd){
       ^~~~~~~~~~
../FreeRTOS/portable/MemMang/heap_2.c:285:15: warning: unused variable 'pxLink' [-Wunused-variable]
  BlockLink_t *pxLink;
               ^~~~~~
arm-none-eabi-gcc -o "Embedded_OS_Lab4_NE6091116.elf" @"objects.list"   -mcpu=cortex-m4 -T"C:\Users\chien\STM32CubeIDE\workspace_1.5.1\Embedded_OS_Lab4_NE6091116\STM32F407VGTX_FLASH.ld" --specs=nosys.specs -Wl,-Map="Embedded_OS_Lab4_NE6091116.map" -Wl,--gc-sections -static --specs=nano.specs -mfpu=fpv4-sp-d16 -mfloat-abi=hard -mthumb -Wl,--start-group -lc -lm -Wl,--end-group
Finished building target: Embedded_OS_Lab4_NE6091116.elf
 
arm-none-eabi-objdump -h -S  Embedded_OS_Lab4_NE6091116.elf  > "Embedded_OS_Lab4_NE6091116.list"
arm-none-eabi-objcopy  -O binary  Embedded_OS_Lab4_NE6091116.elf  "Embedded_OS_Lab4_NE6091116.bin"
arm-none-eabi-size   Embedded_OS_Lab4_NE6091116.elf 
   text	   data	    bss	    dec	    hex	filename
  17588	    128	   7320	  25036	   61cc	Embedded_OS_Lab4_NE6091116.elf
Finished building: default.size.stdout
 
Finished building: Embedded_OS_Lab4_NE6091116.bin
 
Finished building: Embedded_OS_Lab4_NE6091116.list
 
16:30:55 **** Incremental Build of configuration Debug for project Embedded_OS_Lab4_NE6091116 ****
make -j8 all 
arm-none-eabi-size   Embedded_OS_Lab4_NE6091116.elf 
   text	   data	    bss	    dec	    hex	filename
  17588	    128	   7320	  25036	   61cc	Embedded_OS_Lab4_NE6091116.elf
Finished building: default.size.stdout
 
16:31:18 **** Incremental Build of configuration Debug for project Embedded_OS_Lab4_NE6091116 ****
make -j8 all 
arm-none-eabi-size   Embedded_OS_Lab4_NE6091116.elf 
   text	   data	    bss	    dec	    hex	filename
  17588	    128	   7320	  25036	   61cc	Embedded_OS_Lab4_NE6091116.elf
Finished building: default.size.stdout
 
16:31:35 **** Incremental Build of configuration Debug for project Embedded_OS_Lab4_NE6091116 ****
make -j8 all 
arm-none-eabi-size   Embedded_OS_Lab4_NE6091116.elf 
   text	   data	    bss	    dec	    hex	filename
  17588	    128	   7320	  25036	   61cc	Embedded_OS_Lab4_NE6091116.elf
Finished building: default.size.stdout
 
16:32:42 **** Incremental Build of configuration Debug for project Embedded_OS_Lab4_NE6091116 ****
make -j8 all 
arm-none-eabi-gcc "../FreeRTOS/portable/MemMang/heap_2.c" -mcpu=cortex-m4 -std=gnu11 -g3 -DUSE_HAL_DRIVER -DDEBUG -DSTM32F407xx -c -I../Core/Inc -I../Drivers/STM32F4xx_HAL_Driver/Inc -I../Drivers/STM32F4xx_HAL_Driver/Inc/Legacy -I../Drivers/CMSIS/Device/ST/STM32F4xx/Include -I../Drivers/CMSIS/Include -I"C:/Users/chien/STM32CubeIDE/workspace_1.5.1/Embedded_OS_Lab4_NE6091116/FreeRTOS/include" -I"C:/Users/chien/STM32CubeIDE/workspace_1.5.1/Embedded_OS_Lab4_NE6091116/FreeRTOS/portable/ARM_CM4F" -O0 -ffunction-sections -fdata-sections -Wall -fstack-usage -MMD -MP -MF"FreeRTOS/portable/MemMang/heap_2.d" -MT"FreeRTOS/portable/MemMang/heap_2.o" --specs=nano.specs -mfpu=fpv4-sp-d16 -mfloat-abi=hard -mthumb -o "FreeRTOS/portable/MemMang/heap_2.o"
../FreeRTOS/portable/MemMang/heap_2.c: In function 'vPrintFreeList':
../FreeRTOS/portable/MemMang/heap_2.c:293:7: warning: suggest parentheses around assignment used as truth value [-Wparentheses]
   if (pxLinkList = pxLinkListEnd){
       ^~~~~~~~~~
../FreeRTOS/portable/MemMang/heap_2.c:285:15: warning: unused variable 'pxLink' [-Wunused-variable]
  BlockLink_t *pxLink;
               ^~~~~~
arm-none-eabi-gcc -o "Embedded_OS_Lab4_NE6091116.elf" @"objects.list"   -mcpu=cortex-m4 -T"C:\Users\chien\STM32CubeIDE\workspace_1.5.1\Embedded_OS_Lab4_NE6091116\STM32F407VGTX_FLASH.ld" --specs=nosys.specs -Wl,-Map="Embedded_OS_Lab4_NE6091116.map" -Wl,--gc-sections -static --specs=nano.specs -mfpu=fpv4-sp-d16 -mfloat-abi=hard -mthumb -Wl,--start-group -lc -lm -Wl,--end-group
Finished building target: Embedded_OS_Lab4_NE6091116.elf
 
arm-none-eabi-objdump -h -S  Embedded_OS_Lab4_NE6091116.elf  > "Embedded_OS_Lab4_NE6091116.list"
arm-none-eabi-objcopy  -O binary  Embedded_OS_Lab4_NE6091116.elf  "Embedded_OS_Lab4_NE6091116.bin"
arm-none-eabi-size   Embedded_OS_Lab4_NE6091116.elf 
   text	   data	    bss	    dec	    hex	filename
  17588	    128	   7320	  25036	   61cc	Embedded_OS_Lab4_NE6091116.elf
Finished building: default.size.stdout
 
Finished building: Embedded_OS_Lab4_NE6091116.bin
 
Finished building: Embedded_OS_Lab4_NE6091116.list
 
16:33:08 **** Incremental Build of configuration Debug for project Embedded_OS_Lab4_NE6091116 ****
make -j8 all 
arm-none-eabi-size   Embedded_OS_Lab4_NE6091116.elf 
   text	   data	    bss	    dec	    hex	filename
  17588	    128	   7320	  25036	   61cc	Embedded_OS_Lab4_NE6091116.elf
Finished building: default.size.stdout
 
16:33:38 **** Incremental Build of configuration Debug for project Embedded_OS_Lab4_NE6091116 ****
make -j8 all 
arm-none-eabi-size   Embedded_OS_Lab4_NE6091116.elf 
   text	   data	    bss	    dec	    hex	filename
  17588	    128	   7320	  25036	   61cc	Embedded_OS_Lab4_NE6091116.elf
Finished building: default.size.stdout
 
16:33:57 **** Incremental Build of configuration Debug for project Embedded_OS_Lab4_NE6091116 ****
make -j8 all 
arm-none-eabi-size   Embedded_OS_Lab4_NE6091116.elf 
   text	   data	    bss	    dec	    hex	filename
  17588	    128	   7320	  25036	   61cc	Embedded_OS_Lab4_NE6091116.elf
Finished building: default.size.stdout
 
16:34:09 **** Incremental Build of configuration Debug for project Embedded_OS_Lab4_NE6091116 ****
make -j8 all 
arm-none-eabi-size   Embedded_OS_Lab4_NE6091116.elf 
   text	   data	    bss	    dec	    hex	filename
  17588	    128	   7320	  25036	   61cc	Embedded_OS_Lab4_NE6091116.elf
Finished building: default.size.stdout
 
16:35:05 **** Incremental Build of configuration Debug for project Embedded_OS_Lab4_NE6091116 ****
make -j8 all 
arm-none-eabi-size   Embedded_OS_Lab4_NE6091116.elf 
   text	   data	    bss	    dec	    hex	filename
  17588	    128	   7320	  25036	   61cc	Embedded_OS_Lab4_NE6091116.elf
Finished building: default.size.stdout
 
16:37:53 **** Incremental Build of configuration Debug for project Embedded_OS_Lab4_NE6091116 ****
make -j8 all 
arm-none-eabi-gcc "../FreeRTOS/portable/MemMang/heap_2.c" -mcpu=cortex-m4 -std=gnu11 -g3 -DUSE_HAL_DRIVER -DDEBUG -DSTM32F407xx -c -I../Core/Inc -I../Drivers/STM32F4xx_HAL_Driver/Inc -I../Drivers/STM32F4xx_HAL_Driver/Inc/Legacy -I../Drivers/CMSIS/Device/ST/STM32F4xx/Include -I../Drivers/CMSIS/Include -I"C:/Users/chien/STM32CubeIDE/workspace_1.5.1/Embedded_OS_Lab4_NE6091116/FreeRTOS/include" -I"C:/Users/chien/STM32CubeIDE/workspace_1.5.1/Embedded_OS_Lab4_NE6091116/FreeRTOS/portable/ARM_CM4F" -O0 -ffunction-sections -fdata-sections -Wall -fstack-usage -MMD -MP -MF"FreeRTOS/portable/MemMang/heap_2.d" -MT"FreeRTOS/portable/MemMang/heap_2.o" --specs=nano.specs -mfpu=fpv4-sp-d16 -mfloat-abi=hard -mthumb -o "FreeRTOS/portable/MemMang/heap_2.o"
../FreeRTOS/portable/MemMang/heap_2.c: In function 'vPrintFreeList':
../FreeRTOS/portable/MemMang/heap_2.c:293:7: warning: suggest parentheses around assignment used as truth value [-Wparentheses]
   if (pxLinkList = pxLinkListEnd){
       ^~~~~~~~~~
../FreeRTOS/portable/MemMang/heap_2.c:285:15: warning: unused variable 'pxLink' [-Wunused-variable]
  BlockLink_t *pxLink;
               ^~~~~~
arm-none-eabi-gcc -o "Embedded_OS_Lab4_NE6091116.elf" @"objects.list"   -mcpu=cortex-m4 -T"C:\Users\chien\STM32CubeIDE\workspace_1.5.1\Embedded_OS_Lab4_NE6091116\STM32F407VGTX_FLASH.ld" --specs=nosys.specs -Wl,-Map="Embedded_OS_Lab4_NE6091116.map" -Wl,--gc-sections -static --specs=nano.specs -mfpu=fpv4-sp-d16 -mfloat-abi=hard -mthumb -Wl,--start-group -lc -lm -Wl,--end-group
Finished building target: Embedded_OS_Lab4_NE6091116.elf
 
arm-none-eabi-objdump -h -S  Embedded_OS_Lab4_NE6091116.elf  > "Embedded_OS_Lab4_NE6091116.list"
arm-none-eabi-objcopy  -O binary  Embedded_OS_Lab4_NE6091116.elf  "Embedded_OS_Lab4_NE6091116.bin"
arm-none-eabi-size   Embedded_OS_Lab4_NE6091116.elf 
   text	   data	    bss	    dec	    hex	filename
  17604	    128	   7320	  25052	   61dc	Embedded_OS_Lab4_NE6091116.elf
Finished building: default.size.stdout
 
Finished building: Embedded_OS_Lab4_NE6091116.bin
 
Finished building: Embedded_OS_Lab4_NE6091116.list
 
16:39:55 **** Incremental Build of configuration Debug for project Embedded_OS_Lab4_NE6091116 ****
make -j8 all 
arm-none-eabi-gcc "../FreeRTOS/portable/MemMang/heap_2.c" -mcpu=cortex-m4 -std=gnu11 -g3 -DUSE_HAL_DRIVER -DDEBUG -DSTM32F407xx -c -I../Core/Inc -I../Drivers/STM32F4xx_HAL_Driver/Inc -I../Drivers/STM32F4xx_HAL_Driver/Inc/Legacy -I../Drivers/CMSIS/Device/ST/STM32F4xx/Include -I../Drivers/CMSIS/Include -I"C:/Users/chien/STM32CubeIDE/workspace_1.5.1/Embedded_OS_Lab4_NE6091116/FreeRTOS/include" -I"C:/Users/chien/STM32CubeIDE/workspace_1.5.1/Embedded_OS_Lab4_NE6091116/FreeRTOS/portable/ARM_CM4F" -O0 -ffunction-sections -fdata-sections -Wall -fstack-usage -MMD -MP -MF"FreeRTOS/portable/MemMang/heap_2.d" -MT"FreeRTOS/portable/MemMang/heap_2.o" --specs=nano.specs -mfpu=fpv4-sp-d16 -mfloat-abi=hard -mthumb -o "FreeRTOS/portable/MemMang/heap_2.o"
../FreeRTOS/portable/MemMang/heap_2.c: In function 'vPrintFreeList':
../FreeRTOS/portable/MemMang/heap_2.c:293:7: warning: suggest parentheses around assignment used as truth value [-Wparentheses]
   if (pxLinkList = pxLinkListEnd){
       ^~~~~~~~~~
../FreeRTOS/portable/MemMang/heap_2.c:285:15: warning: unused variable 'pxLink' [-Wunused-variable]
  BlockLink_t *pxLink;
               ^~~~~~
arm-none-eabi-gcc -o "Embedded_OS_Lab4_NE6091116.elf" @"objects.list"   -mcpu=cortex-m4 -T"C:\Users\chien\STM32CubeIDE\workspace_1.5.1\Embedded_OS_Lab4_NE6091116\STM32F407VGTX_FLASH.ld" --specs=nosys.specs -Wl,-Map="Embedded_OS_Lab4_NE6091116.map" -Wl,--gc-sections -static --specs=nano.specs -mfpu=fpv4-sp-d16 -mfloat-abi=hard -mthumb -Wl,--start-group -lc -lm -Wl,--end-group
Finished building target: Embedded_OS_Lab4_NE6091116.elf
 
arm-none-eabi-objdump -h -S  Embedded_OS_Lab4_NE6091116.elf  > "Embedded_OS_Lab4_NE6091116.list"
arm-none-eabi-objcopy  -O binary  Embedded_OS_Lab4_NE6091116.elf  "Embedded_OS_Lab4_NE6091116.bin"
arm-none-eabi-size   Embedded_OS_Lab4_NE6091116.elf 
   text	   data	    bss	    dec	    hex	filename
  17628	    128	   7320	  25076	   61f4	Embedded_OS_Lab4_NE6091116.elf
Finished building: default.size.stdout
 
Finished building: Embedded_OS_Lab4_NE6091116.bin
 
Finished building: Embedded_OS_Lab4_NE6091116.list
 
16:41:38 **** Incremental Build of configuration Debug for project Embedded_OS_Lab4_NE6091116 ****
make -j8 all 
arm-none-eabi-gcc "../FreeRTOS/portable/MemMang/heap_2.c" -mcpu=cortex-m4 -std=gnu11 -g3 -DUSE_HAL_DRIVER -DDEBUG -DSTM32F407xx -c -I../Core/Inc -I../Drivers/STM32F4xx_HAL_Driver/Inc -I../Drivers/STM32F4xx_HAL_Driver/Inc/Legacy -I../Drivers/CMSIS/Device/ST/STM32F4xx/Include -I../Drivers/CMSIS/Include -I"C:/Users/chien/STM32CubeIDE/workspace_1.5.1/Embedded_OS_Lab4_NE6091116/FreeRTOS/include" -I"C:/Users/chien/STM32CubeIDE/workspace_1.5.1/Embedded_OS_Lab4_NE6091116/FreeRTOS/portable/ARM_CM4F" -O0 -ffunction-sections -fdata-sections -Wall -fstack-usage -MMD -MP -MF"FreeRTOS/portable/MemMang/heap_2.d" -MT"FreeRTOS/portable/MemMang/heap_2.o" --specs=nano.specs -mfpu=fpv4-sp-d16 -mfloat-abi=hard -mthumb -o "FreeRTOS/portable/MemMang/heap_2.o"
../FreeRTOS/portable/MemMang/heap_2.c: In function 'vPrintFreeList':
../FreeRTOS/portable/MemMang/heap_2.c:293:7: warning: suggest parentheses around assignment used as truth value [-Wparentheses]
   if (pxLinkList = pxLinkListEnd){
       ^~~~~~~~~~
../FreeRTOS/portable/MemMang/heap_2.c:285:15: warning: unused variable 'pxLink' [-Wunused-variable]
  BlockLink_t *pxLink;
               ^~~~~~
arm-none-eabi-gcc -o "Embedded_OS_Lab4_NE6091116.elf" @"objects.list"   -mcpu=cortex-m4 -T"C:\Users\chien\STM32CubeIDE\workspace_1.5.1\Embedded_OS_Lab4_NE6091116\STM32F407VGTX_FLASH.ld" --specs=nosys.specs -Wl,-Map="Embedded_OS_Lab4_NE6091116.map" -Wl,--gc-sections -static --specs=nano.specs -mfpu=fpv4-sp-d16 -mfloat-abi=hard -mthumb -Wl,--start-group -lc -lm -Wl,--end-group
Finished building target: Embedded_OS_Lab4_NE6091116.elf
 
arm-none-eabi-objdump -h -S  Embedded_OS_Lab4_NE6091116.elf  > "Embedded_OS_Lab4_NE6091116.list"
arm-none-eabi-objcopy  -O binary  Embedded_OS_Lab4_NE6091116.elf  "Embedded_OS_Lab4_NE6091116.bin"
arm-none-eabi-size   Embedded_OS_Lab4_NE6091116.elf 
   text	   data	    bss	    dec	    hex	filename
  17628	    128	   7320	  25076	   61f4	Embedded_OS_Lab4_NE6091116.elf
Finished building: default.size.stdout
 
Finished building: Embedded_OS_Lab4_NE6091116.bin
 
Finished building: Embedded_OS_Lab4_NE6091116.list
 
16:43:04 **** Incremental Build of configuration Debug for project Embedded_OS_Lab4_NE6091116 ****
make -j8 all 
arm-none-eabi-gcc "../FreeRTOS/portable/MemMang/heap_2.c" -mcpu=cortex-m4 -std=gnu11 -g3 -DUSE_HAL_DRIVER -DDEBUG -DSTM32F407xx -c -I../Core/Inc -I../Drivers/STM32F4xx_HAL_Driver/Inc -I../Drivers/STM32F4xx_HAL_Driver/Inc/Legacy -I../Drivers/CMSIS/Device/ST/STM32F4xx/Include -I../Drivers/CMSIS/Include -I"C:/Users/chien/STM32CubeIDE/workspace_1.5.1/Embedded_OS_Lab4_NE6091116/FreeRTOS/include" -I"C:/Users/chien/STM32CubeIDE/workspace_1.5.1/Embedded_OS_Lab4_NE6091116/FreeRTOS/portable/ARM_CM4F" -O0 -ffunction-sections -fdata-sections -Wall -fstack-usage -MMD -MP -MF"FreeRTOS/portable/MemMang/heap_2.d" -MT"FreeRTOS/portable/MemMang/heap_2.o" --specs=nano.specs -mfpu=fpv4-sp-d16 -mfloat-abi=hard -mthumb -o "FreeRTOS/portable/MemMang/heap_2.o"
../FreeRTOS/portable/MemMang/heap_2.c: In function 'vPrintFreeList':
../FreeRTOS/portable/MemMang/heap_2.c:285:15: warning: unused variable 'pxLink' [-Wunused-variable]
  BlockLink_t *pxLink;
               ^~~~~~
arm-none-eabi-gcc -o "Embedded_OS_Lab4_NE6091116.elf" @"objects.list"   -mcpu=cortex-m4 -T"C:\Users\chien\STM32CubeIDE\workspace_1.5.1\Embedded_OS_Lab4_NE6091116\STM32F407VGTX_FLASH.ld" --specs=nosys.specs -Wl,-Map="Embedded_OS_Lab4_NE6091116.map" -Wl,--gc-sections -static --specs=nano.specs -mfpu=fpv4-sp-d16 -mfloat-abi=hard -mthumb -Wl,--start-group -lc -lm -Wl,--end-group
Finished building target: Embedded_OS_Lab4_NE6091116.elf
 
arm-none-eabi-objdump -h -S  Embedded_OS_Lab4_NE6091116.elf  > "Embedded_OS_Lab4_NE6091116.list"
arm-none-eabi-objcopy  -O binary  Embedded_OS_Lab4_NE6091116.elf  "Embedded_OS_Lab4_NE6091116.bin"
arm-none-eabi-size   Embedded_OS_Lab4_NE6091116.elf 
   text	   data	    bss	    dec	    hex	filename
  17624	    128	   7320	  25072	   61f0	Embedded_OS_Lab4_NE6091116.elf
Finished building: default.size.stdout
 
Finished building: Embedded_OS_Lab4_NE6091116.bin
 
Finished building: Embedded_OS_Lab4_NE6091116.list
 
22:05:08 **** Incremental Build of configuration Debug for project Embedded_OS_Lab4_NE6091116 ****
make -j8 all 
arm-none-eabi-gcc "../FreeRTOS/portable/MemMang/heap_2.c" -mcpu=cortex-m4 -std=gnu11 -g3 -DUSE_HAL_DRIVER -DDEBUG -DSTM32F407xx -c -I../Core/Inc -I../Drivers/STM32F4xx_HAL_Driver/Inc -I../Drivers/STM32F4xx_HAL_Driver/Inc/Legacy -I../Drivers/CMSIS/Device/ST/STM32F4xx/Include -I../Drivers/CMSIS/Include -I"C:/Users/chien/STM32CubeIDE/workspace_1.5.1/Embedded_OS_Lab4_NE6091116/FreeRTOS/include" -I"C:/Users/chien/STM32CubeIDE/workspace_1.5.1/Embedded_OS_Lab4_NE6091116/FreeRTOS/portable/ARM_CM4F" -O0 -ffunction-sections -fdata-sections -Wall -fstack-usage -MMD -MP -MF"FreeRTOS/portable/MemMang/heap_2.d" -MT"FreeRTOS/portable/MemMang/heap_2.o" --specs=nano.specs -mfpu=fpv4-sp-d16 -mfloat-abi=hard -mthumb -o "FreeRTOS/portable/MemMang/heap_2.o"
arm-none-eabi-gcc "../FreeRTOS/portable/ARM_CM4F/port.c" -mcpu=cortex-m4 -std=gnu11 -g3 -DUSE_HAL_DRIVER -DDEBUG -DSTM32F407xx -c -I../Core/Inc -I../Drivers/STM32F4xx_HAL_Driver/Inc -I../Drivers/STM32F4xx_HAL_Driver/Inc/Legacy -I../Drivers/CMSIS/Device/ST/STM32F4xx/Include -I../Drivers/CMSIS/Include -I"C:/Users/chien/STM32CubeIDE/workspace_1.5.1/Embedded_OS_Lab4_NE6091116/FreeRTOS/include" -I"C:/Users/chien/STM32CubeIDE/workspace_1.5.1/Embedded_OS_Lab4_NE6091116/FreeRTOS/portable/ARM_CM4F" -O0 -ffunction-sections -fdata-sections -Wall -fstack-usage -MMD -MP -MF"FreeRTOS/portable/ARM_CM4F/port.d" -MT"FreeRTOS/portable/ARM_CM4F/port.o" --specs=nano.specs -mfpu=fpv4-sp-d16 -mfloat-abi=hard -mthumb -o "FreeRTOS/portable/ARM_CM4F/port.o"
arm-none-eabi-gcc "../FreeRTOS/croutine.c" -mcpu=cortex-m4 -std=gnu11 -g3 -DUSE_HAL_DRIVER -DDEBUG -DSTM32F407xx -c -I../Core/Inc -I../Drivers/STM32F4xx_HAL_Driver/Inc -I../Drivers/STM32F4xx_HAL_Driver/Inc/Legacy -I../Drivers/CMSIS/Device/ST/STM32F4xx/Include -I../Drivers/CMSIS/Include -I"C:/Users/chien/STM32CubeIDE/workspace_1.5.1/Embedded_OS_Lab4_NE6091116/FreeRTOS/include" -I"C:/Users/chien/STM32CubeIDE/workspace_1.5.1/Embedded_OS_Lab4_NE6091116/FreeRTOS/portable/ARM_CM4F" -O0 -ffunction-sections -fdata-sections -Wall -fstack-usage -MMD -MP -MF"FreeRTOS/croutine.d" -MT"FreeRTOS/croutine.o" --specs=nano.specs -mfpu=fpv4-sp-d16 -mfloat-abi=hard -mthumb -o "FreeRTOS/croutine.o"
arm-none-eabi-gcc "../FreeRTOS/event_groups.c" -mcpu=cortex-m4 -std=gnu11 -g3 -DUSE_HAL_DRIVER -DDEBUG -DSTM32F407xx -c -I../Core/Inc -I../Drivers/STM32F4xx_HAL_Driver/Inc -I../Drivers/STM32F4xx_HAL_Driver/Inc/Legacy -I../Drivers/CMSIS/Device/ST/STM32F4xx/Include -I../Drivers/CMSIS/Include -I"C:/Users/chien/STM32CubeIDE/workspace_1.5.1/Embedded_OS_Lab4_NE6091116/FreeRTOS/include" -I"C:/Users/chien/STM32CubeIDE/workspace_1.5.1/Embedded_OS_Lab4_NE6091116/FreeRTOS/portable/ARM_CM4F" -O0 -ffunction-sections -fdata-sections -Wall -fstack-usage -MMD -MP -MF"FreeRTOS/event_groups.d" -MT"FreeRTOS/event_groups.o" --specs=nano.specs -mfpu=fpv4-sp-d16 -mfloat-abi=hard -mthumb -o "FreeRTOS/event_groups.o"
arm-none-eabi-gcc "../FreeRTOS/queue.c" -mcpu=cortex-m4 -std=gnu11 -g3 -DUSE_HAL_DRIVER -DDEBUG -DSTM32F407xx -c -I../Core/Inc -I../Drivers/STM32F4xx_HAL_Driver/Inc -I../Drivers/STM32F4xx_HAL_Driver/Inc/Legacy -I../Drivers/CMSIS/Device/ST/STM32F4xx/Include -I../Drivers/CMSIS/Include -I"C:/Users/chien/STM32CubeIDE/workspace_1.5.1/Embedded_OS_Lab4_NE6091116/FreeRTOS/include" -I"C:/Users/chien/STM32CubeIDE/workspace_1.5.1/Embedded_OS_Lab4_NE6091116/FreeRTOS/portable/ARM_CM4F" -O0 -ffunction-sections -fdata-sections -Wall -fstack-usage -MMD -MP -MF"FreeRTOS/queue.d" -MT"FreeRTOS/queue.o" --specs=nano.specs -mfpu=fpv4-sp-d16 -mfloat-abi=hard -mthumb -o "FreeRTOS/queue.o"
arm-none-eabi-gcc "../FreeRTOS/stream_buffer.c" -mcpu=cortex-m4 -std=gnu11 -g3 -DUSE_HAL_DRIVER -DDEBUG -DSTM32F407xx -c -I../Core/Inc -I../Drivers/STM32F4xx_HAL_Driver/Inc -I../Drivers/STM32F4xx_HAL_Driver/Inc/Legacy -I../Drivers/CMSIS/Device/ST/STM32F4xx/Include -I../Drivers/CMSIS/Include -I"C:/Users/chien/STM32CubeIDE/workspace_1.5.1/Embedded_OS_Lab4_NE6091116/FreeRTOS/include" -I"C:/Users/chien/STM32CubeIDE/workspace_1.5.1/Embedded_OS_Lab4_NE6091116/FreeRTOS/portable/ARM_CM4F" -O0 -ffunction-sections -fdata-sections -Wall -fstack-usage -MMD -MP -MF"FreeRTOS/stream_buffer.d" -MT"FreeRTOS/stream_buffer.o" --specs=nano.specs -mfpu=fpv4-sp-d16 -mfloat-abi=hard -mthumb -o "FreeRTOS/stream_buffer.o"
arm-none-eabi-gcc "../FreeRTOS/tasks.c" -mcpu=cortex-m4 -std=gnu11 -g3 -DUSE_HAL_DRIVER -DDEBUG -DSTM32F407xx -c -I../Core/Inc -I../Drivers/STM32F4xx_HAL_Driver/Inc -I../Drivers/STM32F4xx_HAL_Driver/Inc/Legacy -I../Drivers/CMSIS/Device/ST/STM32F4xx/Include -I../Drivers/CMSIS/Include -I"C:/Users/chien/STM32CubeIDE/workspace_1.5.1/Embedded_OS_Lab4_NE6091116/FreeRTOS/include" -I"C:/Users/chien/STM32CubeIDE/workspace_1.5.1/Embedded_OS_Lab4_NE6091116/FreeRTOS/portable/ARM_CM4F" -O0 -ffunction-sections -fdata-sections -Wall -fstack-usage -MMD -MP -MF"FreeRTOS/tasks.d" -MT"FreeRTOS/tasks.o" --specs=nano.specs -mfpu=fpv4-sp-d16 -mfloat-abi=hard -mthumb -o "FreeRTOS/tasks.o"
arm-none-eabi-gcc "../FreeRTOS/timers.c" -mcpu=cortex-m4 -std=gnu11 -g3 -DUSE_HAL_DRIVER -DDEBUG -DSTM32F407xx -c -I../Core/Inc -I../Drivers/STM32F4xx_HAL_Driver/Inc -I../Drivers/STM32F4xx_HAL_Driver/Inc/Legacy -I../Drivers/CMSIS/Device/ST/STM32F4xx/Include -I../Drivers/CMSIS/Include -I"C:/Users/chien/STM32CubeIDE/workspace_1.5.1/Embedded_OS_Lab4_NE6091116/FreeRTOS/include" -I"C:/Users/chien/STM32CubeIDE/workspace_1.5.1/Embedded_OS_Lab4_NE6091116/FreeRTOS/portable/ARM_CM4F" -O0 -ffunction-sections -fdata-sections -Wall -fstack-usage -MMD -MP -MF"FreeRTOS/timers.d" -MT"FreeRTOS/timers.o" --specs=nano.specs -mfpu=fpv4-sp-d16 -mfloat-abi=hard -mthumb -o "FreeRTOS/timers.o"
../FreeRTOS/portable/MemMang/heap_2.c: In function 'vPrintFreeList':
../FreeRTOS/portable/MemMang/heap_2.c:299:20: warning: passing argument 1 of 'Uint32ConvertHex' makes integer from pointer without a cast [-Wint-conversion]
   Uint32ConvertHex(pxLinkList,&StartAddress);//ËΩâÊ??16?≤Âà∂??çÊîæ?≤char
                    ^~~~~~~~~~
In file included from ../FreeRTOS/portable/MemMang/heap_2.c:45:0:
C:/Users/chien/STM32CubeIDE/workspace_1.5.1/Embedded_OS_Lab4_NE6091116/FreeRTOS/include/task.h:240:6: note: expected 'uint32_t {aka long unsigned int}' but argument is of type 'BlockLink_t * {aka struct A_BLOCK_LINK *}'
 void Uint32ConvertHex(volatile StackType_t ,char *);
      ^~~~~~~~~~~~~~~~
../FreeRTOS/portable/MemMang/heap_2.c:299:31: warning: passing argument 2 of 'Uint32ConvertHex' from incompatible pointer type [-Wincompatible-pointer-types]
   Uint32ConvertHex(pxLinkList,&StartAddress);//ËΩâÊ??16?≤Âà∂??çÊîæ?≤char
                               ^
In file included from ../FreeRTOS/portable/MemMang/heap_2.c:45:0:
C:/Users/chien/STM32CubeIDE/workspace_1.5.1/Embedded_OS_Lab4_NE6091116/FreeRTOS/include/task.h:240:6: note: expected 'char *' but argument is of type 'char (*)[10]'
 void Uint32ConvertHex(volatile StackType_t ,char *);
      ^~~~~~~~~~~~~~~~
../FreeRTOS/portable/MemMang/heap_2.c:302:20: warning: passing argument 1 of 'Uint32ConvertHex' makes integer from pointer without a cast [-Wint-conversion]
   Uint32ConvertHex(pxLinkListEnd,&EndAddress);
                    ^~~~~~~~~~~~~
In file included from ../FreeRTOS/portable/MemMang/heap_2.c:45:0:
C:/Users/chien/STM32CubeIDE/workspace_1.5.1/Embedded_OS_Lab4_NE6091116/FreeRTOS/include/task.h:240:6: note: expected 'uint32_t {aka long unsigned int}' but argument is of type 'BlockLink_t * {aka struct A_BLOCK_LINK *}'
 void Uint32ConvertHex(volatile StackType_t ,char *);
      ^~~~~~~~~~~~~~~~
../FreeRTOS/portable/MemMang/heap_2.c:302:34: warning: passing argument 2 of 'Uint32ConvertHex' from incompatible pointer type [-Wincompatible-pointer-types]
   Uint32ConvertHex(pxLinkListEnd,&EndAddress);
                                  ^
In file included from ../FreeRTOS/portable/MemMang/heap_2.c:45:0:
C:/Users/chien/STM32CubeIDE/workspace_1.5.1/Embedded_OS_Lab4_NE6091116/FreeRTOS/include/task.h:240:6: note: expected 'char *' but argument is of type 'char (*)[10]'
 void Uint32ConvertHex(volatile StackType_t ,char *);
      ^~~~~~~~~~~~~~~~
../FreeRTOS/portable/MemMang/heap_2.c:289:15: warning: unused variable 'pxLink' [-Wunused-variable]
  BlockLink_t *pxLink;
               ^~~~~~
../FreeRTOS/tasks.c: In function 'Uint32ConvertHex':
../FreeRTOS/tasks.c:5212:2: warning: statement with no effect [-Wunused-value]
  for(reversal;reversal<(end/2)+1;reversal++){
  ^~~
arm-none-eabi-gcc "../Core/Src/main.c" -mcpu=cortex-m4 -std=gnu11 -g3 -DUSE_HAL_DRIVER -DDEBUG -DSTM32F407xx -c -I../Core/Inc -I../Drivers/STM32F4xx_HAL_Driver/Inc -I../Drivers/STM32F4xx_HAL_Driver/Inc/Legacy -I../Drivers/CMSIS/Device/ST/STM32F4xx/Include -I../Drivers/CMSIS/Include -I"C:/Users/chien/STM32CubeIDE/workspace_1.5.1/Embedded_OS_Lab4_NE6091116/FreeRTOS/include" -I"C:/Users/chien/STM32CubeIDE/workspace_1.5.1/Embedded_OS_Lab4_NE6091116/FreeRTOS/portable/ARM_CM4F" -O0 -ffunction-sections -fdata-sections -Wall -fstack-usage -MMD -MP -MF"Core/Src/main.d" -MT"Core/Src/main.o" --specs=nano.specs -mfpu=fpv4-sp-d16 -mfloat-abi=hard -mthumb -o "Core/Src/main.o"
../Core/Src/main.c: In function 'main':
../Core/Src/main.c:102:15: warning: passing argument 1 of 'xTaskCreate' from incompatible pointer type [-Wincompatible-pointer-types]
   xTaskCreate(RedLEDTask,"RedLEDTask",100,NULL,0,NULL);
               ^~~~~~~~~~
In file included from ../Core/Src/main.c:29:0:
C:/Users/chien/STM32CubeIDE/workspace_1.5.1/Embedded_OS_Lab4_NE6091116/FreeRTOS/include/task.h:339:13: note: expected 'TaskFunction_t {aka void (*)(void *)}' but argument is of type 'void (*)(const void *)'
  BaseType_t xTaskCreate( TaskFunction_t pxTaskCode,
             ^~~~~~~~~~~
../Core/Src/main.c:103:15: warning: passing argument 1 of 'xTaskCreate' from incompatible pointer type [-Wincompatible-pointer-types]
   xTaskCreate(Task1,"Task1",50,NULL,0,NULL);
               ^~~~~
In file included from ../Core/Src/main.c:29:0:
C:/Users/chien/STM32CubeIDE/workspace_1.5.1/Embedded_OS_Lab4_NE6091116/FreeRTOS/include/task.h:339:13: note: expected 'TaskFunction_t {aka void (*)(void *)}' but argument is of type 'void (*)(const void *)'
  BaseType_t xTaskCreate( TaskFunction_t pxTaskCode,
             ^~~~~~~~~~~
../Core/Src/main.c:104:15: warning: passing argument 1 of 'xTaskCreate' from incompatible pointer type [-Wincompatible-pointer-types]
   xTaskCreate(Task2,"Task2",30,NULL,0,NULL);
               ^~~~~
In file included from ../Core/Src/main.c:29:0:
C:/Users/chien/STM32CubeIDE/workspace_1.5.1/Embedded_OS_Lab4_NE6091116/FreeRTOS/include/task.h:339:13: note: expected 'TaskFunction_t {aka void (*)(void *)}' but argument is of type 'void (*)(const void *)'
  BaseType_t xTaskCreate( TaskFunction_t pxTaskCode,
             ^~~~~~~~~~~
../Core/Src/main.c:105:15: warning: passing argument 1 of 'xTaskCreate' from incompatible pointer type [-Wincompatible-pointer-types]
   xTaskCreate(GreenLEDTask,"GreenLEDTask",130,NULL,0,NULL);
               ^~~~~~~~~~~~
In file included from ../Core/Src/main.c:29:0:
C:/Users/chien/STM32CubeIDE/workspace_1.5.1/Embedded_OS_Lab4_NE6091116/FreeRTOS/include/task.h:339:13: note: expected 'TaskFunction_t {aka void (*)(void *)}' but argument is of type 'void (*)(const void *)'
  BaseType_t xTaskCreate( TaskFunction_t pxTaskCode,
             ^~~~~~~~~~~
../Core/Src/main.c:106:15: warning: passing argument 1 of 'xTaskCreate' from incompatible pointer type [-Wincompatible-pointer-types]
   xTaskCreate(Task3,"Task3",40,NULL,0,NULL);
               ^~~~~
In file included from ../Core/Src/main.c:29:0:
C:/Users/chien/STM32CubeIDE/workspace_1.5.1/Embedded_OS_Lab4_NE6091116/FreeRTOS/include/task.h:339:13: note: expected 'TaskFunction_t {aka void (*)(void *)}' but argument is of type 'void (*)(const void *)'
  BaseType_t xTaskCreate( TaskFunction_t pxTaskCode,
             ^~~~~~~~~~~
../Core/Src/main.c:107:15: warning: passing argument 1 of 'xTaskCreate' from incompatible pointer type [-Wincompatible-pointer-types]
   xTaskCreate(PrintTask,"PrintTask",130,NULL,0,NULL);
               ^~~~~~~~~
In file included from ../Core/Src/main.c:29:0:
C:/Users/chien/STM32CubeIDE/workspace_1.5.1/Embedded_OS_Lab4_NE6091116/FreeRTOS/include/task.h:339:13: note: expected 'TaskFunction_t {aka void (*)(void *)}' but argument is of type 'void (*)(const void *)'
  BaseType_t xTaskCreate( TaskFunction_t pxTaskCode,
             ^~~~~~~~~~~
arm-none-eabi-gcc -o "Embedded_OS_Lab4_NE6091116.elf" @"objects.list"   -mcpu=cortex-m4 -T"C:\Users\chien\STM32CubeIDE\workspace_1.5.1\Embedded_OS_Lab4_NE6091116\STM32F407VGTX_FLASH.ld" --specs=nosys.specs -Wl,-Map="Embedded_OS_Lab4_NE6091116.map" -Wl,--gc-sections -static --specs=nano.specs -mfpu=fpv4-sp-d16 -mfloat-abi=hard -mthumb -Wl,--start-group -lc -lm -Wl,--end-group
Finished building target: Embedded_OS_Lab4_NE6091116.elf
 
arm-none-eabi-objdump -h -S  Embedded_OS_Lab4_NE6091116.elf  > "Embedded_OS_Lab4_NE6091116.list"
arm-none-eabi-objcopy  -O binary  Embedded_OS_Lab4_NE6091116.elf  "Embedded_OS_Lab4_NE6091116.bin"
arm-none-eabi-size   Embedded_OS_Lab4_NE6091116.elf 
   text	   data	    bss	    dec	    hex	filename
  18196	    128	   7320	  25644	   642c	Embedded_OS_Lab4_NE6091116.elf
Finished building: default.size.stdout
 
Finished building: Embedded_OS_Lab4_NE6091116.bin
 
Finished building: Embedded_OS_Lab4_NE6091116.list
 
22:06:03 **** Incremental Build of configuration Debug for project Embedded_OS_Lab4_NE6091116 ****
make -j8 all 
arm-none-eabi-size   Embedded_OS_Lab4_NE6091116.elf 
   text	   data	    bss	    dec	    hex	filename
  18196	    128	   7320	  25644	   642c	Embedded_OS_Lab4_NE6091116.elf
Finished building: default.size.stdout
 
22:06:33 **** Incremental Build of configuration Debug for project Embedded_OS_Lab4_NE6091116 ****
make -j8 all 
arm-none-eabi-size   Embedded_OS_Lab4_NE6091116.elf 
   text	   data	    bss	    dec	    hex	filename
  18196	    128	   7320	  25644	   642c	Embedded_OS_Lab4_NE6091116.elf
Finished building: default.size.stdout
 
22:07:29 **** Incremental Build of configuration Debug for project Embedded_OS_Lab4_NE6091116 ****
make -j8 all 
arm-none-eabi-size   Embedded_OS_Lab4_NE6091116.elf 
   text	   data	    bss	    dec	    hex	filename
  18196	    128	   7320	  25644	   642c	Embedded_OS_Lab4_NE6091116.elf
Finished building: default.size.stdout
 
22:08:57 **** Incremental Build of configuration Debug for project Embedded_OS_Lab4_NE6091116 ****
make -j8 all 
arm-none-eabi-gcc "../FreeRTOS/portable/MemMang/heap_2.c" -mcpu=cortex-m4 -std=gnu11 -g3 -DUSE_HAL_DRIVER -DDEBUG -DSTM32F407xx -c -I../Core/Inc -I../Drivers/STM32F4xx_HAL_Driver/Inc -I../Drivers/STM32F4xx_HAL_Driver/Inc/Legacy -I../Drivers/CMSIS/Device/ST/STM32F4xx/Include -I../Drivers/CMSIS/Include -I"C:/Users/chien/STM32CubeIDE/workspace_1.5.1/Embedded_OS_Lab4_NE6091116/FreeRTOS/include" -I"C:/Users/chien/STM32CubeIDE/workspace_1.5.1/Embedded_OS_Lab4_NE6091116/FreeRTOS/portable/ARM_CM4F" -O0 -ffunction-sections -fdata-sections -Wall -fstack-usage -MMD -MP -MF"FreeRTOS/portable/MemMang/heap_2.d" -MT"FreeRTOS/portable/MemMang/heap_2.o" --specs=nano.specs -mfpu=fpv4-sp-d16 -mfloat-abi=hard -mthumb -o "FreeRTOS/portable/MemMang/heap_2.o"
../FreeRTOS/portable/MemMang/heap_2.c: In function 'vPrintFreeList':
../FreeRTOS/portable/MemMang/heap_2.c:299:20: warning: passing argument 1 of 'Uint32ConvertHex' makes integer from pointer without a cast [-Wint-conversion]
   Uint32ConvertHex(pxLinkList,&StartAddress);//ËΩâÊ??16?≤Âà∂??çÊîæ?≤char
                    ^~~~~~~~~~
In file included from ../FreeRTOS/portable/MemMang/heap_2.c:45:0:
C:/Users/chien/STM32CubeIDE/workspace_1.5.1/Embedded_OS_Lab4_NE6091116/FreeRTOS/include/task.h:240:6: note: expected 'uint32_t {aka long unsigned int}' but argument is of type 'BlockLink_t * {aka struct A_BLOCK_LINK *}'
 void Uint32ConvertHex(volatile StackType_t ,char *);
      ^~~~~~~~~~~~~~~~
../FreeRTOS/portable/MemMang/heap_2.c:299:31: warning: passing argument 2 of 'Uint32ConvertHex' from incompatible pointer type [-Wincompatible-pointer-types]
   Uint32ConvertHex(pxLinkList,&StartAddress);//ËΩâÊ??16?≤Âà∂??çÊîæ?≤char
                               ^
In file included from ../FreeRTOS/portable/MemMang/heap_2.c:45:0:
C:/Users/chien/STM32CubeIDE/workspace_1.5.1/Embedded_OS_Lab4_NE6091116/FreeRTOS/include/task.h:240:6: note: expected 'char *' but argument is of type 'char (*)[10]'
 void Uint32ConvertHex(volatile StackType_t ,char *);
      ^~~~~~~~~~~~~~~~
../FreeRTOS/portable/MemMang/heap_2.c:302:20: warning: passing argument 1 of 'Uint32ConvertHex' makes integer from pointer without a cast [-Wint-conversion]
   Uint32ConvertHex(pxLinkListEnd,&EndAddress);
                    ^~~~~~~~~~~~~
In file included from ../FreeRTOS/portable/MemMang/heap_2.c:45:0:
C:/Users/chien/STM32CubeIDE/workspace_1.5.1/Embedded_OS_Lab4_NE6091116/FreeRTOS/include/task.h:240:6: note: expected 'uint32_t {aka long unsigned int}' but argument is of type 'BlockLink_t * {aka struct A_BLOCK_LINK *}'
 void Uint32ConvertHex(volatile StackType_t ,char *);
      ^~~~~~~~~~~~~~~~
../FreeRTOS/portable/MemMang/heap_2.c:302:34: warning: passing argument 2 of 'Uint32ConvertHex' from incompatible pointer type [-Wincompatible-pointer-types]
   Uint32ConvertHex(pxLinkListEnd,&EndAddress);
                                  ^
In file included from ../FreeRTOS/portable/MemMang/heap_2.c:45:0:
C:/Users/chien/STM32CubeIDE/workspace_1.5.1/Embedded_OS_Lab4_NE6091116/FreeRTOS/include/task.h:240:6: note: expected 'char *' but argument is of type 'char (*)[10]'
 void Uint32ConvertHex(volatile StackType_t ,char *);
      ^~~~~~~~~~~~~~~~
../FreeRTOS/portable/MemMang/heap_2.c:289:15: warning: unused variable 'pxLink' [-Wunused-variable]
  BlockLink_t *pxLink;
               ^~~~~~
arm-none-eabi-gcc -o "Embedded_OS_Lab4_NE6091116.elf" @"objects.list"   -mcpu=cortex-m4 -T"C:\Users\chien\STM32CubeIDE\workspace_1.5.1\Embedded_OS_Lab4_NE6091116\STM32F407VGTX_FLASH.ld" --specs=nosys.specs -Wl,-Map="Embedded_OS_Lab4_NE6091116.map" -Wl,--gc-sections -static --specs=nano.specs -mfpu=fpv4-sp-d16 -mfloat-abi=hard -mthumb -Wl,--start-group -lc -lm -Wl,--end-group
Finished building target: Embedded_OS_Lab4_NE6091116.elf
 
arm-none-eabi-objdump -h -S  Embedded_OS_Lab4_NE6091116.elf  > "Embedded_OS_Lab4_NE6091116.list"
arm-none-eabi-objcopy  -O binary  Embedded_OS_Lab4_NE6091116.elf  "Embedded_OS_Lab4_NE6091116.bin"
arm-none-eabi-size   Embedded_OS_Lab4_NE6091116.elf 
   text	   data	    bss	    dec	    hex	filename
  18352	    128	   7320	  25800	   64c8	Embedded_OS_Lab4_NE6091116.elf
Finished building: default.size.stdout
 
Finished building: Embedded_OS_Lab4_NE6091116.bin
 
Finished building: Embedded_OS_Lab4_NE6091116.list
 
22:09:29 **** Incremental Build of configuration Debug for project Embedded_OS_Lab4_NE6091116 ****
make -j8 all 
arm-none-eabi-size   Embedded_OS_Lab4_NE6091116.elf 
   text	   data	    bss	    dec	    hex	filename
  18352	    128	   7320	  25800	   64c8	Embedded_OS_Lab4_NE6091116.elf
Finished building: default.size.stdout
 
22:11:18 **** Incremental Build of configuration Debug for project Embedded_OS_Lab4_NE6091116 ****
make -j8 all 
arm-none-eabi-gcc "../FreeRTOS/portable/MemMang/heap_2.c" -mcpu=cortex-m4 -std=gnu11 -g3 -DUSE_HAL_DRIVER -DDEBUG -DSTM32F407xx -c -I../Core/Inc -I../Drivers/STM32F4xx_HAL_Driver/Inc -I../Drivers/STM32F4xx_HAL_Driver/Inc/Legacy -I../Drivers/CMSIS/Device/ST/STM32F4xx/Include -I../Drivers/CMSIS/Include -I"C:/Users/chien/STM32CubeIDE/workspace_1.5.1/Embedded_OS_Lab4_NE6091116/FreeRTOS/include" -I"C:/Users/chien/STM32CubeIDE/workspace_1.5.1/Embedded_OS_Lab4_NE6091116/FreeRTOS/portable/ARM_CM4F" -O0 -ffunction-sections -fdata-sections -Wall -fstack-usage -MMD -MP -MF"FreeRTOS/portable/MemMang/heap_2.d" -MT"FreeRTOS/portable/MemMang/heap_2.o" --specs=nano.specs -mfpu=fpv4-sp-d16 -mfloat-abi=hard -mthumb -o "FreeRTOS/portable/MemMang/heap_2.o"
../FreeRTOS/portable/MemMang/heap_2.c: In function 'vPrintFreeList':
../FreeRTOS/portable/MemMang/heap_2.c:301:20: warning: passing argument 1 of 'Uint32ConvertHex' makes integer from pointer without a cast [-Wint-conversion]
   Uint32ConvertHex(pxLinkList,&StartAddress);//ËΩâÊ??16?≤Âà∂??çÊîæ?≤char
                    ^~~~~~~~~~
In file included from ../FreeRTOS/portable/MemMang/heap_2.c:45:0:
C:/Users/chien/STM32CubeIDE/workspace_1.5.1/Embedded_OS_Lab4_NE6091116/FreeRTOS/include/task.h:240:6: note: expected 'uint32_t {aka long unsigned int}' but argument is of type 'BlockLink_t * {aka struct A_BLOCK_LINK *}'
 void Uint32ConvertHex(volatile StackType_t ,char *);
      ^~~~~~~~~~~~~~~~
../FreeRTOS/portable/MemMang/heap_2.c:301:31: warning: passing argument 2 of 'Uint32ConvertHex' from incompatible pointer type [-Wincompatible-pointer-types]
   Uint32ConvertHex(pxLinkList,&StartAddress);//ËΩâÊ??16?≤Âà∂??çÊîæ?≤char
                               ^
In file included from ../FreeRTOS/portable/MemMang/heap_2.c:45:0:
C:/Users/chien/STM32CubeIDE/workspace_1.5.1/Embedded_OS_Lab4_NE6091116/FreeRTOS/include/task.h:240:6: note: expected 'char *' but argument is of type 'char (*)[10]'
 void Uint32ConvertHex(volatile StackType_t ,char *);
      ^~~~~~~~~~~~~~~~
../FreeRTOS/portable/MemMang/heap_2.c:304:20: warning: passing argument 1 of 'Uint32ConvertHex' makes integer from pointer without a cast [-Wint-conversion]
   Uint32ConvertHex(pxLinkListEnd,&EndAddress);
                    ^~~~~~~~~~~~~
In file included from ../FreeRTOS/portable/MemMang/heap_2.c:45:0:
C:/Users/chien/STM32CubeIDE/workspace_1.5.1/Embedded_OS_Lab4_NE6091116/FreeRTOS/include/task.h:240:6: note: expected 'uint32_t {aka long unsigned int}' but argument is of type 'BlockLink_t * {aka struct A_BLOCK_LINK *}'
 void Uint32ConvertHex(volatile StackType_t ,char *);
      ^~~~~~~~~~~~~~~~
../FreeRTOS/portable/MemMang/heap_2.c:304:34: warning: passing argument 2 of 'Uint32ConvertHex' from incompatible pointer type [-Wincompatible-pointer-types]
   Uint32ConvertHex(pxLinkListEnd,&EndAddress);
                                  ^
In file included from ../FreeRTOS/portable/MemMang/heap_2.c:45:0:
C:/Users/chien/STM32CubeIDE/workspace_1.5.1/Embedded_OS_Lab4_NE6091116/FreeRTOS/include/task.h:240:6: note: expected 'char *' but argument is of type 'char (*)[10]'
 void Uint32ConvertHex(volatile StackType_t ,char *);
      ^~~~~~~~~~~~~~~~
../FreeRTOS/portable/MemMang/heap_2.c:286:15: warning: unused variable 'pxLink' [-Wunused-variable]
  BlockLink_t *pxLink;
               ^~~~~~
arm-none-eabi-gcc -o "Embedded_OS_Lab4_NE6091116.elf" @"objects.list"   -mcpu=cortex-m4 -T"C:\Users\chien\STM32CubeIDE\workspace_1.5.1\Embedded_OS_Lab4_NE6091116\STM32F407VGTX_FLASH.ld" --specs=nosys.specs -Wl,-Map="Embedded_OS_Lab4_NE6091116.map" -Wl,--gc-sections -static --specs=nano.specs -mfpu=fpv4-sp-d16 -mfloat-abi=hard -mthumb -Wl,--start-group -lc -lm -Wl,--end-group
Finished building target: Embedded_OS_Lab4_NE6091116.elf
 
arm-none-eabi-objdump -h -S  Embedded_OS_Lab4_NE6091116.elf  > "Embedded_OS_Lab4_NE6091116.list"
arm-none-eabi-objcopy  -O binary  Embedded_OS_Lab4_NE6091116.elf  "Embedded_OS_Lab4_NE6091116.bin"
arm-none-eabi-size   Embedded_OS_Lab4_NE6091116.elf 
[...]
arm-none-eabi-gcc "../Drivers/STM32F4xx_HAL_Driver/Src/stm32f4xx_hal_exti.c" -mcpu=cortex-m4 -std=gnu11 -g3 -DUSE_HAL_DRIVER -DDEBUG -DSTM32F407xx -c -I"C:/Users/chien/Desktop/fat.lab5/FreeRTOS/include" -I"C:/Users/chien/Desktop/fat.lab5/FreeRTOS/portable/ARM_CM4F" -O0 -ffunction-sections -fdata-sections -Wall -fstack-usage -MMD -MP -MF"Drivers/STM32F4xx_HAL_Driver/Src/stm32f4xx_hal_exti.d" -MT"Drivers/STM32F4xx_HAL_Driver/Src/stm32f4xx_hal_exti.o" --specs=nano.specs -mfpu=fpv4-sp-d16 -mfloat-abi=hard -mthumb -o "Drivers/STM32F4xx_HAL_Driver/Src/stm32f4xx_hal_exti.o"
arm-none-eabi-gcc "../Drivers/STM32F4xx_HAL_Driver/Src/stm32f4xx_hal_flash.c" -mcpu=cortex-m4 -std=gnu11 -g3 -DUSE_HAL_DRIVER -DDEBUG -DSTM32F407xx -c -I"C:/Users/chien/Desktop/fat.lab5/FreeRTOS/include" -I"C:/Users/chien/Desktop/fat.lab5/FreeRTOS/portable/ARM_CM4F" -O0 -ffunction-sections -fdata-sections -Wall -fstack-usage -MMD -MP -MF"Drivers/STM32F4xx_HAL_Driver/Src/stm32f4xx_hal_flash.d" -MT"Drivers/STM32F4xx_HAL_Driver/Src/stm32f4xx_hal_flash.o" --specs=nano.specs -mfpu=fpv4-sp-d16 -mfloat-abi=hard -mthumb -o "Drivers/STM32F4xx_HAL_Driver/Src/stm32f4xx_hal_flash.o"
arm-none-eabi-gcc "../Drivers/STM32F4xx_HAL_Driver/Src/stm32f4xx_hal_flash_ex.c" -mcpu=cortex-m4 -std=gnu11 -g3 -DUSE_HAL_DRIVER -DDEBUG -DSTM32F407xx -c -I"C:/Users/chien/Desktop/fat.lab5/FreeRTOS/include" -I"C:/Users/chien/Desktop/fat.lab5/FreeRTOS/portable/ARM_CM4F" -O0 -ffunction-sections -fdata-sections -Wall -fstack-usage -MMD -MP -MF"Drivers/STM32F4xx_HAL_Driver/Src/stm32f4xx_hal_flash_ex.d" -MT"Drivers/STM32F4xx_HAL_Driver/Src/stm32f4xx_hal_flash_ex.o" --specs=nano.specs -mfpu=fpv4-sp-d16 -mfloat-abi=hard -mthumb -o "Drivers/STM32F4xx_HAL_Driver/Src/stm32f4xx_hal_flash_ex.o"
arm-none-eabi-gcc "../Drivers/STM32F4xx_HAL_Driver/Src/stm32f4xx_hal_flash_ramfunc.c" -mcpu=cortex-m4 -std=gnu11 -g3 -DUSE_HAL_DRIVER -DDEBUG -DSTM32F407xx -c -I"C:/Users/chien/Desktop/fat.lab5/FreeRTOS/include" -I"C:/Users/chien/Desktop/fat.lab5/FreeRTOS/portable/ARM_CM4F" -O0 -ffunction-sections -fdata-sections -Wall -fstack-usage -MMD -MP -MF"Drivers/STM32F4xx_HAL_Driver/Src/stm32f4xx_hal_flash_ramfunc.d" -MT"Drivers/STM32F4xx_HAL_Driver/Src/stm32f4xx_hal_flash_ramfunc.o" --specs=nano.specs -mfpu=fpv4-sp-d16 -mfloat-abi=hard -mthumb -o "Drivers/STM32F4xx_HAL_Driver/Src/stm32f4xx_hal_flash_ramfunc.o"
../Drivers/STM32F4xx_HAL_Driver/Src/stm32f4xx_hal.c:36:10: fatal error: stm32f4xx_hal.h: No such file or directory
 #include "stm32f4xx_hal.h"
          ^~~~~~~~~~~~~~~~~
compilation terminated.
../Drivers/STM32F4xx_HAL_Driver/Src/stm32f4xx_hal_cortex.c:83:10: fatal error: stm32f4xx_hal.h: No such file or directory
 #include "stm32f4xx_hal.h"
          ^~~~~~~~~~~~~~~~~
compilation terminated.
../Drivers/STM32F4xx_HAL_Driver/Src/stm32f4xx_hal_dma_ex.c:40:10: fatal error: stm32f4xx_hal.h: No such file or directory
 #include "stm32f4xx_hal.h"
          ^~~~~~~~~~~~~~~~~
compilation terminated.
../Drivers/STM32F4xx_HAL_Driver/Src/stm32f4xx_hal_dma.c:98:10: fatal error: stm32f4xx_hal.h: No such file or directory
 #include "stm32f4xx_hal.h"
          ^~~~~~~~~~~~~~~~~
compilation terminated.
make: *** [Drivers/STM32F4xx_HAL_Driver/Src/subdir.mk:78: Drivers/STM32F4xx_HAL_Driver/Src/stm32f4xx_hal.o] Error 1
make: *** Waiting for unfinished jobs....
../Drivers/STM32F4xx_HAL_Driver/Src/stm32f4xx_hal_exti.c:87:10: fatal error: stm32f4xx_hal.h: No such file or directory
 #include "stm32f4xx_hal.h"
          ^~~~~~~~~~~~~~~~~
compilation terminated.
../Drivers/STM32F4xx_HAL_Driver/Src/stm32f4xx_hal_flash_ex.c:64:10: fatal error: stm32f4xx_hal.h: No such file or directory
 #include "stm32f4xx_hal.h"
          ^~~~~~~~~~~~~~~~~
compilation terminated.
make: *** [Drivers/STM32F4xx_HAL_Driver/Src/subdir.mk:80: Drivers/STM32F4xx_HAL_Driver/Src/stm32f4xx_hal_cortex.o] Error 1
../Drivers/STM32F4xx_HAL_Driver/Src/stm32f4xx_hal_flash_ramfunc.c:49:10: fatal error: stm32f4xx_hal.h: No such file or directory
 #include "stm32f4xx_hal.h"
          ^~~~~~~~~~~~~~~~~
compilation terminated.
make: *** [Drivers/STM32F4xx_HAL_Driver/Src/subdir.mk:82: Drivers/STM32F4xx_HAL_Driver/Src/stm32f4xx_hal_dma.o] Error 1
make: *** [Drivers/STM32F4xx_HAL_Driver/Src/subdir.mk:84: Drivers/STM32F4xx_HAL_Driver/Src/stm32f4xx_hal_dma_ex.o] Error 1
make: *** [Drivers/STM32F4xx_HAL_Driver/Src/subdir.mk:86: Drivers/STM32F4xx_HAL_Driver/Src/stm32f4xx_hal_exti.o] Error 1
make: *** [Drivers/STM32F4xx_HAL_Driver/Src/subdir.mk:90: Drivers/STM32F4xx_HAL_Driver/Src/stm32f4xx_hal_flash_ex.o] Error 1
make: *** [Drivers/STM32F4xx_HAL_Driver/Src/subdir.mk:92: Drivers/STM32F4xx_HAL_Driver/Src/stm32f4xx_hal_flash_ramfunc.o] Error 1
../Drivers/STM32F4xx_HAL_Driver/Src/stm32f4xx_hal_flash.c:78:10: fatal error: stm32f4xx_hal.h: No such file or directory
 #include "stm32f4xx_hal.h"
          ^~~~~~~~~~~~~~~~~
compilation terminated.
make: *** [Drivers/STM32F4xx_HAL_Driver/Src/subdir.mk:88: Drivers/STM32F4xx_HAL_Driver/Src/stm32f4xx_hal_flash.o] Error 1
"make -j8 all" terminated with exit code 2. Build might be incomplete.
23:25:07 **** Incremental Build of configuration Debug for project fat ****
make -j8 all 
arm-none-eabi-gcc "../Drivers/STM32F4xx_HAL_Driver/Src/stm32f4xx_hal.c" -mcpu=cortex-m4 -std=gnu11 -g3 -DUSE_HAL_DRIVER -DDEBUG -DSTM32F407xx -c -I"C:/Users/chien/Desktop/fat.lab5/FreeRTOS/include" -I"C:/Users/chien/Desktop/fat.lab5/FreeRTOS/portable/ARM_CM4F" -O0 -ffunction-sections -fdata-sections -Wall -fstack-usage -MMD -MP -MF"Drivers/STM32F4xx_HAL_Driver/Src/stm32f4xx_hal.d" -MT"Drivers/STM32F4xx_HAL_Driver/Src/stm32f4xx_hal.o" --specs=nano.specs -mfpu=fpv4-sp-d16 -mfloat-abi=hard -mthumb -o "Drivers/STM32F4xx_HAL_Driver/Src/stm32f4xx_hal.o"
arm-none-eabi-gcc "../Drivers/STM32F4xx_HAL_Driver/Src/stm32f4xx_hal_cortex.c" -mcpu=cortex-m4 -std=gnu11 -g3 -DUSE_HAL_DRIVER -DDEBUG -DSTM32F407xx -c -I"C:/Users/chien/Desktop/fat.lab5/FreeRTOS/include" -I"C:/Users/chien/Desktop/fat.lab5/FreeRTOS/portable/ARM_CM4F" -O0 -ffunction-sections -fdata-sections -Wall -fstack-usage -MMD -MP -MF"Drivers/STM32F4xx_HAL_Driver/Src/stm32f4xx_hal_cortex.d" -MT"Drivers/STM32F4xx_HAL_Driver/Src/stm32f4xx_hal_cortex.o" --specs=nano.specs -mfpu=fpv4-sp-d16 -mfloat-abi=hard -mthumb -o "Drivers/STM32F4xx_HAL_Driver/Src/stm32f4xx_hal_cortex.o"
arm-none-eabi-gcc "../Drivers/STM32F4xx_HAL_Driver/Src/stm32f4xx_hal_dma.c" -mcpu=cortex-m4 -std=gnu11 -g3 -DUSE_HAL_DRIVER -DDEBUG -DSTM32F407xx -c -I"C:/Users/chien/Desktop/fat.lab5/FreeRTOS/include" -I"C:/Users/chien/Desktop/fat.lab5/FreeRTOS/portable/ARM_CM4F" -O0 -ffunction-sections -fdata-sections -Wall -fstack-usage -MMD -MP -MF"Drivers/STM32F4xx_HAL_Driver/Src/stm32f4xx_hal_dma.d" -MT"Drivers/STM32F4xx_HAL_Driver/Src/stm32f4xx_hal_dma.o" --specs=nano.specs -mfpu=fpv4-sp-d16 -mfloat-abi=hard -mthumb -o "Drivers/STM32F4xx_HAL_Driver/Src/stm32f4xx_hal_dma.o"
arm-none-eabi-gcc "../Drivers/STM32F4xx_HAL_Driver/Src/stm32f4xx_hal_dma_ex.c" -mcpu=cortex-m4 -std=gnu11 -g3 -DUSE_HAL_DRIVER -DDEBUG -DSTM32F407xx -c -I"C:/Users/chien/Desktop/fat.lab5/FreeRTOS/include" -I"C:/Users/chien/Desktop/fat.lab5/FreeRTOS/portable/ARM_CM4F" -O0 -ffunction-sections -fdata-sections -Wall -fstack-usage -MMD -MP -MF"Drivers/STM32F4xx_HAL_Driver/Src/stm32f4xx_hal_dma_ex.d" -MT"Drivers/STM32F4xx_HAL_Driver/Src/stm32f4xx_hal_dma_ex.o" --specs=nano.specs -mfpu=fpv4-sp-d16 -mfloat-abi=hard -mthumb -o "Drivers/STM32F4xx_HAL_Driver/Src/stm32f4xx_hal_dma_ex.o"
arm-none-eabi-gcc "../Drivers/STM32F4xx_HAL_Driver/Src/stm32f4xx_hal_exti.c" -mcpu=cortex-m4 -std=gnu11 -g3 -DUSE_HAL_DRIVER -DDEBUG -DSTM32F407xx -c -I"C:/Users/chien/Desktop/fat.lab5/FreeRTOS/include" -I"C:/Users/chien/Desktop/fat.lab5/FreeRTOS/portable/ARM_CM4F" -O0 -ffunction-sections -fdata-sections -Wall -fstack-usage -MMD -MP -MF"Drivers/STM32F4xx_HAL_Driver/Src/stm32f4xx_hal_exti.d" -MT"Drivers/STM32F4xx_HAL_Driver/Src/stm32f4xx_hal_exti.o" --specs=nano.specs -mfpu=fpv4-sp-d16 -mfloat-abi=hard -mthumb -o "Drivers/STM32F4xx_HAL_Driver/Src/stm32f4xx_hal_exti.o"
arm-none-eabi-gcc "../Drivers/STM32F4xx_HAL_Driver/Src/stm32f4xx_hal_flash.c" -mcpu=cortex-m4 -std=gnu11 -g3 -DUSE_HAL_DRIVER -DDEBUG -DSTM32F407xx -c -I"C:/Users/chien/Desktop/fat.lab5/FreeRTOS/include" -I"C:/Users/chien/Desktop/fat.lab5/FreeRTOS/portable/ARM_CM4F" -O0 -ffunction-sections -fdata-sections -Wall -fstack-usage -MMD -MP -MF"Drivers/STM32F4xx_HAL_Driver/Src/stm32f4xx_hal_flash.d" -MT"Drivers/STM32F4xx_HAL_Driver/Src/stm32f4xx_hal_flash.o" --specs=nano.specs -mfpu=fpv4-sp-d16 -mfloat-abi=hard -mthumb -o "Drivers/STM32F4xx_HAL_Driver/Src/stm32f4xx_hal_flash.o"
arm-none-eabi-gcc "../Drivers/STM32F4xx_HAL_Driver/Src/stm32f4xx_hal_flash_ex.c" -mcpu=cortex-m4 -std=gnu11 -g3 -DUSE_HAL_DRIVER -DDEBUG -DSTM32F407xx -c -I"C:/Users/chien/Desktop/fat.lab5/FreeRTOS/include" -I"C:/Users/chien/Desktop/fat.lab5/FreeRTOS/portable/ARM_CM4F" -O0 -ffunction-sections -fdata-sections -Wall -fstack-usage -MMD -MP -MF"Drivers/STM32F4xx_HAL_Driver/Src/stm32f4xx_hal_flash_ex.d" -MT"Drivers/STM32F4xx_HAL_Driver/Src/stm32f4xx_hal_flash_ex.o" --specs=nano.specs -mfpu=fpv4-sp-d16 -mfloat-abi=hard -mthumb -o "Drivers/STM32F4xx_HAL_Driver/Src/stm32f4xx_hal_flash_ex.o"
arm-none-eabi-gcc "../Drivers/STM32F4xx_HAL_Driver/Src/stm32f4xx_hal_flash_ramfunc.c" -mcpu=cortex-m4 -std=gnu11 -g3 -DUSE_HAL_DRIVER -DDEBUG -DSTM32F407xx -c -I"C:/Users/chien/Desktop/fat.lab5/FreeRTOS/include" -I"C:/Users/chien/Desktop/fat.lab5/FreeRTOS/portable/ARM_CM4F" -O0 -ffunction-sections -fdata-sections -Wall -fstack-usage -MMD -MP -MF"Drivers/STM32F4xx_HAL_Driver/Src/stm32f4xx_hal_flash_ramfunc.d" -MT"Drivers/STM32F4xx_HAL_Driver/Src/stm32f4xx_hal_flash_ramfunc.o" --specs=nano.specs -mfpu=fpv4-sp-d16 -mfloat-abi=hard -mthumb -o "Drivers/STM32F4xx_HAL_Driver/Src/stm32f4xx_hal_flash_ramfunc.o"
../Drivers/STM32F4xx_HAL_Driver/Src/stm32f4xx_hal_dma.c:98:10: fatal error: stm32f4xx_hal.h: No such file or directory
 #include "stm32f4xx_hal.h"
          ^~~~~~~~~~~~~~~~~
compilation terminated.
../Drivers/STM32F4xx_HAL_Driver/Src/stm32f4xx_hal_dma_ex.c:40:10: fatal error: stm32f4xx_hal.h: No such file or directory
 #include "stm32f4xx_hal.h"
          ^~~~~~~~~~~~~~~~~
compilation terminated.
../Drivers/STM32F4xx_HAL_Driver/Src/stm32f4xx_hal_flash.c:78:10: fatal error: stm32f4xx_hal.h: No such file or directory
 #include "stm32f4xx_hal.h"
          ^~~~~~~~~~~~~~~~~
compilation terminated.
../Drivers/STM32F4xx_HAL_Driver/Src/stm32f4xx_hal.c:36:10: fatal error: stm32f4xx_hal.h: No such file or directory
 #include "stm32f4xx_hal.h"
          ^~~~~~~~~~~~~~~~~
compilation terminated.
../Drivers/STM32F4xx_HAL_Driver/Src/stm32f4xx_hal_cortex.c:83:10: fatal error: stm32f4xx_hal.h: No such file or directory
 #include "stm32f4xx_hal.h"
          ^~~~~~~~~~~~~~~~~
compilation terminated.
../Drivers/STM32F4xx_HAL_Driver/Src/stm32f4xx_hal_exti.c:87:10: fatal error: stm32f4xx_hal.h: No such file or directory
 #include "stm32f4xx_hal.h"
          ^~~~~~~~~~~~~~~~~
compilation terminated.
make: *** [Drivers/STM32F4xx_HAL_Driver/Src/subdir.mk:82: Drivers/STM32F4xx_HAL_Driver/Src/stm32f4xx_hal_dma.o] Error 1
make: *** Waiting for unfinished jobs....
../Drivers/STM32F4xx_HAL_Driver/Src/stm32f4xx_hal_flash_ex.c:64:10: fatal error: stm32f4xx_hal.h: No such file or directory
 #include "stm32f4xx_hal.h"
          ^~~~~~~~~~~~~~~~~
compilation terminated.
make: *** [Drivers/STM32F4xx_HAL_Driver/Src/subdir.mk:84: Drivers/STM32F4xx_HAL_Driver/Src/stm32f4xx_hal_dma_ex.o] Error 1
../Drivers/STM32F4xx_HAL_Driver/Src/stm32f4xx_hal_flash_ramfunc.c:49:10: fatal error: stm32f4xx_hal.h: No such file or directory
 #include "stm32f4xx_hal.h"
          ^~~~~~~~~~~~~~~~~
compilation terminated.
make: *** [Drivers/STM32F4xx_HAL_Driver/Src/subdir.mk:88: Drivers/STM32F4xx_HAL_Driver/Src/stm32f4xx_hal_flash.o] Error 1
make: *** [Drivers/STM32F4xx_HAL_Driver/Src/subdir.mk:80: Drivers/STM32F4xx_HAL_Driver/Src/stm32f4xx_hal_cortex.o] Error 1
make: *** [Drivers/STM32F4xx_HAL_Driver/Src/subdir.mk:78: Drivers/STM32F4xx_HAL_Driver/Src/stm32f4xx_hal.o] Error 1
make: *** [Drivers/STM32F4xx_HAL_Driver/Src/subdir.mk:90: Drivers/STM32F4xx_HAL_Driver/Src/stm32f4xx_hal_flash_ex.o] Error 1
make: *** [Drivers/STM32F4xx_HAL_Driver/Src/subdir.mk:86: Drivers/STM32F4xx_HAL_Driver/Src/stm32f4xx_hal_exti.o] Error 1
make: *** [Drivers/STM32F4xx_HAL_Driver/Src/subdir.mk:92: Drivers/STM32F4xx_HAL_Driver/Src/stm32f4xx_hal_flash_ramfunc.o] Error 1
"make -j8 all" terminated with exit code 2. Build might be incomplete.
23:25:48 **** Incremental Build of configuration Debug for project fat ****
make -j8 all 
arm-none-eabi-gcc "../Drivers/STM32F4xx_HAL_Driver/Src/stm32f4xx_hal.c" -mcpu=cortex-m4 -std=gnu11 -g3 -DUSE_HAL_DRIVER -DDEBUG -DSTM32F407xx -c -I"C:/Users/chien/Desktop/fat.lab5/FreeRTOS/include" -I"C:/Users/chien/Desktop/fat.lab5/FreeRTOS/portable/ARM_CM4F" -O0 -ffunction-sections -fdata-sections -Wall -fstack-usage -MMD -MP -MF"Drivers/STM32F4xx_HAL_Driver/Src/stm32f4xx_hal.d" -MT"Drivers/STM32F4xx_HAL_Driver/Src/stm32f4xx_hal.o" --specs=nano.specs -mfpu=fpv4-sp-d16 -mfloat-abi=hard -mthumb -o "Drivers/STM32F4xx_HAL_Driver/Src/stm32f4xx_hal.o"
arm-none-eabi-gcc "../Drivers/STM32F4xx_HAL_Driver/Src/stm32f4xx_hal_cortex.c" -mcpu=cortex-m4 -std=gnu11 -g3 -DUSE_HAL_DRIVER -DDEBUG -DSTM32F407xx -c -I"C:/Users/chien/Desktop/fat.lab5/FreeRTOS/include" -I"C:/Users/chien/Desktop/fat.lab5/FreeRTOS/portable/ARM_CM4F" -O0 -ffunction-sections -fdata-sections -Wall -fstack-usage -MMD -MP -MF"Drivers/STM32F4xx_HAL_Driver/Src/stm32f4xx_hal_cortex.d" -MT"Drivers/STM32F4xx_HAL_Driver/Src/stm32f4xx_hal_cortex.o" --specs=nano.specs -mfpu=fpv4-sp-d16 -mfloat-abi=hard -mthumb -o "Drivers/STM32F4xx_HAL_Driver/Src/stm32f4xx_hal_cortex.o"
arm-none-eabi-gcc "../Drivers/STM32F4xx_HAL_Driver/Src/stm32f4xx_hal_dma.c" -mcpu=cortex-m4 -std=gnu11 -g3 -DUSE_HAL_DRIVER -DDEBUG -DSTM32F407xx -c -I"C:/Users/chien/Desktop/fat.lab5/FreeRTOS/include" -I"C:/Users/chien/Desktop/fat.lab5/FreeRTOS/portable/ARM_CM4F" -O0 -ffunction-sections -fdata-sections -Wall -fstack-usage -MMD -MP -MF"Drivers/STM32F4xx_HAL_Driver/Src/stm32f4xx_hal_dma.d" -MT"Drivers/STM32F4xx_HAL_Driver/Src/stm32f4xx_hal_dma.o" --specs=nano.specs -mfpu=fpv4-sp-d16 -mfloat-abi=hard -mthumb -o "Drivers/STM32F4xx_HAL_Driver/Src/stm32f4xx_hal_dma.o"
arm-none-eabi-gcc "../Drivers/STM32F4xx_HAL_Driver/Src/stm32f4xx_hal_dma_ex.c" -mcpu=cortex-m4 -std=gnu11 -g3 -DUSE_HAL_DRIVER -DDEBUG -DSTM32F407xx -c -I"C:/Users/chien/Desktop/fat.lab5/FreeRTOS/include" -I"C:/Users/chien/Desktop/fat.lab5/FreeRTOS/portable/ARM_CM4F" -O0 -ffunction-sections -fdata-sections -Wall -fstack-usage -MMD -MP -MF"Drivers/STM32F4xx_HAL_Driver/Src/stm32f4xx_hal_dma_ex.d" -MT"Drivers/STM32F4xx_HAL_Driver/Src/stm32f4xx_hal_dma_ex.o" --specs=nano.specs -mfpu=fpv4-sp-d16 -mfloat-abi=hard -mthumb -o "Drivers/STM32F4xx_HAL_Driver/Src/stm32f4xx_hal_dma_ex.o"
arm-none-eabi-gcc "../Drivers/STM32F4xx_HAL_Driver/Src/stm32f4xx_hal_exti.c" -mcpu=cortex-m4 -std=gnu11 -g3 -DUSE_HAL_DRIVER -DDEBUG -DSTM32F407xx -c -I"C:/Users/chien/Desktop/fat.lab5/FreeRTOS/include" -I"C:/Users/chien/Desktop/fat.lab5/FreeRTOS/portable/ARM_CM4F" -O0 -ffunction-sections -fdata-sections -Wall -fstack-usage -MMD -MP -MF"Drivers/STM32F4xx_HAL_Driver/Src/stm32f4xx_hal_exti.d" -MT"Drivers/STM32F4xx_HAL_Driver/Src/stm32f4xx_hal_exti.o" --specs=nano.specs -mfpu=fpv4-sp-d16 -mfloat-abi=hard -mthumb -o "Drivers/STM32F4xx_HAL_Driver/Src/stm32f4xx_hal_exti.o"
arm-none-eabi-gcc "../Drivers/STM32F4xx_HAL_Driver/Src/stm32f4xx_hal_flash.c" -mcpu=cortex-m4 -std=gnu11 -g3 -DUSE_HAL_DRIVER -DDEBUG -DSTM32F407xx -c -I"C:/Users/chien/Desktop/fat.lab5/FreeRTOS/include" -I"C:/Users/chien/Desktop/fat.lab5/FreeRTOS/portable/ARM_CM4F" -O0 -ffunction-sections -fdata-sections -Wall -fstack-usage -MMD -MP -MF"Drivers/STM32F4xx_HAL_Driver/Src/stm32f4xx_hal_flash.d" -MT"Drivers/STM32F4xx_HAL_Driver/Src/stm32f4xx_hal_flash.o" --specs=nano.specs -mfpu=fpv4-sp-d16 -mfloat-abi=hard -mthumb -o "Drivers/STM32F4xx_HAL_Driver/Src/stm32f4xx_hal_flash.o"
arm-none-eabi-gcc "../Drivers/STM32F4xx_HAL_Driver/Src/stm32f4xx_hal_flash_ex.c" -mcpu=cortex-m4 -std=gnu11 -g3 -DUSE_HAL_DRIVER -DDEBUG -DSTM32F407xx -c -I"C:/Users/chien/Desktop/fat.lab5/FreeRTOS/include" -I"C:/Users/chien/Desktop/fat.lab5/FreeRTOS/portable/ARM_CM4F" -O0 -ffunction-sections -fdata-sections -Wall -fstack-usage -MMD -MP -MF"Drivers/STM32F4xx_HAL_Driver/Src/stm32f4xx_hal_flash_ex.d" -MT"Drivers/STM32F4xx_HAL_Driver/Src/stm32f4xx_hal_flash_ex.o" --specs=nano.specs -mfpu=fpv4-sp-d16 -mfloat-abi=hard -mthumb -o "Drivers/STM32F4xx_HAL_Driver/Src/stm32f4xx_hal_flash_ex.o"
arm-none-eabi-gcc "../Drivers/STM32F4xx_HAL_Driver/Src/stm32f4xx_hal_flash_ramfunc.c" -mcpu=cortex-m4 -std=gnu11 -g3 -DUSE_HAL_DRIVER -DDEBUG -DSTM32F407xx -c -I"C:/Users/chien/Desktop/fat.lab5/FreeRTOS/include" -I"C:/Users/chien/Desktop/fat.lab5/FreeRTOS/portable/ARM_CM4F" -O0 -ffunction-sections -fdata-sections -Wall -fstack-usage -MMD -MP -MF"Drivers/STM32F4xx_HAL_Driver/Src/stm32f4xx_hal_flash_ramfunc.d" -MT"Drivers/STM32F4xx_HAL_Driver/Src/stm32f4xx_hal_flash_ramfunc.o" --specs=nano.specs -mfpu=fpv4-sp-d16 -mfloat-abi=hard -mthumb -o "Drivers/STM32F4xx_HAL_Driver/Src/stm32f4xx_hal_flash_ramfunc.o"
../Drivers/STM32F4xx_HAL_Driver/Src/stm32f4xx_hal.c:36:10: fatal error: stm32f4xx_hal.h: No such file or directory
 #include "stm32f4xx_hal.h"
          ^~~~~~~~~~~~~~~~~
compilation terminated.
../Drivers/STM32F4xx_HAL_Driver/Src/stm32f4xx_hal_cortex.c:83:10: fatal error: stm32f4xx_hal.h: No such file or directory
 #include "stm32f4xx_hal.h"
          ^~~~~~~~~~~~~~~~~
compilation terminated.
../Drivers/STM32F4xx_HAL_Driver/Src/stm32f4xx_hal_flash.c:78:10: fatal error: stm32f4xx_hal.h: No such file or directory
 #include "stm32f4xx_hal.h"
          ^~~~~~~~~~~~~~~~~
compilation terminated.
../Drivers/STM32F4xx_HAL_Driver/Src/stm32f4xx_hal_dma.c:98:10: fatal error: stm32f4xx_hal.h: No such file or directory
 #include "stm32f4xx_hal.h"
          ^~~~~~~~~~~~~~~~~
compilation terminated.
make: *** [Drivers/STM32F4xx_HAL_Driver/Src/subdir.mk:78: Drivers/STM32F4xx_HAL_Driver/Src/stm32f4xx_hal.o] Error 1
make: *** Waiting for unfinished jobs....
../Drivers/STM32F4xx_HAL_Driver/Src/stm32f4xx_hal_dma_ex.c:40:10: fatal error: stm32f4xx_hal.h: No such file or directory
 #include "stm32f4xx_hal.h"
          ^~~~~~~~~~~~~~~~~
compilation terminated.
make: *** [Drivers/STM32F4xx_HAL_Driver/Src/subdir.mk:80: Drivers/STM32F4xx_HAL_Driver/Src/stm32f4xx_hal_cortex.o] Error 1
../Drivers/STM32F4xx_HAL_Driver/Src/stm32f4xx_hal_flash_ramfunc.c:49:10: fatal error: stm32f4xx_hal.h: No such file or directory
 #include "stm32f4xx_hal.h"
          ^~~~~~~~~~~~~~~~~
compilation terminated.
../Drivers/STM32F4xx_HAL_Driver/Src/stm32f4xx_hal_flash_ex.c:64:10: fatal error: stm32f4xx_hal.h: No such file or directory
 #include "stm32f4xx_hal.h"
          ^~~~~~~~~~~~~~~~~
compilation terminated.
../Drivers/STM32F4xx_HAL_Driver/Src/stm32f4xx_hal_exti.c:87:10: fatal error: stm32f4xx_hal.h: No such file or directory
 #include "stm32f4xx_hal.h"
          ^~~~~~~~~~~~~~~~~
compilation terminated.
make: *** [Drivers/STM32F4xx_HAL_Driver/Src/subdir.mk:88: Drivers/STM32F4xx_HAL_Driver/Src/stm32f4xx_hal_flash.o] Error 1
make: *** [Drivers/STM32F4xx_HAL_Driver/Src/subdir.mk:82: Drivers/STM32F4xx_HAL_Driver/Src/stm32f4xx_hal_dma.o] Error 1
make: *** [Drivers/STM32F4xx_HAL_Driver/Src/subdir.mk:84: Drivers/STM32F4xx_HAL_Driver/Src/stm32f4xx_hal_dma_ex.o] Error 1
make: *** [Drivers/STM32F4xx_HAL_Driver/Src/subdir.mk:90: Drivers/STM32F4xx_HAL_Driver/Src/stm32f4xx_hal_flash_ex.o] Error 1
make: *** [Drivers/STM32F4xx_HAL_Driver/Src/subdir.mk:92: Drivers/STM32F4xx_HAL_Driver/Src/stm32f4xx_hal_flash_ramfunc.o] Error 1
make: *** [Drivers/STM32F4xx_HAL_Driver/Src/subdir.mk:86: Drivers/STM32F4xx_HAL_Driver/Src/stm32f4xx_hal_exti.o] Error 1
"make -j8 all" terminated with exit code 2. Build might be incomplete.
